Archive member included because of file (symbol)

/usr/local/CrossPack-AVR-20120217/lib/gcc/avr/4.5.1/avr5/libgcc.a(_udivmodhi4.o)
                              pot.o (__udivmodhi4)
/usr/local/CrossPack-AVR-20120217/lib/gcc/avr/4.5.1/avr5/libgcc.a(_divmodhi4.o)
                              can_msg.o (__divmodhi4)
/usr/local/CrossPack-AVR-20120217/lib/gcc/avr/4.5.1/avr5/libgcc.a(_divmodsi4.o)
                              pot.o (__divmodsi4)
/usr/local/CrossPack-AVR-20120217/lib/gcc/avr/4.5.1/avr5/libgcc.a(_exit.o)
                              /usr/local/CrossPack-AVR-20120217/lib/gcc/avr/4.5.1/../../../../avr/lib/avr5/crtm16m1.o (exit)
/usr/local/CrossPack-AVR-20120217/lib/gcc/avr/4.5.1/avr5/libgcc.a(_copy_data.o)
                              can_msg.o (__do_copy_data)
/usr/local/CrossPack-AVR-20120217/lib/gcc/avr/4.5.1/avr5/libgcc.a(_clear_bss.o)
                              bigmotor_main.o (__do_clear_bss)
/usr/local/CrossPack-AVR-20120217/lib/gcc/avr/4.5.1/avr5/libgcc.a(_fixunssfsi.o)
                              can_msg.o (__fixunssfsi)
/usr/local/CrossPack-AVR-20120217/lib/gcc/avr/4.5.1/avr5/libgcc.a(_addsub_sf.o)
                              pot.o (__addsf3)
/usr/local/CrossPack-AVR-20120217/lib/gcc/avr/4.5.1/avr5/libgcc.a(_mul_sf.o)
                              can_msg.o (__mulsf3)
/usr/local/CrossPack-AVR-20120217/lib/gcc/avr/4.5.1/avr5/libgcc.a(_div_sf.o)
                              can_msg.o (__divsf3)
/usr/local/CrossPack-AVR-20120217/lib/gcc/avr/4.5.1/avr5/libgcc.a(_gt_sf.o)
                              can_msg.o (__gtsf2)
/usr/local/CrossPack-AVR-20120217/lib/gcc/avr/4.5.1/avr5/libgcc.a(_ge_sf.o)
                              /usr/local/CrossPack-AVR-20120217/lib/gcc/avr/4.5.1/avr5/libgcc.a(_fixunssfsi.o) (__gesf2)
/usr/local/CrossPack-AVR-20120217/lib/gcc/avr/4.5.1/avr5/libgcc.a(_lt_sf.o)
                              ../core/pwm.o (__ltsf2)
/usr/local/CrossPack-AVR-20120217/lib/gcc/avr/4.5.1/avr5/libgcc.a(_si_to_sf.o)
                              can_msg.o (__floatsisf)
/usr/local/CrossPack-AVR-20120217/lib/gcc/avr/4.5.1/avr5/libgcc.a(_sf_to_si.o)
                              can_msg.o (__fixsfsi)
/usr/local/CrossPack-AVR-20120217/lib/gcc/avr/4.5.1/avr5/libgcc.a(_thenan_sf.o)
                              /usr/local/CrossPack-AVR-20120217/lib/gcc/avr/4.5.1/avr5/libgcc.a(_addsub_sf.o) (__thenan_sf)
/usr/local/CrossPack-AVR-20120217/lib/gcc/avr/4.5.1/avr5/libgcc.a(_usi_to_sf.o)
                              pot.o (__floatunsisf)
/usr/local/CrossPack-AVR-20120217/lib/gcc/avr/4.5.1/avr5/libgcc.a(_udivmodsi4.o)
                              /usr/local/CrossPack-AVR-20120217/lib/gcc/avr/4.5.1/avr5/libgcc.a(_divmodsi4.o) (__udivmodsi4)
/usr/local/CrossPack-AVR-20120217/lib/gcc/avr/4.5.1/avr5/libgcc.a(_prologue.o)
                              /usr/local/CrossPack-AVR-20120217/lib/gcc/avr/4.5.1/avr5/libgcc.a(_addsub_sf.o) (__prologue_saves__)
/usr/local/CrossPack-AVR-20120217/lib/gcc/avr/4.5.1/avr5/libgcc.a(_epilogue.o)
                              /usr/local/CrossPack-AVR-20120217/lib/gcc/avr/4.5.1/avr5/libgcc.a(_addsub_sf.o) (__epilogue_restores__)
/usr/local/CrossPack-AVR-20120217/lib/gcc/avr/4.5.1/avr5/libgcc.a(_clzsi2.o)
                              /usr/local/CrossPack-AVR-20120217/lib/gcc/avr/4.5.1/avr5/libgcc.a(_si_to_sf.o) (__clzsi2)
/usr/local/CrossPack-AVR-20120217/lib/gcc/avr/4.5.1/avr5/libgcc.a(_pack_sf.o)
                              /usr/local/CrossPack-AVR-20120217/lib/gcc/avr/4.5.1/avr5/libgcc.a(_addsub_sf.o) (__pack_f)
/usr/local/CrossPack-AVR-20120217/lib/gcc/avr/4.5.1/avr5/libgcc.a(_unpack_sf.o)
                              /usr/local/CrossPack-AVR-20120217/lib/gcc/avr/4.5.1/avr5/libgcc.a(_addsub_sf.o) (__unpack_f)
/usr/local/CrossPack-AVR-20120217/lib/gcc/avr/4.5.1/avr5/libgcc.a(_fpcmp_parts_sf.o)
                              /usr/local/CrossPack-AVR-20120217/lib/gcc/avr/4.5.1/avr5/libgcc.a(_gt_sf.o) (__fpcmp_parts_f)
/usr/local/CrossPack-AVR-20120217/lib/gcc/avr/4.5.1/avr5/libgcc.a(_clz.o)
                              /usr/local/CrossPack-AVR-20120217/lib/gcc/avr/4.5.1/avr5/libgcc.a(_clzsi2.o) (__clz_tab)
/usr/local/CrossPack-AVR-20120217/lib/gcc/avr/4.5.1/../../../../avr/lib/avr5/libm.a(ceil.o)
                              ../core/pwm.o (ceil)
/usr/local/CrossPack-AVR-20120217/lib/gcc/avr/4.5.1/../../../../avr/lib/avr5/libm.a(fp_mintl.o)
                              /usr/local/CrossPack-AVR-20120217/lib/gcc/avr/4.5.1/../../../../avr/lib/avr5/libm.a(ceil.o) (__fp_mintl)
/usr/local/CrossPack-AVR-20120217/lib/gcc/avr/4.5.1/../../../../avr/lib/avr5/libm.a(fp_mpack.o)
                              /usr/local/CrossPack-AVR-20120217/lib/gcc/avr/4.5.1/../../../../avr/lib/avr5/libm.a(ceil.o) (__fp_mpack)
/usr/local/CrossPack-AVR-20120217/lib/gcc/avr/4.5.1/../../../../avr/lib/avr5/libm.a(fp_trunc.o)
                              /usr/local/CrossPack-AVR-20120217/lib/gcc/avr/4.5.1/../../../../avr/lib/avr5/libm.a(ceil.o) (__fp_trunc)
/usr/local/CrossPack-AVR-20120217/lib/gcc/avr/4.5.1/../../../../avr/lib/avr5/libm.a(fp_zero.o)
                              /usr/local/CrossPack-AVR-20120217/lib/gcc/avr/4.5.1/../../../../avr/lib/avr5/libm.a(ceil.o) (__fp_szero)
/usr/local/CrossPack-AVR-20120217/lib/gcc/avr/4.5.1/../../../../avr/lib/avr5/libm.a(round.o)
                              can_msg.o (round)
/usr/local/CrossPack-AVR-20120217/lib/gcc/avr/4.5.1/../../../../avr/lib/avr5/libm.a(fp_split3.o)
                              /usr/local/CrossPack-AVR-20120217/lib/gcc/avr/4.5.1/../../../../avr/lib/avr5/libm.a(fp_trunc.o) (__fp_splitA)

Memory Configuration

Name             Origin             Length             Attributes
text             0x00000000         0x00020000         xr
data             0x00800060         0x0000ffa0         rw !x
eeprom           0x00810000         0x00010000         rw !x
fuse             0x00820000         0x00000400         rw !x
lock             0x00830000         0x00000400         rw !x
signature        0x00840000         0x00000400         rw !x
*default*        0x00000000         0xffffffff

Linker script and memory map

Address of section .data set to 0x800100
LOAD /usr/local/CrossPack-AVR-20120217/lib/gcc/avr/4.5.1/../../../../avr/lib/avr5/crtm16m1.o
LOAD bigmotor_main.o
LOAD can_msg.o
LOAD calibrations.o
LOAD motor.o
LOAD pot.o
LOAD encoder.o
LOAD OS_Dispatch.o
LOAD adc.o
LOAD ../core/can.o
LOAD ../core/can_instance.o
LOAD ../core/can_eid.o
LOAD ../core/can_board_msg.o
LOAD ../core/can_buff.o
LOAD ../core/leds.o
LOAD ../core/pwm.o
LOAD ../core/bk_system_defs.o
LOAD ../core/OS_timers.o
LOAD ../core/configuration.o
LOAD /usr/local/CrossPack-AVR-20120217/lib/gcc/avr/4.5.1/avr5/libgcc.a
LOAD /usr/local/CrossPack-AVR-20120217/lib/gcc/avr/4.5.1/../../../../avr/lib/avr5/libm.a
LOAD /usr/local/CrossPack-AVR-20120217/lib/gcc/avr/4.5.1/avr5/libgcc.a
LOAD /usr/local/CrossPack-AVR-20120217/lib/gcc/avr/4.5.1/../../../../avr/lib/avr5/libc.a
LOAD /usr/local/CrossPack-AVR-20120217/lib/gcc/avr/4.5.1/avr5/libgcc.a

.hash
 *(.hash)

.dynsym
 *(.dynsym)

.dynstr
 *(.dynstr)

.gnu.version
 *(.gnu.version)

.gnu.version_d
 *(.gnu.version_d)

.gnu.version_r
 *(.gnu.version_r)

.rel.init
 *(.rel.init)

.rela.init
 *(.rela.init)

.rel.text
 *(.rel.text)
 *(.rel.text.*)
 *(.rel.gnu.linkonce.t*)

.rela.text
 *(.rela.text)
 *(.rela.text.*)
 *(.rela.gnu.linkonce.t*)

.rel.fini
 *(.rel.fini)

.rela.fini
 *(.rela.fini)

.rel.rodata
 *(.rel.rodata)
 *(.rel.rodata.*)
 *(.rel.gnu.linkonce.r*)

.rela.rodata
 *(.rela.rodata)
 *(.rela.rodata.*)
 *(.rela.gnu.linkonce.r*)

.rel.data
 *(.rel.data)
 *(.rel.data.*)
 *(.rel.gnu.linkonce.d*)

.rela.data
 *(.rela.data)
 *(.rela.data.*)
 *(.rela.gnu.linkonce.d*)

.rel.ctors
 *(.rel.ctors)

.rela.ctors
 *(.rela.ctors)

.rel.dtors
 *(.rel.dtors)

.rela.dtors
 *(.rela.dtors)

.rel.got
 *(.rel.got)

.rela.got
 *(.rela.got)

.rel.bss
 *(.rel.bss)

.rela.bss
 *(.rela.bss)

.rel.plt
 *(.rel.plt)

.rela.plt
 *(.rela.plt)

.text           0x00000000     0x49b4
 *(.vectors)
 .vectors       0x00000000       0x7c /usr/local/CrossPack-AVR-20120217/lib/gcc/avr/4.5.1/../../../../avr/lib/avr5/crtm16m1.o
                0x00000000                __vectors
                0x00000000                __vector_default
 *(.vectors)
 *(.progmem.gcc*)
 *(.progmem*)
 .progmem.data  0x0000007c       0x10 ../core/can_board_msg.o
                0x0000007c                BoardDescription
                0x0000008c                . = ALIGN (0x2)
                0x0000008c                __trampolines_start = .
 *(.trampolines)
 .trampolines   0x0000008c        0x0 linker stubs
 *(.trampolines*)
                0x0000008c                __trampolines_end = .
 *(.jumptables)
 *(.jumptables*)
 *(.lowtext)
 *(.lowtext*)
                0x0000008c                __ctors_start = .
 *(.ctors)
                0x0000008c                __ctors_end = .
                0x0000008c                __dtors_start = .
 *(.dtors)
                0x0000008c                __dtors_end = .
 SORT(*)(.ctors)
 SORT(*)(.dtors)
 *(.init0)
 .init0         0x0000008c        0x0 /usr/local/CrossPack-AVR-20120217/lib/gcc/avr/4.5.1/../../../../avr/lib/avr5/crtm16m1.o
                0x0000008c                __init
 *(.init0)
 *(.init1)
 *(.init1)
 *(.init2)
 .init2         0x0000008c        0xc /usr/local/CrossPack-AVR-20120217/lib/gcc/avr/4.5.1/../../../../avr/lib/avr5/crtm16m1.o
 *(.init2)
 *(.init3)
 *(.init3)
 *(.init4)
 .init4         0x00000098       0x16 /usr/local/CrossPack-AVR-20120217/lib/gcc/avr/4.5.1/avr5/libgcc.a(_copy_data.o)
                0x00000098                __do_copy_data
 .init4         0x000000ae       0x10 /usr/local/CrossPack-AVR-20120217/lib/gcc/avr/4.5.1/avr5/libgcc.a(_clear_bss.o)
                0x000000ae                __do_clear_bss
 *(.init4)
 *(.init5)
 *(.init5)
 *(.init6)
 *(.init6)
 *(.init7)
 *(.init7)
 *(.init8)
 *(.init8)
 *(.init9)
 .init9         0x000000be        0x8 /usr/local/CrossPack-AVR-20120217/lib/gcc/avr/4.5.1/../../../../avr/lib/avr5/crtm16m1.o
 *(.init9)
 *(.text)
 .text          0x000000c6        0x4 /usr/local/CrossPack-AVR-20120217/lib/gcc/avr/4.5.1/../../../../avr/lib/avr5/crtm16m1.o
                0x000000c6                __vector_20
                0x000000c6                __vector_1
                0x000000c6                __vector_24
                0x000000c6                __vector_12
                0x000000c6                __bad_interrupt
                0x000000c6                __vector_6
                0x000000c6                __vector_3
                0x000000c6                __vector_23
                0x000000c6                __vector_30
                0x000000c6                __vector_25
                0x000000c6                __vector_11
                0x000000c6                __vector_13
                0x000000c6                __vector_17
                0x000000c6                __vector_19
                0x000000c6                __vector_7
                0x000000c6                __vector_5
                0x000000c6                __vector_4
                0x000000c6                __vector_9
                0x000000c6                __vector_2
                0x000000c6                __vector_21
                0x000000c6                __vector_29
                0x000000c6                __vector_8
                0x000000c6                __vector_26
                0x000000c6                __vector_14
                0x000000c6                __vector_10
                0x000000c6                __vector_16
                0x000000c6                __vector_28
 .text          0x000000ca      0x192 bigmotor_main.o
                0x000000ca                _Z24can_prep_eeprom_dump_msgP4sCANPh
                0x00000190                _Z25can_prep_eeprom_dump1_msgv
                0x000001b0                _Z25can_prep_eeprom_dump2_msgv
                0x000001d0                _Z25can_prep_eeprom_dump3_msgv
                0x000001f0                _Z4initv
                0x0000023e                main
 .text          0x0000025c      0xa00 can_msg.o
                0x0000025c                _Z17extract_float_msgPh
                0x0000029c                _Z15extract_word_bePh
                0x000002be                _Z15extract_word_lePh
                0x000002e0                _Z19extract_long_int_bePh
                0x00000342                _Z19extract_long_int_lePh
                0x00000394                _Z17can_proc_tilt_msgP4sCAN
                0x00000402                _Z21can_proc_set_stop_msgP4sCAN
                0x0000049c                _Z26can_proc_move_to_angle_msgP4sCAN
                0x00000508                _Z23can_proc_move_speed_msgP4sCAN
                0x000005ae                _Z23can_proc_stop_motor_msgP4sCAN
                0x00000616                _Z28can_proc_move_dual_speed_msgP4sCAN
                0x000006aa                _Z29can_proc_max_acceleration_msgP4sCAN
                0x000006ac                _Z13can_prep_stopP4sCANh
                0x00000754                _Z16can_file_messageP4sCAN
                0x000009e8                _Z20can_prep_motor_angleP4sCAN
                0x00000a28                _Z25can_prep_motor_values_rawP4sCAN
                0x00000b3a                _Z20can_prep_motor_speedP4sCAN11float_array
                0x00000bd8                _Z20can_prep_motor_accelP4sCAN11float_array
                0x00000c2c                _Z21can_prep_motor_statusP4sCAN
 .text          0x00000c5c      0x2fc calibrations.o
                0x00000c5c                _Z25app_default_configurationv
                0x00000c80                _Z13config_changeh
                0x00000c9e                _Z17save_stops_eepromPh
                0x00000d00                _Z17read_stops_eepromPh
                0x00000d54                _Z29save_currentThresholds_eepromPh
                0x00000db0                _Z29read_currentThresholds_eepromPh
                0x00000dfc                _Z27save_latest_position_eepromPh
                0x00000e78                _Z8save_calv
                0x00000e8a                _Z27read_latest_position_eepromPh
                0x00000f02                _Z8read_calv
                0x00000f14                _Z13getReportRatev
 .text          0x00000f58      0x2de motor.o
                0x00000f58                _Z16SetBaseFrequencyv
                0x00000fb8                _Z10motor_initv
                0x00000fd0                _Z15get_motor_anglev
                0x00000fec                _Z12motor_enableh
                0x00001000                _Z11motor_brakev
                0x00001024                _Z10motor_stopv
                0x0000102e                _Z11stop_actionh
                0x00001040                _Z11motor_coastf
                0x0000106c                _Z19set_motor_directionh
                0x0000107c                _Z14motor_set_dutyfh
                0x000010d4                _Z20motor_timeslice_10msv
 .text          0x00001236      0x77e pot.o
                0x00001236                _Z8pot_initv
                0x000012aa                _Z13pot_timeslicev
                0x000012f4                _Z7get_potv
                0x000012fe                _Z27get_distance_to_destinationv
                0x00001316                _Z28get_direction_to_destinationv
                0x0000134a                _Z17compute_pot_speedv
                0x00001378                _Z24compute_pot_accelerationv
                0x000013a6                _Z11pot_percentv
                0x00001400                _Z16convert_to_anglet
                0x000014c6                _Z13get_pot_anglev
                0x000014d8                _Z21convert_to_fixedpointf
                0x000014ea                _Z16convert_to_valuel
                0x000015c0                _Z21compute_default_stopsv
                0x00001602                _Z13compute_rangev
                0x00001658                _Z18get_min_stop_valuev
                0x00001674                _Z18get_min_stop_anglev
                0x000016a8                _Z18get_max_stop_valuev
                0x000016c4                _Z18get_max_stop_anglev
                0x000016f8                _Z20order_stops_by_valuev
                0x00001760                _Z20order_stops_by_anglev
                0x000017f2                _Z11check_stopst
                0x0000189c                _Z11check_stalltt
                0x000018bc                _Z19destination_reachedv
 .text          0x000019b4      0x140 encoder.o
                0x000019b4                __vector_22
                0x00001a14                _Z12encoder_initv
                0x00001a30                _Z15encoder_disablev
                0x00001a46                _Z17encoder_timeslicev
                0x00001aec                _Z17get_encoder_anglev
 .text          0x00001af4       0x7a OS_Dispatch.o
                0x00001af4                _Z11OS_Dispatchv
 .text          0x00001b6e      0x27a adc.o
                0x00001b6e                __vector_27
                0x00001d04                _Z9adc_sleepv
                0x00001d10                _Z8adc_initv
                0x00001d38                _Z14start_samplingv
                0x00001d4a                _Z36calc_load_current_from_sense_currentt
                0x00001d7e                _Z15convert_to_ampst
                0x00001d80                _Z17read_current_leftv
                0x00001db4                _Z18read_current_rightv
 .text          0x00001de8      0x790 ../core/can.o
                0x00001de8                _Z15set_rx_callbackPFvP4sCANE
                0x00001df2                _Z15set_tx_callbackPFvvE
                0x00001dfc                _Z26can_add_instance_to_filterht
                0x00001e5c                _Z31can_remove_instance_from_filterh
                0x00001e80                _Z10can_set_idh6idType
                0x00001ee0                _Z20can_add_id_to_filterhtt
                0x00001fa8                _Z25can_remove_id_from_filterh
                0x00001fd4                _Z12can_set_maskhss
                0x00001ff4                _Z11can_set_taghss
                0x00002014                _Z21can_setup_receive_mobhssh
                0x00002070                _Z13can_init_mobsv
                0x00002120                _Z15can_disable_mobh
                0x00002138                _Z15can_retrieve_idP4sCAN
                0x000021a6                _Z17can_retrieve_dataP4sCAN
                0x000021e8                __vector_18
                0x00002336                _Z20can_send_msg_no_waithP4sCAN
                0x0000239c                _Z12can_send_msghP4sCAN
                0x000023aa                _Z17can_get_timestampv
                0x000023c0                _Z11can_get_msgP4sCAN
                0x000023f2                _Z8set_baudh
                0x00002436                _Z8can_inith
                0x00002472                _Z15can_set_baud_1Mh
                0x0000249c                _Z17can_set_baud_500Kh
                0x000024c8                _Z17can_set_baud_250Kh
                0x000024f4                _Z17can_set_baud_200Kh
                0x00002520                _Z17can_set_baud_125Kh
                0x0000254c                _Z17can_set_baud_100Kh
 .text          0x00002578      0x2ac ../core/can_instance.o
                0x00002578                _Z22random_number_adc_initv
                0x00002590                _Z18pick_random_numberv
                0x000025e4                _Z24setup_instance_claim_mobv
                0x0000260a                _Z17can_instance_initv
                0x00002672                _Z25can_prep_instance_requestP4sCANh
                0x000026ba                _Z22can_instance_timeslicev
                0x000027e2                _Z23can_prep_instance_queryP4sCAN
                0x00002810                _Z28can_process_instance_requestP4sCAN
 .text          0x00002824       0x60 ../core/can_eid.o
                0x00002824                _Z14create_CAN_eidth
                0x00002830                _Z14create_CAN_eidhth
                0x0000283e                _Z9get_block6idType
                0x00002842                _Z12get_instance6idType
                0x00002846                _Z6get_id6idType
                0x0000284c                _Z5match6idTypeS_
                0x0000285e                _Z11block_match6idTypeS_
                0x00002866                _Z8id_match6idTypeS_
                0x0000287c                _Z14instance_match6idTypeh
 .text          0x00002884      0x4d8 ../core/can_board_msg.o
                0x00002884                _Z22set_configure_callbackPFvhE
                0x0000288e                _Z27can_prep_board_presence_msgP4sCAN
                0x000028cc                _Z27can_prep_board_revision_msgP4sCAN
                0x00002908                _Z26can_prep_serial_number_msgP4sCAN
                0x00002944                _Z30can_prep_board_description_msgP4sCAN
                0x00002990                _Z24can_board_presence_replyv
                0x000029f6                _Z19can_board_timeslicev
                0x00002ac0                _Z18can_prep_configureP4sCAN
                0x00002b00                _Z23can_board_msg_responderP4sCAN
 .text          0x00002d5c      0x1e0 ../core/can_buff.o
                0x00002d5c                _Z11FindMailBox6idType
                0x00002dc8                _Z12copy_can_msgP4sCANS0_
                0x00002de0                _Z16addNormalHistoryP4sCAN
                0x00002e1c                _Z17addMailboxHistoryP4sCAN
                0x00002e9c                _Z12QueueMessageP4sCAN
                0x00002eb0                _Z15RetrieveMessagev
                0x00002f04                _Z13GetMessagePtrh
                0x00002f26                _Z15CAN_Q_Timeslicev
 .text          0x00002f3c      0x1d8 ../core/leds.o
                0x00002f3c                _Z9init_ledsv
                0x00002f4e                _Z16protected_led_onh
                0x00002f60                _Z17protected_led_offh
                0x00002f72                _Z11strobe_ledsh
                0x00002fd4                _Z6led_onh
                0x00002fe2                _Z7led_offh
                0x00002ff0                _Z17protected_set_ledhh
                0x00003000                _Z7set_ledhh
                0x0000300e                _Z19protected_show_bytehh
                0x00003036                _Z9show_bytehh
                0x00003048                _Z18show_result_toggleh
                0x0000307c                _Z21can_parse_led_requestP4sCAN
                0x000030b8                _Z19led_timeslice_100msv
 .text          0x00003114      0x384 ../core/pwm.o
                0x00003114                _Z11OCR1A_Writej
                0x00003124                _Z11OCR1B_Writej
                0x00003134                _Z13get_top_valuef
                0x00003176                _Z7set_topt
                0x00003188                _Z16select_prescalerf
                0x00003264                _Z20get_tccr1b_prescalert
                0x000032a4                _Z17set_base_PWM_freqf
                0x000032f4                _Z8pwm_initfhh
                0x000033a8                _Z13set_polarityAh
                0x000033c6                _Z13set_polarityBh
                0x000033e4                _Z9set_dutyAf
                0x0000343e                _Z9set_dutyBf
 .text          0x00003498       0x88 ../core/bk_system_defs.o
                0x00003498                _Z5delayl
                0x00003508                _Z9chip_initv
 .text          0x00003520      0x162 ../core/OS_timers.o
                0x00003520                _Z11OS_InitTaskv
                0x0000353a                _Z13Enter_HS_Modev
                0x00003542                _Z17Enter_Normal_Modev
                0x00003548                _Z15System_Dispatchv
                0x000035a4                __vector_15
                0x00003668                _Z11OS_tmr_initv
 .text          0x00003682      0x282 ../core/configuration.o
                0x00003682                _Z27can_parse_configure_requestP4sCAN
                0x000036da                _Z21default_configurationv
                0x00003706                _Z11config_initv
                0x00003718                _Z20save_instance_numberPh
                0x0000373c                _Z20read_instance_numberPh
                0x00003756                _Z21save_confirmed_statusPh
                0x0000377a                _Z21read_confirmed_statusPh
                0x00003794                _Z25save_configuration_eepromPh
                0x0000383e                _Z18save_configurationv
                0x00003850                _Z21save_configuration_div
                0x00003858                _Z21make_system_new_boardt
                0x0000387a                _Z25read_configuration_eepromPh
                0x000038f2                _Z18read_configurationv
 .text          0x00003904        0x0 /usr/local/CrossPack-AVR-20120217/lib/gcc/avr/4.5.1/avr5/libgcc.a(_udivmodhi4.o)
 .text          0x00003904        0x0 /usr/local/CrossPack-AVR-20120217/lib/gcc/avr/4.5.1/avr5/libgcc.a(_divmodhi4.o)
 .text          0x00003904        0x0 /usr/local/CrossPack-AVR-20120217/lib/gcc/avr/4.5.1/avr5/libgcc.a(_divmodsi4.o)
 .text          0x00003904        0x0 /usr/local/CrossPack-AVR-20120217/lib/gcc/avr/4.5.1/avr5/libgcc.a(_exit.o)
 .text          0x00003904        0x0 /usr/local/CrossPack-AVR-20120217/lib/gcc/avr/4.5.1/avr5/libgcc.a(_copy_data.o)
 .text          0x00003904        0x0 /usr/local/CrossPack-AVR-20120217/lib/gcc/avr/4.5.1/avr5/libgcc.a(_clear_bss.o)
 .text          0x00003904       0x58 /usr/local/CrossPack-AVR-20120217/lib/gcc/avr/4.5.1/avr5/libgcc.a(_fixunssfsi.o)
                0x00003904                __fixunssfsi
 .text          0x0000395c      0x350 /usr/local/CrossPack-AVR-20120217/lib/gcc/avr/4.5.1/avr5/libgcc.a(_addsub_sf.o)
                0x00003bf0                __addsf3
                0x00003c4a                __subsf3
 .text          0x00003cac      0x1f4 /usr/local/CrossPack-AVR-20120217/lib/gcc/avr/4.5.1/avr5/libgcc.a(_mul_sf.o)
                0x00003cac                __mulsf3
 .text          0x00003ea0      0x15c /usr/local/CrossPack-AVR-20120217/lib/gcc/avr/4.5.1/avr5/libgcc.a(_div_sf.o)
                0x00003ea0                __divsf3
 .text          0x00003ffc       0x60 /usr/local/CrossPack-AVR-20120217/lib/gcc/avr/4.5.1/avr5/libgcc.a(_gt_sf.o)
                0x00003ffc                __gtsf2
 .text          0x0000405c       0x60 /usr/local/CrossPack-AVR-20120217/lib/gcc/avr/4.5.1/avr5/libgcc.a(_ge_sf.o)
                0x0000405c                __gesf2
 .text          0x000040bc       0x60 /usr/local/CrossPack-AVR-20120217/lib/gcc/avr/4.5.1/avr5/libgcc.a(_lt_sf.o)
                0x000040bc                __ltsf2
 .text          0x0000411c       0xc0 /usr/local/CrossPack-AVR-20120217/lib/gcc/avr/4.5.1/avr5/libgcc.a(_si_to_sf.o)
                0x0000411c                __floatsisf
 .text          0x000041dc       0xa4 /usr/local/CrossPack-AVR-20120217/lib/gcc/avr/4.5.1/avr5/libgcc.a(_sf_to_si.o)
                0x000041dc                __fixsfsi
 .text          0x00004280        0x0 /usr/local/CrossPack-AVR-20120217/lib/gcc/avr/4.5.1/avr5/libgcc.a(_thenan_sf.o)
 .text          0x00004280       0xf0 /usr/local/CrossPack-AVR-20120217/lib/gcc/avr/4.5.1/avr5/libgcc.a(_usi_to_sf.o)
                0x00004280                __floatunsisf
 .text          0x00004370        0x0 /usr/local/CrossPack-AVR-20120217/lib/gcc/avr/4.5.1/avr5/libgcc.a(_udivmodsi4.o)
 .text          0x00004370        0x0 /usr/local/CrossPack-AVR-20120217/lib/gcc/avr/4.5.1/avr5/libgcc.a(_prologue.o)
 .text          0x00004370        0x0 /usr/local/CrossPack-AVR-20120217/lib/gcc/avr/4.5.1/avr5/libgcc.a(_epilogue.o)
 .text          0x00004370       0xb4 /usr/local/CrossPack-AVR-20120217/lib/gcc/avr/4.5.1/avr5/libgcc.a(_clzsi2.o)
                0x00004370                __clzsi2
 .text          0x00004424      0x19a /usr/local/CrossPack-AVR-20120217/lib/gcc/avr/4.5.1/avr5/libgcc.a(_pack_sf.o)
                0x00004424                __pack_f
 .text          0x000045be       0xd2 /usr/local/CrossPack-AVR-20120217/lib/gcc/avr/4.5.1/avr5/libgcc.a(_unpack_sf.o)
                0x000045be                __unpack_f
 .text          0x00004690       0xb2 /usr/local/CrossPack-AVR-20120217/lib/gcc/avr/4.5.1/avr5/libgcc.a(_fpcmp_parts_sf.o)
                0x00004690                __fpcmp_parts_f
 .text          0x00004742        0x0 /usr/local/CrossPack-AVR-20120217/lib/gcc/avr/4.5.1/avr5/libgcc.a(_clz.o)
 .text          0x00004742        0x0 /usr/local/CrossPack-AVR-20120217/lib/gcc/avr/4.5.1/../../../../avr/lib/avr5/libm.a(ceil.o)
 .text          0x00004742        0x0 /usr/local/CrossPack-AVR-20120217/lib/gcc/avr/4.5.1/../../../../avr/lib/avr5/libm.a(fp_mintl.o)
 .text          0x00004742        0x0 /usr/local/CrossPack-AVR-20120217/lib/gcc/avr/4.5.1/../../../../avr/lib/avr5/libm.a(fp_mpack.o)
 .text          0x00004742        0x0 /usr/local/CrossPack-AVR-20120217/lib/gcc/avr/4.5.1/../../../../avr/lib/avr5/libm.a(fp_trunc.o)
 .text          0x00004742        0x0 /usr/local/CrossPack-AVR-20120217/lib/gcc/avr/4.5.1/../../../../avr/lib/avr5/libm.a(fp_zero.o)
 .text          0x00004742        0x0 /usr/local/CrossPack-AVR-20120217/lib/gcc/avr/4.5.1/../../../../avr/lib/avr5/libm.a(round.o)
 .text          0x00004742        0x0 /usr/local/CrossPack-AVR-20120217/lib/gcc/avr/4.5.1/../../../../avr/lib/avr5/libm.a(fp_split3.o)
                0x00004742                . = ALIGN (0x2)
 *(.text.*)
 .text.libgcc   0x00004742       0x28 /usr/local/CrossPack-AVR-20120217/lib/gcc/avr/4.5.1/avr5/libgcc.a(_udivmodhi4.o)
                0x00004742                __udivmodhi4
 .text.libgcc   0x0000476a       0x26 /usr/local/CrossPack-AVR-20120217/lib/gcc/avr/4.5.1/avr5/libgcc.a(_divmodhi4.o)
                0x0000476a                __divmodhi4
                0x0000476a                _div
 .text.libgcc   0x00004790       0x36 /usr/local/CrossPack-AVR-20120217/lib/gcc/avr/4.5.1/avr5/libgcc.a(_divmodsi4.o)
                0x00004790                __divmodsi4
 .text.libgcc   0x000047c6        0x0 /usr/local/CrossPack-AVR-20120217/lib/gcc/avr/4.5.1/avr5/libgcc.a(_exit.o)
 .text.libgcc   0x000047c6        0x0 /usr/local/CrossPack-AVR-20120217/lib/gcc/avr/4.5.1/avr5/libgcc.a(_copy_data.o)
 .text.libgcc   0x000047c6        0x0 /usr/local/CrossPack-AVR-20120217/lib/gcc/avr/4.5.1/avr5/libgcc.a(_clear_bss.o)
 .text.libgcc   0x000047c6       0x44 /usr/local/CrossPack-AVR-20120217/lib/gcc/avr/4.5.1/avr5/libgcc.a(_udivmodsi4.o)
                0x000047c6                __udivmodsi4
 .text.libgcc   0x0000480a       0x38 /usr/local/CrossPack-AVR-20120217/lib/gcc/avr/4.5.1/avr5/libgcc.a(_prologue.o)
                0x0000480a                __prologue_saves__
 .text.libgcc   0x00004842       0x36 /usr/local/CrossPack-AVR-20120217/lib/gcc/avr/4.5.1/avr5/libgcc.a(_epilogue.o)
                0x00004842                __epilogue_restores__
 .text.avr-libc.fplib
                0x00004878       0x26 /usr/local/CrossPack-AVR-20120217/lib/gcc/avr/4.5.1/../../../../avr/lib/avr5/libm.a(ceil.o)
                0x00004878                ceil
 .text.avr-libc.fplib
                0x0000489e       0x36 /usr/local/CrossPack-AVR-20120217/lib/gcc/avr/4.5.1/../../../../avr/lib/avr5/libm.a(fp_mintl.o)
                0x0000489e                __fp_mintl
 .text.avr-libc.fplib
                0x000048d4       0x1c /usr/local/CrossPack-AVR-20120217/lib/gcc/avr/4.5.1/../../../../avr/lib/avr5/libm.a(fp_mpack.o)
                0x000048d4                __fp_mpack
                0x000048d8                __fp_mpack_finite
 .text.avr-libc.fplib
                0x000048f0       0x2e /usr/local/CrossPack-AVR-20120217/lib/gcc/avr/4.5.1/../../../../avr/lib/avr5/libm.a(fp_trunc.o)
                0x000048f0                __fp_trunc
 .text.avr-libc.fplib
                0x0000491e        0xe /usr/local/CrossPack-AVR-20120217/lib/gcc/avr/4.5.1/../../../../avr/lib/avr5/libm.a(fp_zero.o)
                0x0000491e                __fp_zero
                0x00004920                __fp_szero
 .text.avr-libc.fplib
                0x0000492c       0x40 /usr/local/CrossPack-AVR-20120217/lib/gcc/avr/4.5.1/../../../../avr/lib/avr5/libm.a(round.o)
                0x0000492c                round
 .text.avr-libc.fplib
                0x0000496c       0x44 /usr/local/CrossPack-AVR-20120217/lib/gcc/avr/4.5.1/../../../../avr/lib/avr5/libm.a(fp_split3.o)
                0x0000496c                __fp_split3
                0x0000497c                __fp_splitA
                0x000049b0                . = ALIGN (0x2)
 *(.fini9)
 .fini9         0x000049b0        0x0 /usr/local/CrossPack-AVR-20120217/lib/gcc/avr/4.5.1/avr5/libgcc.a(_exit.o)
                0x000049b0                exit
                0x000049b0                _exit
 *(.fini9)
 *(.fini8)
 *(.fini8)
 *(.fini7)
 *(.fini7)
 *(.fini6)
 *(.fini6)
 *(.fini5)
 *(.fini5)
 *(.fini4)
 *(.fini4)
 *(.fini3)
 *(.fini3)
 *(.fini2)
 *(.fini2)
 *(.fini1)
 *(.fini1)
 *(.fini0)
 .fini0         0x000049b0        0x4 /usr/local/CrossPack-AVR-20120217/lib/gcc/avr/4.5.1/avr5/libgcc.a(_exit.o)
 *(.fini0)
                0x000049b4                _etext = .

.data           0x00800100      0x11e load address 0x000049b4
                0x00800100                PROVIDE (__data_start, .)
 *(.data)
 .data          0x00800100        0x0 /usr/local/CrossPack-AVR-20120217/lib/gcc/avr/4.5.1/../../../../avr/lib/avr5/crtm16m1.o
 .data          0x00800100        0x0 bigmotor_main.o
 .data          0x00800100        0x1 can_msg.o
                0x00800100                size
 .data          0x00800101        0x4 calibrations.o
                0x00800101                current_1_threshold
                0x00800103                current_2_threshold
 .data          0x00800105        0x2 motor.o
                0x00800105                ReportCounter
 .data          0x00800107        0x0 pot.o
 .data          0x00800107        0x0 encoder.o
 .data          0x00800107        0x0 OS_Dispatch.o
 .data          0x00800107        0x4 adc.o
                0x00800107                dK
 .data          0x0080010b        0x0 ../core/can.o
 .data          0x0080010b        0x1 ../core/can_instance.o
                0x0080010b                LastReceivedInstance
 .data          0x0080010c        0x0 ../core/can_eid.o
 .data          0x0080010c        0x2 ../core/can_board_msg.o
                0x0080010c                Board_presence_delay
 .data          0x0080010e        0x0 ../core/can_buff.o
 .data          0x0080010e        0x4 ../core/leds.o
                0x0080010e                hi_low
 .data          0x00800112        0x3 ../core/pwm.o
                0x00800112                Prescaler
                0x00800113                TOP
 .data          0x00800115        0x0 ../core/bk_system_defs.o
 .data          0x00800115        0x0 ../core/OS_timers.o
 .data          0x00800115        0x0 ../core/configuration.o
 .data          0x00800115        0x0 /usr/local/CrossPack-AVR-20120217/lib/gcc/avr/4.5.1/avr5/libgcc.a(_udivmodhi4.o)
 .data          0x00800115        0x0 /usr/local/CrossPack-AVR-20120217/lib/gcc/avr/4.5.1/avr5/libgcc.a(_divmodhi4.o)
 .data          0x00800115        0x0 /usr/local/CrossPack-AVR-20120217/lib/gcc/avr/4.5.1/avr5/libgcc.a(_divmodsi4.o)
 .data          0x00800115        0x0 /usr/local/CrossPack-AVR-20120217/lib/gcc/avr/4.5.1/avr5/libgcc.a(_exit.o)
 .data          0x00800115        0x0 /usr/local/CrossPack-AVR-20120217/lib/gcc/avr/4.5.1/avr5/libgcc.a(_copy_data.o)
 .data          0x00800115        0x0 /usr/local/CrossPack-AVR-20120217/lib/gcc/avr/4.5.1/avr5/libgcc.a(_clear_bss.o)
 .data          0x00800115        0x0 /usr/local/CrossPack-AVR-20120217/lib/gcc/avr/4.5.1/avr5/libgcc.a(_fixunssfsi.o)
 .data          0x00800115        0x0 /usr/local/CrossPack-AVR-20120217/lib/gcc/avr/4.5.1/avr5/libgcc.a(_addsub_sf.o)
 .data          0x00800115        0x0 /usr/local/CrossPack-AVR-20120217/lib/gcc/avr/4.5.1/avr5/libgcc.a(_mul_sf.o)
 .data          0x00800115        0x0 /usr/local/CrossPack-AVR-20120217/lib/gcc/avr/4.5.1/avr5/libgcc.a(_div_sf.o)
 .data          0x00800115        0x0 /usr/local/CrossPack-AVR-20120217/lib/gcc/avr/4.5.1/avr5/libgcc.a(_gt_sf.o)
 .data          0x00800115        0x0 /usr/local/CrossPack-AVR-20120217/lib/gcc/avr/4.5.1/avr5/libgcc.a(_ge_sf.o)
 .data          0x00800115        0x0 /usr/local/CrossPack-AVR-20120217/lib/gcc/avr/4.5.1/avr5/libgcc.a(_lt_sf.o)
 .data          0x00800115        0x0 /usr/local/CrossPack-AVR-20120217/lib/gcc/avr/4.5.1/avr5/libgcc.a(_si_to_sf.o)
 .data          0x00800115        0x0 /usr/local/CrossPack-AVR-20120217/lib/gcc/avr/4.5.1/avr5/libgcc.a(_sf_to_si.o)
 .data          0x00800115        0x8 /usr/local/CrossPack-AVR-20120217/lib/gcc/avr/4.5.1/avr5/libgcc.a(_thenan_sf.o)
                0x00800115                __thenan_sf
 .data          0x0080011d        0x0 /usr/local/CrossPack-AVR-20120217/lib/gcc/avr/4.5.1/avr5/libgcc.a(_usi_to_sf.o)
 .data          0x0080011d        0x0 /usr/local/CrossPack-AVR-20120217/lib/gcc/avr/4.5.1/avr5/libgcc.a(_udivmodsi4.o)
 .data          0x0080011d        0x0 /usr/local/CrossPack-AVR-20120217/lib/gcc/avr/4.5.1/avr5/libgcc.a(_prologue.o)
 .data          0x0080011d        0x0 /usr/local/CrossPack-AVR-20120217/lib/gcc/avr/4.5.1/avr5/libgcc.a(_epilogue.o)
 .data          0x0080011d        0x0 /usr/local/CrossPack-AVR-20120217/lib/gcc/avr/4.5.1/avr5/libgcc.a(_clzsi2.o)
 .data          0x0080011d        0x0 /usr/local/CrossPack-AVR-20120217/lib/gcc/avr/4.5.1/avr5/libgcc.a(_pack_sf.o)
 .data          0x0080011d        0x0 /usr/local/CrossPack-AVR-20120217/lib/gcc/avr/4.5.1/avr5/libgcc.a(_unpack_sf.o)
 .data          0x0080011d        0x0 /usr/local/CrossPack-AVR-20120217/lib/gcc/avr/4.5.1/avr5/libgcc.a(_fpcmp_parts_sf.o)
 .data          0x0080011d      0x100 /usr/local/CrossPack-AVR-20120217/lib/gcc/avr/4.5.1/avr5/libgcc.a(_clz.o)
                0x0080011d                __clz_tab
 .data          0x0080021d        0x0 /usr/local/CrossPack-AVR-20120217/lib/gcc/avr/4.5.1/../../../../avr/lib/avr5/libm.a(ceil.o)
 .data          0x0080021d        0x0 /usr/local/CrossPack-AVR-20120217/lib/gcc/avr/4.5.1/../../../../avr/lib/avr5/libm.a(fp_mintl.o)
 .data          0x0080021d        0x0 /usr/local/CrossPack-AVR-20120217/lib/gcc/avr/4.5.1/../../../../avr/lib/avr5/libm.a(fp_mpack.o)
 .data          0x0080021d        0x0 /usr/local/CrossPack-AVR-20120217/lib/gcc/avr/4.5.1/../../../../avr/lib/avr5/libm.a(fp_trunc.o)
 .data          0x0080021d        0x0 /usr/local/CrossPack-AVR-20120217/lib/gcc/avr/4.5.1/../../../../avr/lib/avr5/libm.a(fp_zero.o)
 .data          0x0080021d        0x0 /usr/local/CrossPack-AVR-20120217/lib/gcc/avr/4.5.1/../../../../avr/lib/avr5/libm.a(round.o)
 .data          0x0080021d        0x0 /usr/local/CrossPack-AVR-20120217/lib/gcc/avr/4.5.1/../../../../avr/lib/avr5/libm.a(fp_split3.o)
 *(.data*)
 *(.rodata)
 *(.rodata*)
 *(.gnu.linkonce.d*)
                0x0080021e                . = ALIGN (0x2)
 *fill*         0x0080021d        0x1 00
                0x0080021e                _edata = .
                0x0080021e                PROVIDE (__data_end, .)

.bss            0x0080021e      0x127
                0x0080021e                PROVIDE (__bss_start, .)
 *(.bss)
 .bss           0x0080021e        0x0 /usr/local/CrossPack-AVR-20120217/lib/gcc/avr/4.5.1/../../../../avr/lib/avr5/crtm16m1.o
 .bss           0x0080021e        0x3 bigmotor_main.o
                0x0080021e                ResetReason
                0x0080021f                prevPosition
 .bss           0x00800221        0x0 can_msg.o
 .bss           0x00800221       0x12 calibrations.o
                0x00800221                EndPoint1
                0x00800227                EndPoint2
                0x0080022d                Range
 .bss           0x00800233        0x5 motor.o
                0x00800233                MotorDutyRequest
                0x00800237                MotorState
 .bss           0x00800238       0x25 pot.o
                0x00800238                PotSpeed
                0x0080023c                PotAcceleration
                0x00800240                minStop
                0x00800246                maxStop
                0x0080024c                Destination
 .bss           0x0080025d       0x13 encoder.o
                0x0080025d                EncoderCountPrev
                0x0080025f                EncoderCount
                0x00800261                EncoderSpeed
                0x00800265                EncoderSpeedPrev
                0x00800269                EncoderAcceleration
                0x0080026d                prev_q1
                0x0080026e                prev_q2
                0x0080026f                prev_direction
 .bss           0x00800270        0x2 OS_Dispatch.o
                0x00800270                t
 .bss           0x00800272       0x16 adc.o
                0x00800272                LeftCurrentSampleAvg
                0x00800276                RightCurrentSampleAvg
                0x0080027a                LeftCurrentSample
                0x0080027c                RightCurrentSample
                0x0080027e                PotSample
                0x00800282                next_channel
                0x00800283                sample_counter
                0x00800284                Ioffset
 .bss           0x00800288       0x3b ../core/can.o
                0x00800288                msg1
                0x00800297                msg2
                0x008002a6                LastReceivedMsg
                0x008002b5                NewMessageReceivedFlag
                0x008002b6                TransmittedSuccesfully
                0x008002b7                data
                0x008002bf                rx_call_back
                0x008002c1                tx_call_back
 .bss           0x008002c3        0xa ../core/can_instance.o
                0x008002c3                MyInstance
                0x008002c4                Confirmed
                0x008002c5                init_complete
                0x008002c6                rand_delay
                0x008002c8                rand_instance
                0x008002c9                timeout_10ms_mult
                0x008002cb                init_path
                0x008002cc                ts_state
 .bss           0x008002cd        0x0 ../core/can_eid.o
 .bss           0x008002cd        0x8 ../core/can_board_msg.o
                0x008002cd                BoardStatus
                0x008002ce                MappedBlock
                0x008002cf                Starting_Index
                0x008002d0                System_Send_Status
                0x008002d1                ShutDownState
                0x008002d2                config_call_back
                0x008002d4                Board_presence_response_type
 .bss           0x008002d5       0x5c ../core/can_buff.o
                0x008002d5                Received
                0x0080032f                RxHead
                0x00800330                RxTail
 .bss           0x00800331        0x3 ../core/leds.o
                0x00800331                System_LED_Control
                0x00800333                LED_state
 .bss           0x00800334        0x0 ../core/pwm.o
 .bss           0x00800334        0x4 ../core/bk_system_defs.o
                0x00800334                time_delay
 .bss           0x00800338        0x8 ../core/OS_timers.o
                0x00800338                OS_Event_HSTIC_Counter
                0x0080033a                OS_Event_TIC_Counter
                0x0080033c                OS_Timer_Event_Flag
                0x0080033e                OS_HighSpeedSampling
 .bss           0x00800340        0x5 ../core/configuration.o
                0x00800340                config_byte_1
                0x00800341                config_byte_2
                0x00800342                config_byte_3
                0x00800343                config_byte_4
                0x00800344                sys_config_byte
 .bss           0x00800345        0x0 /usr/local/CrossPack-AVR-20120217/lib/gcc/avr/4.5.1/avr5/libgcc.a(_udivmodhi4.o)
 .bss           0x00800345        0x0 /usr/local/CrossPack-AVR-20120217/lib/gcc/avr/4.5.1/avr5/libgcc.a(_divmodhi4.o)
 .bss           0x00800345        0x0 /usr/local/CrossPack-AVR-20120217/lib/gcc/avr/4.5.1/avr5/libgcc.a(_divmodsi4.o)
 .bss           0x00800345        0x0 /usr/local/CrossPack-AVR-20120217/lib/gcc/avr/4.5.1/avr5/libgcc.a(_exit.o)
 .bss           0x00800345        0x0 /usr/local/CrossPack-AVR-20120217/lib/gcc/avr/4.5.1/avr5/libgcc.a(_copy_data.o)
 .bss           0x00800345        0x0 /usr/local/CrossPack-AVR-20120217/lib/gcc/avr/4.5.1/avr5/libgcc.a(_clear_bss.o)
 .bss           0x00800345        0x0 /usr/local/CrossPack-AVR-20120217/lib/gcc/avr/4.5.1/avr5/libgcc.a(_fixunssfsi.o)
 .bss           0x00800345        0x0 /usr/local/CrossPack-AVR-20120217/lib/gcc/avr/4.5.1/avr5/libgcc.a(_addsub_sf.o)
 .bss           0x00800345        0x0 /usr/local/CrossPack-AVR-20120217/lib/gcc/avr/4.5.1/avr5/libgcc.a(_mul_sf.o)
 .bss           0x00800345        0x0 /usr/local/CrossPack-AVR-20120217/lib/gcc/avr/4.5.1/avr5/libgcc.a(_div_sf.o)
 .bss           0x00800345        0x0 /usr/local/CrossPack-AVR-20120217/lib/gcc/avr/4.5.1/avr5/libgcc.a(_gt_sf.o)
 .bss           0x00800345        0x0 /usr/local/CrossPack-AVR-20120217/lib/gcc/avr/4.5.1/avr5/libgcc.a(_ge_sf.o)
 .bss           0x00800345        0x0 /usr/local/CrossPack-AVR-20120217/lib/gcc/avr/4.5.1/avr5/libgcc.a(_lt_sf.o)
 .bss           0x00800345        0x0 /usr/local/CrossPack-AVR-20120217/lib/gcc/avr/4.5.1/avr5/libgcc.a(_si_to_sf.o)
 .bss           0x00800345        0x0 /usr/local/CrossPack-AVR-20120217/lib/gcc/avr/4.5.1/avr5/libgcc.a(_sf_to_si.o)
 .bss           0x00800345        0x0 /usr/local/CrossPack-AVR-20120217/lib/gcc/avr/4.5.1/avr5/libgcc.a(_thenan_sf.o)
 .bss           0x00800345        0x0 /usr/local/CrossPack-AVR-20120217/lib/gcc/avr/4.5.1/avr5/libgcc.a(_usi_to_sf.o)
 .bss           0x00800345        0x0 /usr/local/CrossPack-AVR-20120217/lib/gcc/avr/4.5.1/avr5/libgcc.a(_udivmodsi4.o)
 .bss           0x00800345        0x0 /usr/local/CrossPack-AVR-20120217/lib/gcc/avr/4.5.1/avr5/libgcc.a(_prologue.o)
 .bss           0x00800345        0x0 /usr/local/CrossPack-AVR-20120217/lib/gcc/avr/4.5.1/avr5/libgcc.a(_epilogue.o)
 .bss           0x00800345        0x0 /usr/local/CrossPack-AVR-20120217/lib/gcc/avr/4.5.1/avr5/libgcc.a(_clzsi2.o)
 .bss           0x00800345        0x0 /usr/local/CrossPack-AVR-20120217/lib/gcc/avr/4.5.1/avr5/libgcc.a(_pack_sf.o)
 .bss           0x00800345        0x0 /usr/local/CrossPack-AVR-20120217/lib/gcc/avr/4.5.1/avr5/libgcc.a(_unpack_sf.o)
 .bss           0x00800345        0x0 /usr/local/CrossPack-AVR-20120217/lib/gcc/avr/4.5.1/avr5/libgcc.a(_fpcmp_parts_sf.o)
 .bss           0x00800345        0x0 /usr/local/CrossPack-AVR-20120217/lib/gcc/avr/4.5.1/avr5/libgcc.a(_clz.o)
 .bss           0x00800345        0x0 /usr/local/CrossPack-AVR-20120217/lib/gcc/avr/4.5.1/../../../../avr/lib/avr5/libm.a(ceil.o)
 .bss           0x00800345        0x0 /usr/local/CrossPack-AVR-20120217/lib/gcc/avr/4.5.1/../../../../avr/lib/avr5/libm.a(fp_mintl.o)
 .bss           0x00800345        0x0 /usr/local/CrossPack-AVR-20120217/lib/gcc/avr/4.5.1/../../../../avr/lib/avr5/libm.a(fp_mpack.o)
 .bss           0x00800345        0x0 /usr/local/CrossPack-AVR-20120217/lib/gcc/avr/4.5.1/../../../../avr/lib/avr5/libm.a(fp_trunc.o)
 .bss           0x00800345        0x0 /usr/local/CrossPack-AVR-20120217/lib/gcc/avr/4.5.1/../../../../avr/lib/avr5/libm.a(fp_zero.o)
 .bss           0x00800345        0x0 /usr/local/CrossPack-AVR-20120217/lib/gcc/avr/4.5.1/../../../../avr/lib/avr5/libm.a(round.o)
 .bss           0x00800345        0x0 /usr/local/CrossPack-AVR-20120217/lib/gcc/avr/4.5.1/../../../../avr/lib/avr5/libm.a(fp_split3.o)
 *(.bss*)
 *(COMMON)
                0x00800345                PROVIDE (__bss_end, .)
                0x000049b4                __data_load_start = LOADADDR (.data)
                0x00004ad2                __data_load_end = (__data_load_start + SIZEOF (.data))

.noinit         0x00800345        0x0
                0x00800345                PROVIDE (__noinit_start, .)
 *(.noinit*)
                0x00800345                PROVIDE (__noinit_end, .)
                0x00800345                _end = .
                0x00800345                PROVIDE (__heap_start, .)

.eeprom         0x00810000        0x0
 *(.eeprom*)
                0x00810000                __eeprom_end = .

.fuse
 *(.fuse)
 *(.lfuse)
 *(.hfuse)
 *(.efuse)

.lock
 *(.lock*)

.signature
 *(.signature*)

.stab           0x00000000      0xf90
 *(.stab)
 .stab          0x00000000      0x6cc /usr/local/CrossPack-AVR-20120217/lib/gcc/avr/4.5.1/../../../../avr/lib/avr5/crtm16m1.o
 .stab          0x000006cc      0x114 /usr/local/CrossPack-AVR-20120217/lib/gcc/avr/4.5.1/../../../../avr/lib/avr5/libm.a(ceil.o)
                                0x120 (size before relaxing)
 .stab          0x000007e0      0x174 /usr/local/CrossPack-AVR-20120217/lib/gcc/avr/4.5.1/../../../../avr/lib/avr5/libm.a(fp_mintl.o)
                                0x180 (size before relaxing)
 .stab          0x00000954       0xe4 /usr/local/CrossPack-AVR-20120217/lib/gcc/avr/4.5.1/../../../../avr/lib/avr5/libm.a(fp_mpack.o)
                                 0xf0 (size before relaxing)
 .stab          0x00000a38      0x144 /usr/local/CrossPack-AVR-20120217/lib/gcc/avr/4.5.1/../../../../avr/lib/avr5/libm.a(fp_trunc.o)
                                0x150 (size before relaxing)
 .stab          0x00000b7c       0x90 /usr/local/CrossPack-AVR-20120217/lib/gcc/avr/4.5.1/../../../../avr/lib/avr5/libm.a(fp_zero.o)
                                 0x9c (size before relaxing)
 .stab          0x00000c0c      0x1b0 /usr/local/CrossPack-AVR-20120217/lib/gcc/avr/4.5.1/../../../../avr/lib/avr5/libm.a(round.o)
                                0x1bc (size before relaxing)
 .stab          0x00000dbc      0x1d4 /usr/local/CrossPack-AVR-20120217/lib/gcc/avr/4.5.1/../../../../avr/lib/avr5/libm.a(fp_split3.o)
                                0x1e0 (size before relaxing)

.stabstr        0x00000000      0x2fe
 *(.stabstr)
 .stabstr       0x00000000      0x2fe /usr/local/CrossPack-AVR-20120217/lib/gcc/avr/4.5.1/../../../../avr/lib/avr5/crtm16m1.o

.stab.excl
 *(.stab.excl)

.stab.exclstr
 *(.stab.exclstr)

.stab.index
 *(.stab.index)

.stab.indexstr
 *(.stab.indexstr)

.comment
 *(.comment)

.debug
 *(.debug)

.line
 *(.line)

.debug_srcinfo
 *(.debug_srcinfo)

.debug_sfnames
 *(.debug_sfnames)

.debug_aranges  0x00000000      0x400
 *(.debug_aranges)
 .debug_aranges
                0x00000000       0x20 bigmotor_main.o
 .debug_aranges
                0x00000020       0x20 can_msg.o
 .debug_aranges
                0x00000040       0x20 calibrations.o
 .debug_aranges
                0x00000060       0x20 motor.o
 .debug_aranges
                0x00000080       0x20 pot.o
 .debug_aranges
                0x000000a0       0x20 encoder.o
 .debug_aranges
                0x000000c0       0x20 OS_Dispatch.o
 .debug_aranges
                0x000000e0       0x20 adc.o
 .debug_aranges
                0x00000100       0x20 ../core/can.o
 .debug_aranges
                0x00000120       0x20 ../core/can_instance.o
 .debug_aranges
                0x00000140       0x20 ../core/can_eid.o
 .debug_aranges
                0x00000160       0x20 ../core/can_board_msg.o
 .debug_aranges
                0x00000180       0x20 ../core/can_buff.o
 .debug_aranges
                0x000001a0       0x20 ../core/leds.o
 .debug_aranges
                0x000001c0       0x20 ../core/pwm.o
 .debug_aranges
                0x000001e0       0x20 ../core/bk_system_defs.o
 .debug_aranges
                0x00000200       0x20 ../core/OS_timers.o
 .debug_aranges
                0x00000220       0x20 ../core/configuration.o
 .debug_aranges
                0x00000240       0x20 /usr/local/CrossPack-AVR-20120217/lib/gcc/avr/4.5.1/avr5/libgcc.a(_fixunssfsi.o)
 .debug_aranges
                0x00000260       0x20 /usr/local/CrossPack-AVR-20120217/lib/gcc/avr/4.5.1/avr5/libgcc.a(_addsub_sf.o)
 .debug_aranges
                0x00000280       0x20 /usr/local/CrossPack-AVR-20120217/lib/gcc/avr/4.5.1/avr5/libgcc.a(_mul_sf.o)
 .debug_aranges
                0x000002a0       0x20 /usr/local/CrossPack-AVR-20120217/lib/gcc/avr/4.5.1/avr5/libgcc.a(_div_sf.o)
 .debug_aranges
                0x000002c0       0x20 /usr/local/CrossPack-AVR-20120217/lib/gcc/avr/4.5.1/avr5/libgcc.a(_gt_sf.o)
 .debug_aranges
                0x000002e0       0x20 /usr/local/CrossPack-AVR-20120217/lib/gcc/avr/4.5.1/avr5/libgcc.a(_ge_sf.o)
 .debug_aranges
                0x00000300       0x20 /usr/local/CrossPack-AVR-20120217/lib/gcc/avr/4.5.1/avr5/libgcc.a(_lt_sf.o)
 .debug_aranges
                0x00000320       0x20 /usr/local/CrossPack-AVR-20120217/lib/gcc/avr/4.5.1/avr5/libgcc.a(_si_to_sf.o)
 .debug_aranges
                0x00000340       0x20 /usr/local/CrossPack-AVR-20120217/lib/gcc/avr/4.5.1/avr5/libgcc.a(_sf_to_si.o)
 .debug_aranges
                0x00000360       0x20 /usr/local/CrossPack-AVR-20120217/lib/gcc/avr/4.5.1/avr5/libgcc.a(_usi_to_sf.o)
 .debug_aranges
                0x00000380       0x20 /usr/local/CrossPack-AVR-20120217/lib/gcc/avr/4.5.1/avr5/libgcc.a(_clzsi2.o)
 .debug_aranges
                0x000003a0       0x20 /usr/local/CrossPack-AVR-20120217/lib/gcc/avr/4.5.1/avr5/libgcc.a(_pack_sf.o)
 .debug_aranges
                0x000003c0       0x20 /usr/local/CrossPack-AVR-20120217/lib/gcc/avr/4.5.1/avr5/libgcc.a(_unpack_sf.o)
 .debug_aranges
                0x000003e0       0x20 /usr/local/CrossPack-AVR-20120217/lib/gcc/avr/4.5.1/avr5/libgcc.a(_fpcmp_parts_sf.o)

.debug_pubnames
                0x00000000     0x18c9
 *(.debug_pubnames)
 .debug_pubnames
                0x00000000       0xbc bigmotor_main.o
 .debug_pubnames
                0x000000bc      0x1fd can_msg.o
 .debug_pubnames
                0x000002b9      0x174 calibrations.o
 .debug_pubnames
                0x0000042d      0x114 motor.o
 .debug_pubnames
                0x00000541      0x252 pot.o
 .debug_pubnames
                0x00000793      0x102 encoder.o
 .debug_pubnames
                0x00000895       0x28 OS_Dispatch.o
 .debug_pubnames
                0x000008bd      0x15f adc.o
 .debug_pubnames
                0x00000a1c      0x2d1 ../core/can.o
 .debug_pubnames
                0x00000ced      0x187 ../core/can_instance.o
 .debug_pubnames
                0x00000e74       0x9c ../core/can_eid.o
 .debug_pubnames
                0x00000f10      0x1d7 ../core/can_board_msg.o
 .debug_pubnames
                0x000010e7       0xcc ../core/can_buff.o
 .debug_pubnames
                0x000011b3      0x133 ../core/leds.o
 .debug_pubnames
                0x000012e6       0xf7 ../core/pwm.o
 .debug_pubnames
                0x000013dd       0x39 ../core/bk_system_defs.o
 .debug_pubnames
                0x00001416       0xe3 ../core/OS_timers.o
 .debug_pubnames
                0x000014f9      0x1bc ../core/configuration.o
 .debug_pubnames
                0x000016b5       0x23 /usr/local/CrossPack-AVR-20120217/lib/gcc/avr/4.5.1/avr5/libgcc.a(_fixunssfsi.o)
 .debug_pubnames
                0x000016d8       0x2c /usr/local/CrossPack-AVR-20120217/lib/gcc/avr/4.5.1/avr5/libgcc.a(_addsub_sf.o)
 .debug_pubnames
                0x00001704       0x1f /usr/local/CrossPack-AVR-20120217/lib/gcc/avr/4.5.1/avr5/libgcc.a(_mul_sf.o)
 .debug_pubnames
                0x00001723       0x1f /usr/local/CrossPack-AVR-20120217/lib/gcc/avr/4.5.1/avr5/libgcc.a(_div_sf.o)
 .debug_pubnames
                0x00001742       0x1e /usr/local/CrossPack-AVR-20120217/lib/gcc/avr/4.5.1/avr5/libgcc.a(_gt_sf.o)
 .debug_pubnames
                0x00001760       0x1e /usr/local/CrossPack-AVR-20120217/lib/gcc/avr/4.5.1/avr5/libgcc.a(_ge_sf.o)
 .debug_pubnames
                0x0000177e       0x1e /usr/local/CrossPack-AVR-20120217/lib/gcc/avr/4.5.1/avr5/libgcc.a(_lt_sf.o)
 .debug_pubnames
                0x0000179c       0x22 /usr/local/CrossPack-AVR-20120217/lib/gcc/avr/4.5.1/avr5/libgcc.a(_si_to_sf.o)
 .debug_pubnames
                0x000017be       0x20 /usr/local/CrossPack-AVR-20120217/lib/gcc/avr/4.5.1/avr5/libgcc.a(_sf_to_si.o)
 .debug_pubnames
                0x000017de       0x22 /usr/local/CrossPack-AVR-20120217/lib/gcc/avr/4.5.1/avr5/libgcc.a(_thenan_sf.o)
 .debug_pubnames
                0x00001800       0x24 /usr/local/CrossPack-AVR-20120217/lib/gcc/avr/4.5.1/avr5/libgcc.a(_usi_to_sf.o)
 .debug_pubnames
                0x00001824       0x1f /usr/local/CrossPack-AVR-20120217/lib/gcc/avr/4.5.1/avr5/libgcc.a(_clzsi2.o)
 .debug_pubnames
                0x00001843       0x1f /usr/local/CrossPack-AVR-20120217/lib/gcc/avr/4.5.1/avr5/libgcc.a(_pack_sf.o)
 .debug_pubnames
                0x00001862       0x21 /usr/local/CrossPack-AVR-20120217/lib/gcc/avr/4.5.1/avr5/libgcc.a(_unpack_sf.o)
 .debug_pubnames
                0x00001883       0x26 /usr/local/CrossPack-AVR-20120217/lib/gcc/avr/4.5.1/avr5/libgcc.a(_fpcmp_parts_sf.o)
 .debug_pubnames
                0x000018a9       0x20 /usr/local/CrossPack-AVR-20120217/lib/gcc/avr/4.5.1/avr5/libgcc.a(_clz.o)

.debug_info     0x00000000     0x8400
 *(.debug_info)
 .debug_info    0x00000000      0x4d4 bigmotor_main.o
 .debug_info    0x000004d4      0xc69 can_msg.o
 .debug_info    0x0000113d      0x757 calibrations.o
 .debug_info    0x00001894      0x5c7 motor.o
 .debug_info    0x00001e5b      0x6d0 pot.o
 .debug_info    0x0000252b      0x1b9 encoder.o
 .debug_info    0x000026e4      0x11d OS_Dispatch.o
 .debug_info    0x00002801      0x2e8 adc.o
 .debug_info    0x00002ae9      0xd3b ../core/can.o
 .debug_info    0x00003824      0x4e0 ../core/can_instance.o
 .debug_info    0x00003d04      0x34c ../core/can_eid.o
 .debug_info    0x00004050      0x5b9 ../core/can_board_msg.o
 .debug_info    0x00004609      0x4b1 ../core/can_buff.o
 .debug_info    0x00004aba      0x463 ../core/leds.o
 .debug_info    0x00004f1d      0x540 ../core/pwm.o
 .debug_info    0x0000545d       0xc0 ../core/bk_system_defs.o
 .debug_info    0x0000551d      0x177 ../core/OS_timers.o
 .debug_info    0x00005694      0x7f9 ../core/configuration.o
 .debug_info    0x00005e8d       0xbd /usr/local/CrossPack-AVR-20120217/lib/gcc/avr/4.5.1/avr5/libgcc.a(_fixunssfsi.o)
 .debug_info    0x00005f4a      0x455 /usr/local/CrossPack-AVR-20120217/lib/gcc/avr/4.5.1/avr5/libgcc.a(_addsub_sf.o)
 .debug_info    0x0000639f      0x3ec /usr/local/CrossPack-AVR-20120217/lib/gcc/avr/4.5.1/avr5/libgcc.a(_mul_sf.o)
 .debug_info    0x0000678b      0x37f /usr/local/CrossPack-AVR-20120217/lib/gcc/avr/4.5.1/avr5/libgcc.a(_div_sf.o)
 .debug_info    0x00006b0a      0x28a /usr/local/CrossPack-AVR-20120217/lib/gcc/avr/4.5.1/avr5/libgcc.a(_gt_sf.o)
 .debug_info    0x00006d94      0x28a /usr/local/CrossPack-AVR-20120217/lib/gcc/avr/4.5.1/avr5/libgcc.a(_ge_sf.o)
 .debug_info    0x0000701e      0x28a /usr/local/CrossPack-AVR-20120217/lib/gcc/avr/4.5.1/avr5/libgcc.a(_lt_sf.o)
 .debug_info    0x000072a8      0x22f /usr/local/CrossPack-AVR-20120217/lib/gcc/avr/4.5.1/avr5/libgcc.a(_si_to_sf.o)
 .debug_info    0x000074d7      0x2a5 /usr/local/CrossPack-AVR-20120217/lib/gcc/avr/4.5.1/avr5/libgcc.a(_sf_to_si.o)
 .debug_info    0x0000777c      0x15e /usr/local/CrossPack-AVR-20120217/lib/gcc/avr/4.5.1/avr5/libgcc.a(_thenan_sf.o)
 .debug_info    0x000078da      0x232 /usr/local/CrossPack-AVR-20120217/lib/gcc/avr/4.5.1/avr5/libgcc.a(_usi_to_sf.o)
 .debug_info    0x00007b0c      0x12c /usr/local/CrossPack-AVR-20120217/lib/gcc/avr/4.5.1/avr5/libgcc.a(_clzsi2.o)
 .debug_info    0x00007c38      0x2d5 /usr/local/CrossPack-AVR-20120217/lib/gcc/avr/4.5.1/avr5/libgcc.a(_pack_sf.o)
 .debug_info    0x00007f0d      0x25c /usr/local/CrossPack-AVR-20120217/lib/gcc/avr/4.5.1/avr5/libgcc.a(_unpack_sf.o)
 .debug_info    0x00008169      0x1f1 /usr/local/CrossPack-AVR-20120217/lib/gcc/avr/4.5.1/avr5/libgcc.a(_fpcmp_parts_sf.o)
 .debug_info    0x0000835a       0xa6 /usr/local/CrossPack-AVR-20120217/lib/gcc/avr/4.5.1/avr5/libgcc.a(_clz.o)
 *(.gnu.linkonce.wi.*)

.debug_abbrev   0x00000000     0x323c
 *(.debug_abbrev)
 .debug_abbrev  0x00000000      0x1ca bigmotor_main.o
 .debug_abbrev  0x000001ca      0x2ff can_msg.o
 .debug_abbrev  0x000004c9      0x21a calibrations.o
 .debug_abbrev  0x000006e3      0x24b motor.o
 .debug_abbrev  0x0000092e      0x200 pot.o
 .debug_abbrev  0x00000b2e       0xa3 encoder.o
 .debug_abbrev  0x00000bd1       0x9c OS_Dispatch.o
 .debug_abbrev  0x00000c6d      0x12e adc.o
 .debug_abbrev  0x00000d9b      0x32e ../core/can.o
 .debug_abbrev  0x000010c9      0x1fc ../core/can_instance.o
 .debug_abbrev  0x000012c5       0xef ../core/can_eid.o
 .debug_abbrev  0x000013b4      0x221 ../core/can_board_msg.o
 .debug_abbrev  0x000015d5      0x1f4 ../core/can_buff.o
 .debug_abbrev  0x000017c9      0x16e ../core/leds.o
 .debug_abbrev  0x00001937      0x1a0 ../core/pwm.o
 .debug_abbrev  0x00001ad7       0x7f ../core/bk_system_defs.o
 .debug_abbrev  0x00001b56       0xbf ../core/OS_timers.o
 .debug_abbrev  0x00001c15      0x274 ../core/configuration.o
 .debug_abbrev  0x00001e89       0x5d /usr/local/CrossPack-AVR-20120217/lib/gcc/avr/4.5.1/avr5/libgcc.a(_fixunssfsi.o)
 .debug_abbrev  0x00001ee6      0x1af /usr/local/CrossPack-AVR-20120217/lib/gcc/avr/4.5.1/avr5/libgcc.a(_addsub_sf.o)
 .debug_abbrev  0x00002095      0x1d9 /usr/local/CrossPack-AVR-20120217/lib/gcc/avr/4.5.1/avr5/libgcc.a(_mul_sf.o)
 .debug_abbrev  0x0000226e      0x1c4 /usr/local/CrossPack-AVR-20120217/lib/gcc/avr/4.5.1/avr5/libgcc.a(_div_sf.o)
 .debug_abbrev  0x00002432      0x151 /usr/local/CrossPack-AVR-20120217/lib/gcc/avr/4.5.1/avr5/libgcc.a(_gt_sf.o)
 .debug_abbrev  0x00002583      0x151 /usr/local/CrossPack-AVR-20120217/lib/gcc/avr/4.5.1/avr5/libgcc.a(_ge_sf.o)
 .debug_abbrev  0x000026d4      0x151 /usr/local/CrossPack-AVR-20120217/lib/gcc/avr/4.5.1/avr5/libgcc.a(_lt_sf.o)
 .debug_abbrev  0x00002825      0x162 /usr/local/CrossPack-AVR-20120217/lib/gcc/avr/4.5.1/avr5/libgcc.a(_si_to_sf.o)
 .debug_abbrev  0x00002987      0x160 /usr/local/CrossPack-AVR-20120217/lib/gcc/avr/4.5.1/avr5/libgcc.a(_sf_to_si.o)
 .debug_abbrev  0x00002ae7       0xcb /usr/local/CrossPack-AVR-20120217/lib/gcc/avr/4.5.1/avr5/libgcc.a(_thenan_sf.o)
 .debug_abbrev  0x00002bb2      0x173 /usr/local/CrossPack-AVR-20120217/lib/gcc/avr/4.5.1/avr5/libgcc.a(_usi_to_sf.o)
 .debug_abbrev  0x00002d25       0xce /usr/local/CrossPack-AVR-20120217/lib/gcc/avr/4.5.1/avr5/libgcc.a(_clzsi2.o)
 .debug_abbrev  0x00002df3      0x192 /usr/local/CrossPack-AVR-20120217/lib/gcc/avr/4.5.1/avr5/libgcc.a(_pack_sf.o)
 .debug_abbrev  0x00002f85      0x14b /usr/local/CrossPack-AVR-20120217/lib/gcc/avr/4.5.1/avr5/libgcc.a(_unpack_sf.o)
 .debug_abbrev  0x000030d0      0x10b /usr/local/CrossPack-AVR-20120217/lib/gcc/avr/4.5.1/avr5/libgcc.a(_fpcmp_parts_sf.o)
 .debug_abbrev  0x000031db       0x61 /usr/local/CrossPack-AVR-20120217/lib/gcc/avr/4.5.1/avr5/libgcc.a(_clz.o)

.debug_line     0x00000000     0x5b6d
 *(.debug_line)
 .debug_line    0x00000000      0x39d bigmotor_main.o
 .debug_line    0x0000039d      0x85f can_msg.o
 .debug_line    0x00000bfc      0x5ef calibrations.o
 .debug_line    0x000011eb      0x44b motor.o
 .debug_line    0x00001636      0x5af pot.o
 .debug_line    0x00001be5      0x11b encoder.o
 .debug_line    0x00001d00       0xd9 OS_Dispatch.o
 .debug_line    0x00001dd9      0x234 adc.o
 .debug_line    0x0000200d      0xa0f ../core/can.o
 .debug_line    0x00002a1c      0x3f6 ../core/can_instance.o
 .debug_line    0x00002e12      0x149 ../core/can_eid.o
 .debug_line    0x00002f5b      0x619 ../core/can_board_msg.o
 .debug_line    0x00003574      0x2a5 ../core/can_buff.o
 .debug_line    0x00003819      0x34a ../core/leds.o
 .debug_line    0x00003b63      0x3de ../core/pwm.o
 .debug_line    0x00003f41       0xc2 ../core/bk_system_defs.o
 .debug_line    0x00004003      0x1aa ../core/OS_timers.o
 .debug_line    0x000041ad      0x617 ../core/configuration.o
 .debug_line    0x000047c4       0x9d /usr/local/CrossPack-AVR-20120217/lib/gcc/avr/4.5.1/avr5/libgcc.a(_fixunssfsi.o)
 .debug_line    0x00004861      0x2c2 /usr/local/CrossPack-AVR-20120217/lib/gcc/avr/4.5.1/avr5/libgcc.a(_addsub_sf.o)
 .debug_line    0x00004b23      0x25e /usr/local/CrossPack-AVR-20120217/lib/gcc/avr/4.5.1/avr5/libgcc.a(_mul_sf.o)
 .debug_line    0x00004d81      0x1e4 /usr/local/CrossPack-AVR-20120217/lib/gcc/avr/4.5.1/avr5/libgcc.a(_div_sf.o)
 .debug_line    0x00004f65       0xd9 /usr/local/CrossPack-AVR-20120217/lib/gcc/avr/4.5.1/avr5/libgcc.a(_gt_sf.o)
 .debug_line    0x0000503e       0xd9 /usr/local/CrossPack-AVR-20120217/lib/gcc/avr/4.5.1/avr5/libgcc.a(_ge_sf.o)
 .debug_line    0x00005117       0xd9 /usr/local/CrossPack-AVR-20120217/lib/gcc/avr/4.5.1/avr5/libgcc.a(_lt_sf.o)
 .debug_line    0x000051f0      0x121 /usr/local/CrossPack-AVR-20120217/lib/gcc/avr/4.5.1/avr5/libgcc.a(_si_to_sf.o)
 .debug_line    0x00005311      0x113 /usr/local/CrossPack-AVR-20120217/lib/gcc/avr/4.5.1/avr5/libgcc.a(_sf_to_si.o)
 .debug_line    0x00005424       0x86 /usr/local/CrossPack-AVR-20120217/lib/gcc/avr/4.5.1/avr5/libgcc.a(_thenan_sf.o)
 .debug_line    0x000054aa      0x12f /usr/local/CrossPack-AVR-20120217/lib/gcc/avr/4.5.1/avr5/libgcc.a(_usi_to_sf.o)
 .debug_line    0x000055d9       0xc3 /usr/local/CrossPack-AVR-20120217/lib/gcc/avr/4.5.1/avr5/libgcc.a(_clzsi2.o)
 .debug_line    0x0000569c      0x1c9 /usr/local/CrossPack-AVR-20120217/lib/gcc/avr/4.5.1/avr5/libgcc.a(_pack_sf.o)
 .debug_line    0x00005865      0x149 /usr/local/CrossPack-AVR-20120217/lib/gcc/avr/4.5.1/avr5/libgcc.a(_unpack_sf.o)
 .debug_line    0x000059ae      0x14d /usr/local/CrossPack-AVR-20120217/lib/gcc/avr/4.5.1/avr5/libgcc.a(_fpcmp_parts_sf.o)
 .debug_line    0x00005afb       0x72 /usr/local/CrossPack-AVR-20120217/lib/gcc/avr/4.5.1/avr5/libgcc.a(_clz.o)

.debug_frame    0x00000000      0xef0
 *(.debug_frame)
 .debug_frame   0x00000000       0x70 bigmotor_main.o
 .debug_frame   0x00000070      0x140 can_msg.o
 .debug_frame   0x000001b0       0xc0 calibrations.o
 .debug_frame   0x00000270       0xc0 motor.o
 .debug_frame   0x00000330      0x180 pot.o
 .debug_frame   0x000004b0       0x60 encoder.o
 .debug_frame   0x00000510       0x20 OS_Dispatch.o
 .debug_frame   0x00000530       0x90 adc.o
 .debug_frame   0x000005c0      0x1c0 ../core/can.o
 .debug_frame   0x00000780       0x90 ../core/can_instance.o
 .debug_frame   0x00000810       0xa0 ../core/can_eid.o
 .debug_frame   0x000008b0       0xa0 ../core/can_board_msg.o
 .debug_frame   0x00000950       0x90 ../core/can_buff.o
 .debug_frame   0x000009e0       0xe0 ../core/leds.o
 .debug_frame   0x00000ac0       0xd0 ../core/pwm.o
 .debug_frame   0x00000b90       0x30 ../core/bk_system_defs.o
 .debug_frame   0x00000bc0       0x70 ../core/OS_timers.o
 .debug_frame   0x00000c30       0xe0 ../core/configuration.o
 .debug_frame   0x00000d10       0x20 /usr/local/CrossPack-AVR-20120217/lib/gcc/avr/4.5.1/avr5/libgcc.a(_fixunssfsi.o)
 .debug_frame   0x00000d30       0x40 /usr/local/CrossPack-AVR-20120217/lib/gcc/avr/4.5.1/avr5/libgcc.a(_addsub_sf.o)
 .debug_frame   0x00000d70       0x20 /usr/local/CrossPack-AVR-20120217/lib/gcc/avr/4.5.1/avr5/libgcc.a(_mul_sf.o)
 .debug_frame   0x00000d90       0x20 /usr/local/CrossPack-AVR-20120217/lib/gcc/avr/4.5.1/avr5/libgcc.a(_div_sf.o)
 .debug_frame   0x00000db0       0x20 /usr/local/CrossPack-AVR-20120217/lib/gcc/avr/4.5.1/avr5/libgcc.a(_gt_sf.o)
 .debug_frame   0x00000dd0       0x20 /usr/local/CrossPack-AVR-20120217/lib/gcc/avr/4.5.1/avr5/libgcc.a(_ge_sf.o)
 .debug_frame   0x00000df0       0x20 /usr/local/CrossPack-AVR-20120217/lib/gcc/avr/4.5.1/avr5/libgcc.a(_lt_sf.o)
 .debug_frame   0x00000e10       0x20 /usr/local/CrossPack-AVR-20120217/lib/gcc/avr/4.5.1/avr5/libgcc.a(_si_to_sf.o)
 .debug_frame   0x00000e30       0x20 /usr/local/CrossPack-AVR-20120217/lib/gcc/avr/4.5.1/avr5/libgcc.a(_sf_to_si.o)
 .debug_frame   0x00000e50       0x20 /usr/local/CrossPack-AVR-20120217/lib/gcc/avr/4.5.1/avr5/libgcc.a(_usi_to_sf.o)
 .debug_frame   0x00000e70       0x20 /usr/local/CrossPack-AVR-20120217/lib/gcc/avr/4.5.1/avr5/libgcc.a(_clzsi2.o)
 .debug_frame   0x00000e90       0x20 /usr/local/CrossPack-AVR-20120217/lib/gcc/avr/4.5.1/avr5/libgcc.a(_pack_sf.o)
 .debug_frame   0x00000eb0       0x20 /usr/local/CrossPack-AVR-20120217/lib/gcc/avr/4.5.1/avr5/libgcc.a(_unpack_sf.o)
 .debug_frame   0x00000ed0       0x20 /usr/local/CrossPack-AVR-20120217/lib/gcc/avr/4.5.1/avr5/libgcc.a(_fpcmp_parts_sf.o)

.debug_str      0x00000000     0x297f
 *(.debug_str)
 .debug_str     0x00000000      0x278 bigmotor_main.o
                                0x2d7 (size before relaxing)
 .debug_str     0x00000278      0x585 can_msg.o
                                0x772 (size before relaxing)
 .debug_str     0x000007fd      0x25f calibrations.o
                                0x3f9 (size before relaxing)
 .debug_str     0x00000a5c      0x1e1 motor.o
                                0x40b (size before relaxing)
 .debug_str     0x00000c3d      0x3cd pot.o
                                0x5b4 (size before relaxing)
 .debug_str     0x0000100a       0xed encoder.o
                                0x1ef (size before relaxing)
 .debug_str     0x000010f7       0x40 OS_Dispatch.o
                                0x164 (size before relaxing)
 .debug_str     0x00001137      0x185 adc.o
                                0x2dc (size before relaxing)
 .debug_str     0x000012bc      0x487 ../core/can.o
                                0x6b9 (size before relaxing)
 .debug_str     0x00001743      0x224 ../core/can_instance.o
                                0x482 (size before relaxing)
 .debug_str     0x00001967      0x13e ../core/can_eid.o
                                0x252 (size before relaxing)
 .debug_str     0x00001aa5      0x2d4 ../core/can_board_msg.o
                                0x5ad (size before relaxing)
 .debug_str     0x00001d79      0x16a ../core/can_buff.o
                                0x3b4 (size before relaxing)
 .debug_str     0x00001ee3      0x208 ../core/leds.o
                                0x361 (size before relaxing)
 .debug_str     0x000020eb      0x1ac ../core/pwm.o
                                0x276 (size before relaxing)
 .debug_str     0x00002297       0x4d ../core/bk_system_defs.o
                                0x10a (size before relaxing)
 .debug_str     0x000022e4       0xf8 ../core/OS_timers.o
                                0x1e1 (size before relaxing)
 .debug_str     0x000023dc      0x2a1 ../core/configuration.o
                                0x595 (size before relaxing)
 .debug_str     0x0000267d       0xc2 /usr/local/CrossPack-AVR-20120217/lib/gcc/avr/4.5.1/avr5/libgcc.a(_fixunssfsi.o)
                                0x13b (size before relaxing)
 .debug_str     0x0000273f      0x145 /usr/local/CrossPack-AVR-20120217/lib/gcc/avr/4.5.1/avr5/libgcc.a(_addsub_sf.o)
                                0x24e (size before relaxing)
 .debug_str     0x00002884       0x27 /usr/local/CrossPack-AVR-20120217/lib/gcc/avr/4.5.1/avr5/libgcc.a(_mul_sf.o)
                                0x207 (size before relaxing)
 .debug_str     0x000028ab       0x35 /usr/local/CrossPack-AVR-20120217/lib/gcc/avr/4.5.1/avr5/libgcc.a(_div_sf.o)
                                0x210 (size before relaxing)
 .debug_str     0x000028e0        0x8 /usr/local/CrossPack-AVR-20120217/lib/gcc/avr/4.5.1/avr5/libgcc.a(_gt_sf.o)
                                0x1d5 (size before relaxing)
 .debug_str     0x000028e8        0x8 /usr/local/CrossPack-AVR-20120217/lib/gcc/avr/4.5.1/avr5/libgcc.a(_ge_sf.o)
                                0x1d5 (size before relaxing)
 .debug_str     0x000028f0        0x8 /usr/local/CrossPack-AVR-20120217/lib/gcc/avr/4.5.1/avr5/libgcc.a(_lt_sf.o)
                                0x1d5 (size before relaxing)
 .debug_str     0x000028f8       0x27 /usr/local/CrossPack-AVR-20120217/lib/gcc/avr/4.5.1/avr5/libgcc.a(_si_to_sf.o)
                                0x1c4 (size before relaxing)
 .debug_str     0x0000291f        0xa /usr/local/CrossPack-AVR-20120217/lib/gcc/avr/4.5.1/avr5/libgcc.a(_sf_to_si.o)
                                0x1de (size before relaxing)
 .debug_str     0x00000000      0x180 /usr/local/CrossPack-AVR-20120217/lib/gcc/avr/4.5.1/avr5/libgcc.a(_thenan_sf.o)
 .debug_str     0x00002929       0x14 /usr/local/CrossPack-AVR-20120217/lib/gcc/avr/4.5.1/avr5/libgcc.a(_usi_to_sf.o)
                                0x1c0 (size before relaxing)
 .debug_str     0x0000293d       0x17 /usr/local/CrossPack-AVR-20120217/lib/gcc/avr/4.5.1/avr5/libgcc.a(_clzsi2.o)
                                0x147 (size before relaxing)
 .debug_str     0x00002954       0x10 /usr/local/CrossPack-AVR-20120217/lib/gcc/avr/4.5.1/avr5/libgcc.a(_pack_sf.o)
                                0x1dd (size before relaxing)
 .debug_str     0x00002964        0xb /usr/local/CrossPack-AVR-20120217/lib/gcc/avr/4.5.1/avr5/libgcc.a(_unpack_sf.o)
                                0x1bf (size before relaxing)
 .debug_str     0x0000296f       0x10 /usr/local/CrossPack-AVR-20120217/lib/gcc/avr/4.5.1/avr5/libgcc.a(_fpcmp_parts_sf.o)
                                0x1a3 (size before relaxing)
 .debug_str     0x00000000      0x12a /usr/local/CrossPack-AVR-20120217/lib/gcc/avr/4.5.1/avr5/libgcc.a(_clz.o)

.debug_loc      0x00000000     0x38cc
 *(.debug_loc)
 .debug_loc     0x00000000      0x2c1 bigmotor_main.o
 .debug_loc     0x000002c1      0x761 can_msg.o
 .debug_loc     0x00000a22      0x4c1 calibrations.o
 .debug_loc     0x00000ee3      0x1db motor.o
 .debug_loc     0x000010be      0x122 pot.o
 .debug_loc     0x000011e0       0x96 encoder.o
 .debug_loc     0x00001276       0x20 OS_Dispatch.o
 .debug_loc     0x00001296       0xa1 adc.o
 .debug_loc     0x00001337      0x652 ../core/can.o
 .debug_loc     0x00001989      0x112 ../core/can_instance.o
 .debug_loc     0x00001a9b       0xa8 ../core/can_eid.o
 .debug_loc     0x00001b43      0x1b4 ../core/can_board_msg.o
 .debug_loc     0x00001cf7      0x18e ../core/can_buff.o
 .debug_loc     0x00001e85      0x148 ../core/leds.o
 .debug_loc     0x00001fcd      0x4dc ../core/pwm.o
 .debug_loc     0x000024a9       0x34 ../core/bk_system_defs.o
 .debug_loc     0x000024dd      0x5ed ../core/configuration.o
 .debug_loc     0x00002aca       0x34 /usr/local/CrossPack-AVR-20120217/lib/gcc/avr/4.5.1/avr5/libgcc.a(_fixunssfsi.o)
 .debug_loc     0x00002afe      0x31d /usr/local/CrossPack-AVR-20120217/lib/gcc/avr/4.5.1/avr5/libgcc.a(_addsub_sf.o)
 .debug_loc     0x00002e1b      0x2a4 /usr/local/CrossPack-AVR-20120217/lib/gcc/avr/4.5.1/avr5/libgcc.a(_mul_sf.o)
 .debug_loc     0x000030bf      0x1ac /usr/local/CrossPack-AVR-20120217/lib/gcc/avr/4.5.1/avr5/libgcc.a(_div_sf.o)
 .debug_loc     0x0000326b       0x48 /usr/local/CrossPack-AVR-20120217/lib/gcc/avr/4.5.1/avr5/libgcc.a(_gt_sf.o)
 .debug_loc     0x000032b3       0x48 /usr/local/CrossPack-AVR-20120217/lib/gcc/avr/4.5.1/avr5/libgcc.a(_ge_sf.o)
 .debug_loc     0x000032fb       0x48 /usr/local/CrossPack-AVR-20120217/lib/gcc/avr/4.5.1/avr5/libgcc.a(_lt_sf.o)
 .debug_loc     0x00003343       0xb4 /usr/local/CrossPack-AVR-20120217/lib/gcc/avr/4.5.1/avr5/libgcc.a(_si_to_sf.o)
 .debug_loc     0x000033f7       0x56 /usr/local/CrossPack-AVR-20120217/lib/gcc/avr/4.5.1/avr5/libgcc.a(_sf_to_si.o)
 .debug_loc     0x0000344d       0x96 /usr/local/CrossPack-AVR-20120217/lib/gcc/avr/4.5.1/avr5/libgcc.a(_usi_to_sf.o)
 .debug_loc     0x000034e3       0xb2 /usr/local/CrossPack-AVR-20120217/lib/gcc/avr/4.5.1/avr5/libgcc.a(_clzsi2.o)
 .debug_loc     0x00003595      0x1d6 /usr/local/CrossPack-AVR-20120217/lib/gcc/avr/4.5.1/avr5/libgcc.a(_pack_sf.o)
 .debug_loc     0x0000376b      0x111 /usr/local/CrossPack-AVR-20120217/lib/gcc/avr/4.5.1/avr5/libgcc.a(_unpack_sf.o)
 .debug_loc     0x0000387c       0x50 /usr/local/CrossPack-AVR-20120217/lib/gcc/avr/4.5.1/avr5/libgcc.a(_fpcmp_parts_sf.o)

.debug_macinfo
 *(.debug_macinfo)
OUTPUT(bigmotor.elf elf32-avr)
LOAD linker stubs

.debug_pubtypes
                0x00000000      0xa3c
 .debug_pubtypes
                0x00000000       0x3f bigmotor_main.o
 .debug_pubtypes
                0x0000003f       0x61 can_msg.o
 .debug_pubtypes
                0x000000a0       0x39 calibrations.o
 .debug_pubtypes
                0x000000d9       0x47 motor.o
 .debug_pubtypes
                0x00000120       0x31 pot.o
 .debug_pubtypes
                0x00000151       0x12 encoder.o
 .debug_pubtypes
                0x00000163       0x12 OS_Dispatch.o
 .debug_pubtypes
                0x00000175       0x12 adc.o
 .debug_pubtypes
                0x00000187       0x31 ../core/can.o
 .debug_pubtypes
                0x000001b8       0x26 ../core/can_instance.o
 .debug_pubtypes
                0x000001de       0x1d ../core/can_eid.o
 .debug_pubtypes
                0x000001fb       0x4a ../core/can_board_msg.o
 .debug_pubtypes
                0x00000245       0x26 ../core/can_buff.o
 .debug_pubtypes
                0x0000026b       0x35 ../core/leds.o
 .debug_pubtypes
                0x000002a0       0x12 ../core/pwm.o
 .debug_pubtypes
                0x000002b2       0x12 ../core/bk_system_defs.o
 .debug_pubtypes
                0x000002c4       0x12 ../core/OS_timers.o
 .debug_pubtypes
                0x000002d6       0x3f ../core/configuration.o
 .debug_pubtypes
                0x00000315       0x34 /usr/local/CrossPack-AVR-20120217/lib/gcc/avr/4.5.1/avr5/libgcc.a(_fixunssfsi.o)
 .debug_pubtypes
                0x00000349       0x9d /usr/local/CrossPack-AVR-20120217/lib/gcc/avr/4.5.1/avr5/libgcc.a(_addsub_sf.o)
 .debug_pubtypes
                0x000003e6       0x86 /usr/local/CrossPack-AVR-20120217/lib/gcc/avr/4.5.1/avr5/libgcc.a(_mul_sf.o)
 .debug_pubtypes
                0x0000046c       0x86 /usr/local/CrossPack-AVR-20120217/lib/gcc/avr/4.5.1/avr5/libgcc.a(_div_sf.o)
 .debug_pubtypes
                0x000004f2       0x91 /usr/local/CrossPack-AVR-20120217/lib/gcc/avr/4.5.1/avr5/libgcc.a(_gt_sf.o)
 .debug_pubtypes
                0x00000583       0x91 /usr/local/CrossPack-AVR-20120217/lib/gcc/avr/4.5.1/avr5/libgcc.a(_ge_sf.o)
 .debug_pubtypes
                0x00000614       0x91 /usr/local/CrossPack-AVR-20120217/lib/gcc/avr/4.5.1/avr5/libgcc.a(_lt_sf.o)
 .debug_pubtypes
                0x000006a5       0x7e /usr/local/CrossPack-AVR-20120217/lib/gcc/avr/4.5.1/avr5/libgcc.a(_si_to_sf.o)
 .debug_pubtypes
                0x00000723       0x91 /usr/local/CrossPack-AVR-20120217/lib/gcc/avr/4.5.1/avr5/libgcc.a(_sf_to_si.o)
 .debug_pubtypes
                0x000007b4       0x5b /usr/local/CrossPack-AVR-20120217/lib/gcc/avr/4.5.1/avr5/libgcc.a(_thenan_sf.o)
 .debug_pubtypes
                0x0000080f       0x73 /usr/local/CrossPack-AVR-20120217/lib/gcc/avr/4.5.1/avr5/libgcc.a(_usi_to_sf.o)
 .debug_pubtypes
                0x00000882       0x35 /usr/local/CrossPack-AVR-20120217/lib/gcc/avr/4.5.1/avr5/libgcc.a(_clzsi2.o)
 .debug_pubtypes
                0x000008b7       0x86 /usr/local/CrossPack-AVR-20120217/lib/gcc/avr/4.5.1/avr5/libgcc.a(_pack_sf.o)
 .debug_pubtypes
                0x0000093d       0x86 /usr/local/CrossPack-AVR-20120217/lib/gcc/avr/4.5.1/avr5/libgcc.a(_unpack_sf.o)
 .debug_pubtypes
                0x000009c3       0x5b /usr/local/CrossPack-AVR-20120217/lib/gcc/avr/4.5.1/avr5/libgcc.a(_fpcmp_parts_sf.o)
 .debug_pubtypes
                0x00000a1e       0x1e /usr/local/CrossPack-AVR-20120217/lib/gcc/avr/4.5.1/avr5/libgcc.a(_clz.o)

.debug_ranges   0x00000000      0x360
 .debug_ranges  0x00000000       0xa8 can_msg.o
 .debug_ranges  0x000000a8       0x18 motor.o
 .debug_ranges  0x000000c0       0x98 pot.o
 .debug_ranges  0x00000158       0x18 encoder.o
 .debug_ranges  0x00000170       0x18 adc.o
 .debug_ranges  0x00000188       0x60 ../core/can.o
 .debug_ranges  0x000001e8       0x18 ../core/can_instance.o
 .debug_ranges  0x00000200       0x18 ../core/can_board_msg.o
 .debug_ranges  0x00000218       0x30 ../core/can_buff.o
 .debug_ranges  0x00000248       0x68 ../core/pwm.o
 .debug_ranges  0x000002b0       0x18 ../core/OS_timers.o
 .debug_ranges  0x000002c8       0x18 ../core/configuration.o
 .debug_ranges  0x000002e0       0x30 /usr/local/CrossPack-AVR-20120217/lib/gcc/avr/4.5.1/avr5/libgcc.a(_mul_sf.o)
 .debug_ranges  0x00000310       0x38 /usr/local/CrossPack-AVR-20120217/lib/gcc/avr/4.5.1/avr5/libgcc.a(_div_sf.o)
 .debug_ranges  0x00000348       0x18 /usr/local/CrossPack-AVR-20120217/lib/gcc/avr/4.5.1/avr5/libgcc.a(_si_to_sf.o)
