Archive member included because of file (symbol)

/usr/local/CrossPack-AVR-20120217/lib/gcc/avr/4.5.1/avr5/libgcc.a(_udivmodhi4.o)
                              ../core/OS_timers.o (__udivmodhi4)
/usr/local/CrossPack-AVR-20120217/lib/gcc/avr/4.5.1/avr5/libgcc.a(_divmodhi4.o)
                              ../core/OS_timers.o (__divmodhi4)
/usr/local/CrossPack-AVR-20120217/lib/gcc/avr/4.5.1/avr5/libgcc.a(_exit.o)
                              /usr/local/CrossPack-AVR-20120217/lib/gcc/avr/4.5.1/../../../../avr/lib/avr5/crtm16m1.o (exit)
/usr/local/CrossPack-AVR-20120217/lib/gcc/avr/4.5.1/avr5/libgcc.a(_copy_data.o)
                              button_main.o (__do_copy_data)
/usr/local/CrossPack-AVR-20120217/lib/gcc/avr/4.5.1/avr5/libgcc.a(_clear_bss.o)
                              button_main.o (__do_clear_bss)
/usr/local/CrossPack-AVR-20120217/lib/gcc/avr/4.5.1/avr5/libgcc.a(_fixunssfsi.o)
                              can_test_msgs.o (__fixunssfsi)
/usr/local/CrossPack-AVR-20120217/lib/gcc/avr/4.5.1/avr5/libgcc.a(_addsub_sf.o)
                              /usr/local/CrossPack-AVR-20120217/lib/gcc/avr/4.5.1/avr5/libgcc.a(_fixunssfsi.o) (__subsf3)
/usr/local/CrossPack-AVR-20120217/lib/gcc/avr/4.5.1/avr5/libgcc.a(_mul_sf.o)
                              can_test_msgs.o (__mulsf3)
/usr/local/CrossPack-AVR-20120217/lib/gcc/avr/4.5.1/avr5/libgcc.a(_ge_sf.o)
                              /usr/local/CrossPack-AVR-20120217/lib/gcc/avr/4.5.1/avr5/libgcc.a(_fixunssfsi.o) (__gesf2)
/usr/local/CrossPack-AVR-20120217/lib/gcc/avr/4.5.1/avr5/libgcc.a(_sf_to_si.o)
                              /usr/local/CrossPack-AVR-20120217/lib/gcc/avr/4.5.1/avr5/libgcc.a(_fixunssfsi.o) (__fixsfsi)
/usr/local/CrossPack-AVR-20120217/lib/gcc/avr/4.5.1/avr5/libgcc.a(_thenan_sf.o)
                              /usr/local/CrossPack-AVR-20120217/lib/gcc/avr/4.5.1/avr5/libgcc.a(_addsub_sf.o) (__thenan_sf)
/usr/local/CrossPack-AVR-20120217/lib/gcc/avr/4.5.1/avr5/libgcc.a(_usi_to_sf.o)
                              can_test_msgs.o (__floatunsisf)
/usr/local/CrossPack-AVR-20120217/lib/gcc/avr/4.5.1/avr5/libgcc.a(_prologue.o)
                              /usr/local/CrossPack-AVR-20120217/lib/gcc/avr/4.5.1/avr5/libgcc.a(_addsub_sf.o) (__prologue_saves__)
/usr/local/CrossPack-AVR-20120217/lib/gcc/avr/4.5.1/avr5/libgcc.a(_epilogue.o)
                              /usr/local/CrossPack-AVR-20120217/lib/gcc/avr/4.5.1/avr5/libgcc.a(_addsub_sf.o) (__epilogue_restores__)
/usr/local/CrossPack-AVR-20120217/lib/gcc/avr/4.5.1/avr5/libgcc.a(_clzsi2.o)
                              /usr/local/CrossPack-AVR-20120217/lib/gcc/avr/4.5.1/avr5/libgcc.a(_usi_to_sf.o) (__clzsi2)
/usr/local/CrossPack-AVR-20120217/lib/gcc/avr/4.5.1/avr5/libgcc.a(_pack_sf.o)
                              /usr/local/CrossPack-AVR-20120217/lib/gcc/avr/4.5.1/avr5/libgcc.a(_addsub_sf.o) (__pack_f)
/usr/local/CrossPack-AVR-20120217/lib/gcc/avr/4.5.1/avr5/libgcc.a(_unpack_sf.o)
                              /usr/local/CrossPack-AVR-20120217/lib/gcc/avr/4.5.1/avr5/libgcc.a(_addsub_sf.o) (__unpack_f)
/usr/local/CrossPack-AVR-20120217/lib/gcc/avr/4.5.1/avr5/libgcc.a(_fpcmp_parts_sf.o)
                              /usr/local/CrossPack-AVR-20120217/lib/gcc/avr/4.5.1/avr5/libgcc.a(_ge_sf.o) (__fpcmp_parts_f)
/usr/local/CrossPack-AVR-20120217/lib/gcc/avr/4.5.1/avr5/libgcc.a(_clz.o)
                              /usr/local/CrossPack-AVR-20120217/lib/gcc/avr/4.5.1/avr5/libgcc.a(_clzsi2.o) (__clz_tab)

Memory Configuration

Name             Origin             Length             Attributes
text             0x00000000         0x00020000         xr
data             0x00800060         0x0000ffa0         rw !x
eeprom           0x00810000         0x00010000         rw !x
fuse             0x00820000         0x00000400         rw !x
lock             0x00830000         0x00000400         rw !x
signature        0x00840000         0x00000400         rw !x
*default*        0x00000000         0xffffffff

Linker script and memory map

Address of section .data set to 0x800100
LOAD /usr/local/CrossPack-AVR-20120217/lib/gcc/avr/4.5.1/../../../../avr/lib/avr5/crtm16m1.o
LOAD button_main.o
LOAD buttons.o
LOAD can_msg.o
LOAD OS_Dispatch.o
LOAD can_test_msgs.o
LOAD calibrations.o
LOAD ../core/can.o
LOAD ../core/can_instance.o
LOAD ../core/can_eid.o
LOAD ../core/can_board_msg.o
LOAD ../core/can_buff.o
LOAD ../core/leds.o
LOAD ../core/bk_system_defs.o
LOAD ../core/OS_timers.o
LOAD ../core/configuration.o
LOAD /usr/local/CrossPack-AVR-20120217/lib/gcc/avr/4.5.1/avr5/libgcc.a
LOAD /usr/local/CrossPack-AVR-20120217/lib/gcc/avr/4.5.1/../../../../avr/lib/avr5/libm.a
LOAD /usr/local/CrossPack-AVR-20120217/lib/gcc/avr/4.5.1/avr5/libgcc.a
LOAD /usr/local/CrossPack-AVR-20120217/lib/gcc/avr/4.5.1/../../../../avr/lib/avr5/libc.a
LOAD /usr/local/CrossPack-AVR-20120217/lib/gcc/avr/4.5.1/avr5/libgcc.a

.hash
 *(.hash)

.dynsym
 *(.dynsym)

.dynstr
 *(.dynstr)

.gnu.version
 *(.gnu.version)

.gnu.version_d
 *(.gnu.version_d)

.gnu.version_r
 *(.gnu.version_r)

.rel.init
 *(.rel.init)

.rela.init
 *(.rela.init)

.rel.text
 *(.rel.text)
 *(.rel.text.*)
 *(.rel.gnu.linkonce.t*)

.rela.text
 *(.rela.text)
 *(.rela.text.*)
 *(.rela.gnu.linkonce.t*)

.rel.fini
 *(.rel.fini)

.rela.fini
 *(.rela.fini)

.rel.rodata
 *(.rel.rodata)
 *(.rel.rodata.*)
 *(.rel.gnu.linkonce.r*)

.rela.rodata
 *(.rela.rodata)
 *(.rela.rodata.*)
 *(.rela.gnu.linkonce.r*)

.rel.data
 *(.rel.data)
 *(.rel.data.*)
 *(.rel.gnu.linkonce.d*)

.rela.data
 *(.rela.data)
 *(.rela.data.*)
 *(.rela.gnu.linkonce.d*)

.rel.ctors
 *(.rel.ctors)

.rela.ctors
 *(.rela.ctors)

.rel.dtors
 *(.rel.dtors)

.rela.dtors
 *(.rela.dtors)

.rel.got
 *(.rel.got)

.rela.got
 *(.rela.got)

.rel.bss
 *(.rel.bss)

.rela.bss
 *(.rela.bss)

.rel.plt
 *(.rel.plt)

.rela.plt
 *(.rela.plt)

.text           0x00000000     0x2d6a
 *(.vectors)
 .vectors       0x00000000       0x7c /usr/local/CrossPack-AVR-20120217/lib/gcc/avr/4.5.1/../../../../avr/lib/avr5/crtm16m1.o
                0x00000000                __vectors
                0x00000000                __vector_default
 *(.vectors)
 *(.progmem.gcc*)
 *(.progmem*)
 .progmem.data  0x0000007c       0x10 ../core/can_board_msg.o
                0x0000007c                BoardDescription
                0x0000008c                . = ALIGN (0x2)
                0x0000008c                __trampolines_start = .
 *(.trampolines)
 .trampolines   0x0000008c        0x0 linker stubs
 *(.trampolines*)
                0x0000008c                __trampolines_end = .
 *(.jumptables)
 *(.jumptables*)
 *(.lowtext)
 *(.lowtext*)
                0x0000008c                __ctors_start = .
 *(.ctors)
                0x0000008c                __ctors_end = .
                0x0000008c                __dtors_start = .
 *(.dtors)
                0x0000008c                __dtors_end = .
 SORT(*)(.ctors)
 SORT(*)(.dtors)
 *(.init0)
 .init0         0x0000008c        0x0 /usr/local/CrossPack-AVR-20120217/lib/gcc/avr/4.5.1/../../../../avr/lib/avr5/crtm16m1.o
                0x0000008c                __init
 *(.init0)
 *(.init1)
 *(.init1)
 *(.init2)
 .init2         0x0000008c        0xc /usr/local/CrossPack-AVR-20120217/lib/gcc/avr/4.5.1/../../../../avr/lib/avr5/crtm16m1.o
 *(.init2)
 *(.init3)
 *(.init3)
 *(.init4)
 .init4         0x00000098       0x16 /usr/local/CrossPack-AVR-20120217/lib/gcc/avr/4.5.1/avr5/libgcc.a(_copy_data.o)
                0x00000098                __do_copy_data
 .init4         0x000000ae       0x10 /usr/local/CrossPack-AVR-20120217/lib/gcc/avr/4.5.1/avr5/libgcc.a(_clear_bss.o)
                0x000000ae                __do_clear_bss
 *(.init4)
 *(.init5)
 *(.init5)
 *(.init6)
 *(.init6)
 *(.init7)
 *(.init7)
 *(.init8)
 *(.init8)
 *(.init9)
 .init9         0x000000be        0x8 /usr/local/CrossPack-AVR-20120217/lib/gcc/avr/4.5.1/../../../../avr/lib/avr5/crtm16m1.o
 *(.init9)
 *(.text)
 .text          0x000000c6        0x4 /usr/local/CrossPack-AVR-20120217/lib/gcc/avr/4.5.1/../../../../avr/lib/avr5/crtm16m1.o
                0x000000c6                __vector_20
                0x000000c6                __vector_28
                0x000000c6                __vector_1
                0x000000c6                __vector_24
                0x000000c6                __vector_12
                0x000000c6                __bad_interrupt
                0x000000c6                __vector_6
                0x000000c6                __vector_3
                0x000000c6                __vector_23
                0x000000c6                __vector_30
                0x000000c6                __vector_25
                0x000000c6                __vector_11
                0x000000c6                __vector_13
                0x000000c6                __vector_17
                0x000000c6                __vector_19
                0x000000c6                __vector_7
                0x000000c6                __vector_27
                0x000000c6                __vector_5
                0x000000c6                __vector_4
                0x000000c6                __vector_9
                0x000000c6                __vector_2
                0x000000c6                __vector_21
                0x000000c6                __vector_29
                0x000000c6                __vector_8
                0x000000c6                __vector_26
                0x000000c6                __vector_14
                0x000000c6                __vector_10
                0x000000c6                __vector_16
                0x000000c6                __vector_22
 .text          0x000000ca      0x1ce button_main.o
                0x000000ca                _Z8adc_initv
                0x000000d8                _Z4initv
                0x00000114                _Z12button_magich
                0x00000230                main
 .text          0x00000298      0x31a buttons.o
                0x00000298                _Z15set_rows_outputv
                0x000002a0                _Z14set_rows_inputv
                0x000002a8                _Z12all_rows_lowv
                0x000002b0                _Z13all_rows_highv
                0x000002b8                _Z7set_rowhh
                0x0000030e                _Z18set_switches_inputv
                0x00000316                _Z19set_switches_outputv
                0x0000031e                _Z13read_switchesv
                0x00000324                _Z10pack_arrayPh
                0x00000374                _Z9scan_keysPh
                0x000003c2                _Z16check_for_changePhS_
                0x000003e6                _Z16update_prev_keysv
                0x00000410                _Z12buttons_initv
                0x00000464                _Z14wait_for_pressv
                0x00000502                _Z10get_columnh
                0x0000052e                _Z8add_keyshh
                0x00000568                _Z14build_key_listPh
                0x000005a0                _Z11lookup_charhh
 .text          0x000005b2      0x170 can_msg.o
                0x000005b2                _Z16can_file_messageP4sCAN
                0x000005b4                _Z26can_prep_button_roster_msgP4sCAN10uKeyRoster
                0x00000614                _Z27can_prep_button_pressed_msgP4sCAN
                0x000006ac                _Z17can_init_test_msgPh
 .text          0x00000722        0x2 OS_Dispatch.o
                0x00000722                _Z11OS_Dispatchv
 .text          0x00000724      0x1cc can_test_msgs.o
                0x00000724                _Z14send_test_msgsv
                0x00000766                _Z11eeprom_testv
                0x00000788                _Z31can_prep_board_presence_requestP4sCANh
                0x000007ba                _Z23can_prep_system_led_msgP4sCANhhh
                0x000007fe                _Z23can_prep_test_backlightP4sCANt
                0x00000860                _Z17can_prep_lcd_beepP4sCANt
                0x000008a6                _Z16can_prep_pwm_msgP4sCANt
 .text          0x000008f0       0x60 calibrations.o
                0x000008f0                _Z25app_default_configurationv
                0x000008fa                _Z8save_calv
                0x00000904                _Z13config_changeh
                0x0000090a                _Z8read_calv
                0x00000914                _Z13getReportRatev
 .text          0x00000950      0x790 ../core/can.o
                0x00000950                _Z15set_rx_callbackPFvP4sCANE
                0x0000095a                _Z15set_tx_callbackPFvvE
                0x00000964                _Z26can_add_instance_to_filterht
                0x000009c4                _Z31can_remove_instance_from_filterh
                0x000009e8                _Z10can_set_idh6idType
                0x00000a48                _Z20can_add_id_to_filterhtt
                0x00000b10                _Z25can_remove_id_from_filterh
                0x00000b3c                _Z12can_set_maskhss
                0x00000b5c                _Z11can_set_taghss
                0x00000b7c                _Z21can_setup_receive_mobhssh
                0x00000bd8                _Z13can_init_mobsv
                0x00000c88                _Z15can_disable_mobh
                0x00000ca0                _Z15can_retrieve_idP4sCAN
                0x00000d0e                _Z17can_retrieve_dataP4sCAN
                0x00000d50                __vector_18
                0x00000e9e                _Z20can_send_msg_no_waithP4sCAN
                0x00000f04                _Z12can_send_msghP4sCAN
                0x00000f12                _Z17can_get_timestampv
                0x00000f28                _Z11can_get_msgP4sCAN
                0x00000f5a                _Z8set_baudh
                0x00000f9e                _Z8can_inith
                0x00000fda                _Z15can_set_baud_1Mh
                0x00001004                _Z17can_set_baud_500Kh
                0x00001030                _Z17can_set_baud_250Kh
                0x0000105c                _Z17can_set_baud_200Kh
                0x00001088                _Z17can_set_baud_125Kh
                0x000010b4                _Z17can_set_baud_100Kh
 .text          0x000010e0      0x2ac ../core/can_instance.o
                0x000010e0                _Z22random_number_adc_initv
                0x000010f8                _Z18pick_random_numberv
                0x0000114c                _Z24setup_instance_claim_mobv
                0x00001172                _Z17can_instance_initv
                0x000011da                _Z25can_prep_instance_requestP4sCANh
                0x00001222                _Z22can_instance_timeslicev
                0x0000134a                _Z23can_prep_instance_queryP4sCAN
                0x00001378                _Z28can_process_instance_requestP4sCAN
 .text          0x0000138c       0x60 ../core/can_eid.o
                0x0000138c                _Z14create_CAN_eidth
                0x00001398                _Z14create_CAN_eidhth
                0x000013a6                _Z9get_block6idType
                0x000013aa                _Z12get_instance6idType
                0x000013ae                _Z6get_id6idType
                0x000013b4                _Z5match6idTypeS_
                0x000013c6                _Z11block_match6idTypeS_
                0x000013ce                _Z8id_match6idTypeS_
                0x000013e4                _Z14instance_match6idTypeh
 .text          0x000013ec      0x4d6 ../core/can_board_msg.o
                0x000013ec                _Z22set_configure_callbackPFvhE
                0x000013f6                _Z27can_prep_board_presence_msgP4sCAN
                0x00001434                _Z27can_prep_board_revision_msgP4sCAN
                0x0000146e                _Z26can_prep_serial_number_msgP4sCAN
                0x000014aa                _Z30can_prep_board_description_msgP4sCAN
                0x000014f6                _Z24can_board_presence_replyv
                0x0000155c                _Z19can_board_timeslicev
                0x00001626                _Z18can_prep_configureP4sCAN
                0x00001666                _Z23can_board_msg_responderP4sCAN
 .text          0x000018c2      0x1e2 ../core/can_buff.o
                0x000018c2                _Z11FindMailBox6idType
                0x0000192e                _Z12copy_can_msgP4sCANS0_
                0x00001946                _Z16addNormalHistoryP4sCAN
                0x00001982                _Z17addMailboxHistoryP4sCAN
                0x00001a02                _Z12QueueMessageP4sCAN
                0x00001a16                _Z15RetrieveMessagev
                0x00001a6a                _Z13GetMessagePtrh
                0x00001a8c                _Z15CAN_Q_Timeslicev
 .text          0x00001aa4      0x238 ../core/leds.o
                0x00001aa4                _Z9init_ledsv
                0x00001abe                _Z16protected_led_onh
                0x00001ae4                _Z17protected_led_offh
                0x00001b0a                _Z11strobe_ledsh
                0x00001b6c                _Z6led_onh
                0x00001b7a                _Z7led_offh
                0x00001b88                _Z17protected_set_ledhh
                0x00001b98                _Z7set_ledhh
                0x00001ba6                _Z19protected_show_bytehh
                0x00001bfe                _Z9show_bytehh
                0x00001c10                _Z18show_result_toggleh
                0x00001c44                _Z21can_parse_led_requestP4sCAN
                0x00001c80                _Z19led_timeslice_100msv
 .text          0x00001cdc       0x88 ../core/bk_system_defs.o
                0x00001cdc                _Z5delayl
                0x00001d4c                _Z9chip_initv
 .text          0x00001d64      0x162 ../core/OS_timers.o
                0x00001d64                _Z11OS_InitTaskv
                0x00001d7e                _Z13Enter_HS_Modev
                0x00001d86                _Z17Enter_Normal_Modev
                0x00001d8c                _Z15System_Dispatchv
                0x00001de8                __vector_15
                0x00001eac                _Z11OS_tmr_initv
 .text          0x00001ec6      0x282 ../core/configuration.o
                0x00001ec6                _Z27can_parse_configure_requestP4sCAN
                0x00001f1e                _Z21default_configurationv
                0x00001f4a                _Z11config_initv
                0x00001f5c                _Z20save_instance_numberPh
                0x00001f80                _Z20read_instance_numberPh
                0x00001f9a                _Z21save_confirmed_statusPh
                0x00001fbe                _Z21read_confirmed_statusPh
                0x00001fd8                _Z25save_configuration_eepromPh
                0x00002082                _Z18save_configurationv
                0x00002094                _Z21save_configuration_div
                0x0000209c                _Z21make_system_new_boardt
                0x000020be                _Z25read_configuration_eepromPh
                0x00002136                _Z18read_configurationv
 .text          0x00002148        0x0 /usr/local/CrossPack-AVR-20120217/lib/gcc/avr/4.5.1/avr5/libgcc.a(_udivmodhi4.o)
 .text          0x00002148        0x0 /usr/local/CrossPack-AVR-20120217/lib/gcc/avr/4.5.1/avr5/libgcc.a(_divmodhi4.o)
 .text          0x00002148        0x0 /usr/local/CrossPack-AVR-20120217/lib/gcc/avr/4.5.1/avr5/libgcc.a(_exit.o)
 .text          0x00002148        0x0 /usr/local/CrossPack-AVR-20120217/lib/gcc/avr/4.5.1/avr5/libgcc.a(_copy_data.o)
 .text          0x00002148        0x0 /usr/local/CrossPack-AVR-20120217/lib/gcc/avr/4.5.1/avr5/libgcc.a(_clear_bss.o)
 .text          0x00002148       0x58 /usr/local/CrossPack-AVR-20120217/lib/gcc/avr/4.5.1/avr5/libgcc.a(_fixunssfsi.o)
                0x00002148                __fixunssfsi
 .text          0x000021a0      0x350 /usr/local/CrossPack-AVR-20120217/lib/gcc/avr/4.5.1/avr5/libgcc.a(_addsub_sf.o)
                0x00002434                __addsf3
                0x0000248e                __subsf3
 .text          0x000024f0      0x1f4 /usr/local/CrossPack-AVR-20120217/lib/gcc/avr/4.5.1/avr5/libgcc.a(_mul_sf.o)
                0x000024f0                __mulsf3
 .text          0x000026e4       0x60 /usr/local/CrossPack-AVR-20120217/lib/gcc/avr/4.5.1/avr5/libgcc.a(_ge_sf.o)
                0x000026e4                __gesf2
 .text          0x00002744       0xa4 /usr/local/CrossPack-AVR-20120217/lib/gcc/avr/4.5.1/avr5/libgcc.a(_sf_to_si.o)
                0x00002744                __fixsfsi
 .text          0x000027e8        0x0 /usr/local/CrossPack-AVR-20120217/lib/gcc/avr/4.5.1/avr5/libgcc.a(_thenan_sf.o)
 .text          0x000027e8       0xf0 /usr/local/CrossPack-AVR-20120217/lib/gcc/avr/4.5.1/avr5/libgcc.a(_usi_to_sf.o)
                0x000027e8                __floatunsisf
 .text          0x000028d8        0x0 /usr/local/CrossPack-AVR-20120217/lib/gcc/avr/4.5.1/avr5/libgcc.a(_prologue.o)
 .text          0x000028d8        0x0 /usr/local/CrossPack-AVR-20120217/lib/gcc/avr/4.5.1/avr5/libgcc.a(_epilogue.o)
 .text          0x000028d8       0xb4 /usr/local/CrossPack-AVR-20120217/lib/gcc/avr/4.5.1/avr5/libgcc.a(_clzsi2.o)
                0x000028d8                __clzsi2
 .text          0x0000298c      0x19a /usr/local/CrossPack-AVR-20120217/lib/gcc/avr/4.5.1/avr5/libgcc.a(_pack_sf.o)
                0x0000298c                __pack_f
 .text          0x00002b26       0xd2 /usr/local/CrossPack-AVR-20120217/lib/gcc/avr/4.5.1/avr5/libgcc.a(_unpack_sf.o)
                0x00002b26                __unpack_f
 .text          0x00002bf8       0xb2 /usr/local/CrossPack-AVR-20120217/lib/gcc/avr/4.5.1/avr5/libgcc.a(_fpcmp_parts_sf.o)
                0x00002bf8                __fpcmp_parts_f
 .text          0x00002caa        0x0 /usr/local/CrossPack-AVR-20120217/lib/gcc/avr/4.5.1/avr5/libgcc.a(_clz.o)
                0x00002caa                . = ALIGN (0x2)
 *(.text.*)
 .text.libgcc   0x00002caa       0x28 /usr/local/CrossPack-AVR-20120217/lib/gcc/avr/4.5.1/avr5/libgcc.a(_udivmodhi4.o)
                0x00002caa                __udivmodhi4
 .text.libgcc   0x00002cd2       0x26 /usr/local/CrossPack-AVR-20120217/lib/gcc/avr/4.5.1/avr5/libgcc.a(_divmodhi4.o)
                0x00002cd2                __divmodhi4
                0x00002cd2                _div
 .text.libgcc   0x00002cf8        0x0 /usr/local/CrossPack-AVR-20120217/lib/gcc/avr/4.5.1/avr5/libgcc.a(_exit.o)
 .text.libgcc   0x00002cf8        0x0 /usr/local/CrossPack-AVR-20120217/lib/gcc/avr/4.5.1/avr5/libgcc.a(_copy_data.o)
 .text.libgcc   0x00002cf8        0x0 /usr/local/CrossPack-AVR-20120217/lib/gcc/avr/4.5.1/avr5/libgcc.a(_clear_bss.o)
 .text.libgcc   0x00002cf8       0x38 /usr/local/CrossPack-AVR-20120217/lib/gcc/avr/4.5.1/avr5/libgcc.a(_prologue.o)
                0x00002cf8                __prologue_saves__
 .text.libgcc   0x00002d30       0x36 /usr/local/CrossPack-AVR-20120217/lib/gcc/avr/4.5.1/avr5/libgcc.a(_epilogue.o)
                0x00002d30                __epilogue_restores__
                0x00002d66                . = ALIGN (0x2)
 *(.fini9)
 .fini9         0x00002d66        0x0 /usr/local/CrossPack-AVR-20120217/lib/gcc/avr/4.5.1/avr5/libgcc.a(_exit.o)
                0x00002d66                exit
                0x00002d66                _exit
 *(.fini9)
 *(.fini8)
 *(.fini8)
 *(.fini7)
 *(.fini7)
 *(.fini6)
 *(.fini6)
 *(.fini5)
 *(.fini5)
 *(.fini4)
 *(.fini4)
 *(.fini3)
 *(.fini3)
 *(.fini2)
 *(.fini2)
 *(.fini1)
 *(.fini1)
 *(.fini0)
 .fini0         0x00002d66        0x4 /usr/local/CrossPack-AVR-20120217/lib/gcc/avr/4.5.1/avr5/libgcc.a(_exit.o)
 *(.fini0)
                0x00002d6a                _etext = .

.data           0x00800100      0x126 load address 0x00002d6a
                0x00800100                PROVIDE (__data_start, .)
 *(.data)
 .data          0x00800100        0x0 /usr/local/CrossPack-AVR-20120217/lib/gcc/avr/4.5.1/../../../../avr/lib/avr5/crtm16m1.o
 .data          0x00800100        0x1 button_main.o
                0x00800100                Instance
 .data          0x00800101       0x14 buttons.o
                0x00800101                assigned_characters
 .data          0x00800115        0x0 can_msg.o
 .data          0x00800115        0x0 OS_Dispatch.o
 .data          0x00800115        0x1 can_test_msgs.o
                0x00800115                a
 .data          0x00800116        0x0 calibrations.o
 .data          0x00800116        0x0 ../core/can.o
 .data          0x00800116        0x1 ../core/can_instance.o
                0x00800116                LastReceivedInstance
 .data          0x00800117        0x0 ../core/can_eid.o
 .data          0x00800117        0x2 ../core/can_board_msg.o
                0x00800117                Board_presence_delay
 .data          0x00800119        0x0 ../core/can_buff.o
 .data          0x00800119        0x4 ../core/leds.o
                0x00800119                hi_low
 .data          0x0080011d        0x0 ../core/bk_system_defs.o
 .data          0x0080011d        0x0 ../core/OS_timers.o
 .data          0x0080011d        0x0 ../core/configuration.o
 .data          0x0080011d        0x0 /usr/local/CrossPack-AVR-20120217/lib/gcc/avr/4.5.1/avr5/libgcc.a(_udivmodhi4.o)
 .data          0x0080011d        0x0 /usr/local/CrossPack-AVR-20120217/lib/gcc/avr/4.5.1/avr5/libgcc.a(_divmodhi4.o)
 .data          0x0080011d        0x0 /usr/local/CrossPack-AVR-20120217/lib/gcc/avr/4.5.1/avr5/libgcc.a(_exit.o)
 .data          0x0080011d        0x0 /usr/local/CrossPack-AVR-20120217/lib/gcc/avr/4.5.1/avr5/libgcc.a(_copy_data.o)
 .data          0x0080011d        0x0 /usr/local/CrossPack-AVR-20120217/lib/gcc/avr/4.5.1/avr5/libgcc.a(_clear_bss.o)
 .data          0x0080011d        0x0 /usr/local/CrossPack-AVR-20120217/lib/gcc/avr/4.5.1/avr5/libgcc.a(_fixunssfsi.o)
 .data          0x0080011d        0x0 /usr/local/CrossPack-AVR-20120217/lib/gcc/avr/4.5.1/avr5/libgcc.a(_addsub_sf.o)
 .data          0x0080011d        0x0 /usr/local/CrossPack-AVR-20120217/lib/gcc/avr/4.5.1/avr5/libgcc.a(_mul_sf.o)
 .data          0x0080011d        0x0 /usr/local/CrossPack-AVR-20120217/lib/gcc/avr/4.5.1/avr5/libgcc.a(_ge_sf.o)
 .data          0x0080011d        0x0 /usr/local/CrossPack-AVR-20120217/lib/gcc/avr/4.5.1/avr5/libgcc.a(_sf_to_si.o)
 .data          0x0080011d        0x8 /usr/local/CrossPack-AVR-20120217/lib/gcc/avr/4.5.1/avr5/libgcc.a(_thenan_sf.o)
                0x0080011d                __thenan_sf
 .data          0x00800125        0x0 /usr/local/CrossPack-AVR-20120217/lib/gcc/avr/4.5.1/avr5/libgcc.a(_usi_to_sf.o)
 .data          0x00800125        0x0 /usr/local/CrossPack-AVR-20120217/lib/gcc/avr/4.5.1/avr5/libgcc.a(_prologue.o)
 .data          0x00800125        0x0 /usr/local/CrossPack-AVR-20120217/lib/gcc/avr/4.5.1/avr5/libgcc.a(_epilogue.o)
 .data          0x00800125        0x0 /usr/local/CrossPack-AVR-20120217/lib/gcc/avr/4.5.1/avr5/libgcc.a(_clzsi2.o)
 .data          0x00800125        0x0 /usr/local/CrossPack-AVR-20120217/lib/gcc/avr/4.5.1/avr5/libgcc.a(_pack_sf.o)
 .data          0x00800125        0x0 /usr/local/CrossPack-AVR-20120217/lib/gcc/avr/4.5.1/avr5/libgcc.a(_unpack_sf.o)
 .data          0x00800125        0x0 /usr/local/CrossPack-AVR-20120217/lib/gcc/avr/4.5.1/avr5/libgcc.a(_fpcmp_parts_sf.o)
 .data          0x00800125      0x100 /usr/local/CrossPack-AVR-20120217/lib/gcc/avr/4.5.1/avr5/libgcc.a(_clz.o)
                0x00800125                __clz_tab
 *(.data*)
 *(.rodata)
 *(.rodata*)
 *(.gnu.linkonce.d*)
                0x00800226                . = ALIGN (0x2)
 *fill*         0x00800225        0x1 00
                0x00800226                _edata = .
                0x00800226                PROVIDE (__data_end, .)

.bss            0x00800226       0xed
                0x00800226                PROVIDE (__bss_start, .)
 *(.bss)
 .bss           0x00800226        0x0 /usr/local/CrossPack-AVR-20120217/lib/gcc/avr/4.5.1/../../../../avr/lib/avr5/crtm16m1.o
 .bss           0x00800226       0x10 button_main.o
                0x00800226                keydata
                0x00800235                count
 .bss           0x00800236       0x1a buttons.o
                0x00800236                prev_keys
                0x0080023b                keys
                0x00800240                keys2
                0x00800245                NumberKeysPressed
                0x00800246                key_index
                0x00800247                keys_down
 .bss           0x00800250        0x4 can_msg.o
                0x00800250                counter
 .bss           0x00800254        0x2 OS_Dispatch.o
                0x00800254                t
 .bss           0x00800256        0x0 can_test_msgs.o
 .bss           0x00800256        0x0 calibrations.o
 .bss           0x00800256       0x3b ../core/can.o
                0x00800256                msg1
                0x00800265                msg2
                0x00800274                LastReceivedMsg
                0x00800283                NewMessageReceivedFlag
                0x00800284                TransmittedSuccesfully
                0x00800285                data
                0x0080028d                rx_call_back
                0x0080028f                tx_call_back
 .bss           0x00800291        0xa ../core/can_instance.o
                0x00800291                MyInstance
                0x00800292                Confirmed
                0x00800293                init_complete
                0x00800294                rand_delay
                0x00800296                rand_instance
                0x00800297                timeout_10ms_mult
                0x00800299                init_path
                0x0080029a                ts_state
 .bss           0x0080029b        0x0 ../core/can_eid.o
 .bss           0x0080029b        0x8 ../core/can_board_msg.o
                0x0080029b                BoardStatus
                0x0080029c                MappedBlock
                0x0080029d                Starting_Index
                0x0080029e                System_Send_Status
                0x0080029f                ShutDownState
                0x008002a0                config_call_back
                0x008002a2                Board_presence_response_type
 .bss           0x008002a3       0x5c ../core/can_buff.o
                0x008002a3                Received
                0x008002fd                RxHead
                0x008002fe                RxTail
 .bss           0x008002ff        0x3 ../core/leds.o
                0x008002ff                System_LED_Control
                0x00800301                LED_state
 .bss           0x00800302        0x4 ../core/bk_system_defs.o
                0x00800302                time_delay
 .bss           0x00800306        0x8 ../core/OS_timers.o
                0x00800306                OS_Event_HSTIC_Counter
                0x00800308                OS_Event_TIC_Counter
                0x0080030a                OS_Timer_Event_Flag
                0x0080030c                OS_HighSpeedSampling
 .bss           0x0080030e        0x5 ../core/configuration.o
                0x0080030e                config_byte_1
                0x0080030f                config_byte_2
                0x00800310                config_byte_3
                0x00800311                config_byte_4
                0x00800312                sys_config_byte
 .bss           0x00800313        0x0 /usr/local/CrossPack-AVR-20120217/lib/gcc/avr/4.5.1/avr5/libgcc.a(_udivmodhi4.o)
 .bss           0x00800313        0x0 /usr/local/CrossPack-AVR-20120217/lib/gcc/avr/4.5.1/avr5/libgcc.a(_divmodhi4.o)
 .bss           0x00800313        0x0 /usr/local/CrossPack-AVR-20120217/lib/gcc/avr/4.5.1/avr5/libgcc.a(_exit.o)
 .bss           0x00800313        0x0 /usr/local/CrossPack-AVR-20120217/lib/gcc/avr/4.5.1/avr5/libgcc.a(_copy_data.o)
 .bss           0x00800313        0x0 /usr/local/CrossPack-AVR-20120217/lib/gcc/avr/4.5.1/avr5/libgcc.a(_clear_bss.o)
 .bss           0x00800313        0x0 /usr/local/CrossPack-AVR-20120217/lib/gcc/avr/4.5.1/avr5/libgcc.a(_fixunssfsi.o)
 .bss           0x00800313        0x0 /usr/local/CrossPack-AVR-20120217/lib/gcc/avr/4.5.1/avr5/libgcc.a(_addsub_sf.o)
 .bss           0x00800313        0x0 /usr/local/CrossPack-AVR-20120217/lib/gcc/avr/4.5.1/avr5/libgcc.a(_mul_sf.o)
 .bss           0x00800313        0x0 /usr/local/CrossPack-AVR-20120217/lib/gcc/avr/4.5.1/avr5/libgcc.a(_ge_sf.o)
 .bss           0x00800313        0x0 /usr/local/CrossPack-AVR-20120217/lib/gcc/avr/4.5.1/avr5/libgcc.a(_sf_to_si.o)
 .bss           0x00800313        0x0 /usr/local/CrossPack-AVR-20120217/lib/gcc/avr/4.5.1/avr5/libgcc.a(_thenan_sf.o)
 .bss           0x00800313        0x0 /usr/local/CrossPack-AVR-20120217/lib/gcc/avr/4.5.1/avr5/libgcc.a(_usi_to_sf.o)
 .bss           0x00800313        0x0 /usr/local/CrossPack-AVR-20120217/lib/gcc/avr/4.5.1/avr5/libgcc.a(_prologue.o)
 .bss           0x00800313        0x0 /usr/local/CrossPack-AVR-20120217/lib/gcc/avr/4.5.1/avr5/libgcc.a(_epilogue.o)
 .bss           0x00800313        0x0 /usr/local/CrossPack-AVR-20120217/lib/gcc/avr/4.5.1/avr5/libgcc.a(_clzsi2.o)
 .bss           0x00800313        0x0 /usr/local/CrossPack-AVR-20120217/lib/gcc/avr/4.5.1/avr5/libgcc.a(_pack_sf.o)
 .bss           0x00800313        0x0 /usr/local/CrossPack-AVR-20120217/lib/gcc/avr/4.5.1/avr5/libgcc.a(_unpack_sf.o)
 .bss           0x00800313        0x0 /usr/local/CrossPack-AVR-20120217/lib/gcc/avr/4.5.1/avr5/libgcc.a(_fpcmp_parts_sf.o)
 .bss           0x00800313        0x0 /usr/local/CrossPack-AVR-20120217/lib/gcc/avr/4.5.1/avr5/libgcc.a(_clz.o)
 *(.bss*)
 *(COMMON)
                0x00800313                PROVIDE (__bss_end, .)
                0x00002d6a                __data_load_start = LOADADDR (.data)
                0x00002e90                __data_load_end = (__data_load_start + SIZEOF (.data))

.noinit         0x00800313        0x0
                0x00800313                PROVIDE (__noinit_start, .)
 *(.noinit*)
                0x00800313                PROVIDE (__noinit_end, .)
                0x00800313                _end = .
                0x00800313                PROVIDE (__heap_start, .)

.eeprom         0x00810000        0x0
 *(.eeprom*)
                0x00810000                __eeprom_end = .

.fuse
 *(.fuse)
 *(.lfuse)
 *(.hfuse)
 *(.efuse)

.lock
 *(.lock*)

.signature
 *(.signature*)

.stab           0x00000000      0x6cc
 *(.stab)
 .stab          0x00000000      0x6cc /usr/local/CrossPack-AVR-20120217/lib/gcc/avr/4.5.1/../../../../avr/lib/avr5/crtm16m1.o

.stabstr        0x00000000       0x81
 *(.stabstr)
 .stabstr       0x00000000       0x81 /usr/local/CrossPack-AVR-20120217/lib/gcc/avr/4.5.1/../../../../avr/lib/avr5/crtm16m1.o

.stab.excl
 *(.stab.excl)

.stab.exclstr
 *(.stab.exclstr)

.stab.index
 *(.stab.index)

.stab.indexstr
 *(.stab.indexstr)

.comment
 *(.comment)

.debug
 *(.debug)

.line
 *(.line)

.debug_srcinfo
 *(.debug_srcinfo)

.debug_sfnames
 *(.debug_sfnames)

.debug_aranges  0x00000000      0x320
 *(.debug_aranges)
 .debug_aranges
                0x00000000       0x20 button_main.o
 .debug_aranges
                0x00000020       0x20 buttons.o
 .debug_aranges
                0x00000040       0x20 can_msg.o
 .debug_aranges
                0x00000060       0x20 OS_Dispatch.o
 .debug_aranges
                0x00000080       0x20 can_test_msgs.o
 .debug_aranges
                0x000000a0       0x20 calibrations.o
 .debug_aranges
                0x000000c0       0x20 ../core/can.o
 .debug_aranges
                0x000000e0       0x20 ../core/can_instance.o
 .debug_aranges
                0x00000100       0x20 ../core/can_eid.o
 .debug_aranges
                0x00000120       0x20 ../core/can_board_msg.o
 .debug_aranges
                0x00000140       0x20 ../core/can_buff.o
 .debug_aranges
                0x00000160       0x20 ../core/leds.o
 .debug_aranges
                0x00000180       0x20 ../core/bk_system_defs.o
 .debug_aranges
                0x000001a0       0x20 ../core/OS_timers.o
 .debug_aranges
                0x000001c0       0x20 ../core/configuration.o
 .debug_aranges
                0x000001e0       0x20 /usr/local/CrossPack-AVR-20120217/lib/gcc/avr/4.5.1/avr5/libgcc.a(_fixunssfsi.o)
 .debug_aranges
                0x00000200       0x20 /usr/local/CrossPack-AVR-20120217/lib/gcc/avr/4.5.1/avr5/libgcc.a(_addsub_sf.o)
 .debug_aranges
                0x00000220       0x20 /usr/local/CrossPack-AVR-20120217/lib/gcc/avr/4.5.1/avr5/libgcc.a(_mul_sf.o)
 .debug_aranges
                0x00000240       0x20 /usr/local/CrossPack-AVR-20120217/lib/gcc/avr/4.5.1/avr5/libgcc.a(_ge_sf.o)
 .debug_aranges
                0x00000260       0x20 /usr/local/CrossPack-AVR-20120217/lib/gcc/avr/4.5.1/avr5/libgcc.a(_sf_to_si.o)
 .debug_aranges
                0x00000280       0x20 /usr/local/CrossPack-AVR-20120217/lib/gcc/avr/4.5.1/avr5/libgcc.a(_usi_to_sf.o)
 .debug_aranges
                0x000002a0       0x20 /usr/local/CrossPack-AVR-20120217/lib/gcc/avr/4.5.1/avr5/libgcc.a(_clzsi2.o)
 .debug_aranges
                0x000002c0       0x20 /usr/local/CrossPack-AVR-20120217/lib/gcc/avr/4.5.1/avr5/libgcc.a(_pack_sf.o)
 .debug_aranges
                0x000002e0       0x20 /usr/local/CrossPack-AVR-20120217/lib/gcc/avr/4.5.1/avr5/libgcc.a(_unpack_sf.o)
 .debug_aranges
                0x00000300       0x20 /usr/local/CrossPack-AVR-20120217/lib/gcc/avr/4.5.1/avr5/libgcc.a(_fpcmp_parts_sf.o)

.debug_pubnames
                0x00000000     0x113c
 *(.debug_pubnames)
 .debug_pubnames
                0x00000000       0x65 button_main.o
 .debug_pubnames
                0x00000065      0x1be buttons.o
 .debug_pubnames
                0x00000223       0x88 can_msg.o
 .debug_pubnames
                0x000002ab       0x28 OS_Dispatch.o
 .debug_pubnames
                0x000002d3       0xc2 can_test_msgs.o
 .debug_pubnames
                0x00000395       0x6e calibrations.o
 .debug_pubnames
                0x00000403      0x2d1 ../core/can.o
 .debug_pubnames
                0x000006d4      0x187 ../core/can_instance.o
 .debug_pubnames
                0x0000085b       0x9c ../core/can_eid.o
 .debug_pubnames
                0x000008f7      0x1d7 ../core/can_board_msg.o
 .debug_pubnames
                0x00000ace       0xcc ../core/can_buff.o
 .debug_pubnames
                0x00000b9a      0x133 ../core/leds.o
 .debug_pubnames
                0x00000ccd       0x39 ../core/bk_system_defs.o
 .debug_pubnames
                0x00000d06       0xe3 ../core/OS_timers.o
 .debug_pubnames
                0x00000de9      0x1bc ../core/configuration.o
 .debug_pubnames
                0x00000fa5       0x23 /usr/local/CrossPack-AVR-20120217/lib/gcc/avr/4.5.1/avr5/libgcc.a(_fixunssfsi.o)
 .debug_pubnames
                0x00000fc8       0x2c /usr/local/CrossPack-AVR-20120217/lib/gcc/avr/4.5.1/avr5/libgcc.a(_addsub_sf.o)
 .debug_pubnames
                0x00000ff4       0x1f /usr/local/CrossPack-AVR-20120217/lib/gcc/avr/4.5.1/avr5/libgcc.a(_mul_sf.o)
 .debug_pubnames
                0x00001013       0x1e /usr/local/CrossPack-AVR-20120217/lib/gcc/avr/4.5.1/avr5/libgcc.a(_ge_sf.o)
 .debug_pubnames
                0x00001031       0x20 /usr/local/CrossPack-AVR-20120217/lib/gcc/avr/4.5.1/avr5/libgcc.a(_sf_to_si.o)
 .debug_pubnames
                0x00001051       0x22 /usr/local/CrossPack-AVR-20120217/lib/gcc/avr/4.5.1/avr5/libgcc.a(_thenan_sf.o)
 .debug_pubnames
                0x00001073       0x24 /usr/local/CrossPack-AVR-20120217/lib/gcc/avr/4.5.1/avr5/libgcc.a(_usi_to_sf.o)
 .debug_pubnames
                0x00001097       0x1f /usr/local/CrossPack-AVR-20120217/lib/gcc/avr/4.5.1/avr5/libgcc.a(_clzsi2.o)
 .debug_pubnames
                0x000010b6       0x1f /usr/local/CrossPack-AVR-20120217/lib/gcc/avr/4.5.1/avr5/libgcc.a(_pack_sf.o)
 .debug_pubnames
                0x000010d5       0x21 /usr/local/CrossPack-AVR-20120217/lib/gcc/avr/4.5.1/avr5/libgcc.a(_unpack_sf.o)
 .debug_pubnames
                0x000010f6       0x26 /usr/local/CrossPack-AVR-20120217/lib/gcc/avr/4.5.1/avr5/libgcc.a(_fpcmp_parts_sf.o)
 .debug_pubnames
                0x0000111c       0x20 /usr/local/CrossPack-AVR-20120217/lib/gcc/avr/4.5.1/avr5/libgcc.a(_clz.o)

.debug_info     0x00000000     0x5d64
 *(.debug_info)
 .debug_info    0x00000000      0x389 button_main.o
 .debug_info    0x00000389      0x688 buttons.o
 .debug_info    0x00000a11      0x38f can_msg.o
 .debug_info    0x00000da0       0xa1 OS_Dispatch.o
 .debug_info    0x00000e41      0x487 can_test_msgs.o
 .debug_info    0x000012c8      0x187 calibrations.o
 .debug_info    0x0000144f      0xd3b ../core/can.o
 .debug_info    0x0000218a      0x4e0 ../core/can_instance.o
 .debug_info    0x0000266a      0x34c ../core/can_eid.o
 .debug_info    0x000029b6      0x5b9 ../core/can_board_msg.o
 .debug_info    0x00002f6f      0x4b1 ../core/can_buff.o
 .debug_info    0x00003420      0x463 ../core/leds.o
 .debug_info    0x00003883       0xc0 ../core/bk_system_defs.o
 .debug_info    0x00003943      0x177 ../core/OS_timers.o
 .debug_info    0x00003aba      0x7f9 ../core/configuration.o
 .debug_info    0x000042b3       0xbd /usr/local/CrossPack-AVR-20120217/lib/gcc/avr/4.5.1/avr5/libgcc.a(_fixunssfsi.o)
 .debug_info    0x00004370      0x455 /usr/local/CrossPack-AVR-20120217/lib/gcc/avr/4.5.1/avr5/libgcc.a(_addsub_sf.o)
 .debug_info    0x000047c5      0x3ec /usr/local/CrossPack-AVR-20120217/lib/gcc/avr/4.5.1/avr5/libgcc.a(_mul_sf.o)
 .debug_info    0x00004bb1      0x28a /usr/local/CrossPack-AVR-20120217/lib/gcc/avr/4.5.1/avr5/libgcc.a(_ge_sf.o)
 .debug_info    0x00004e3b      0x2a5 /usr/local/CrossPack-AVR-20120217/lib/gcc/avr/4.5.1/avr5/libgcc.a(_sf_to_si.o)
 .debug_info    0x000050e0      0x15e /usr/local/CrossPack-AVR-20120217/lib/gcc/avr/4.5.1/avr5/libgcc.a(_thenan_sf.o)
 .debug_info    0x0000523e      0x232 /usr/local/CrossPack-AVR-20120217/lib/gcc/avr/4.5.1/avr5/libgcc.a(_usi_to_sf.o)
 .debug_info    0x00005470      0x12c /usr/local/CrossPack-AVR-20120217/lib/gcc/avr/4.5.1/avr5/libgcc.a(_clzsi2.o)
 .debug_info    0x0000559c      0x2d5 /usr/local/CrossPack-AVR-20120217/lib/gcc/avr/4.5.1/avr5/libgcc.a(_pack_sf.o)
 .debug_info    0x00005871      0x25c /usr/local/CrossPack-AVR-20120217/lib/gcc/avr/4.5.1/avr5/libgcc.a(_unpack_sf.o)
 .debug_info    0x00005acd      0x1f1 /usr/local/CrossPack-AVR-20120217/lib/gcc/avr/4.5.1/avr5/libgcc.a(_fpcmp_parts_sf.o)
 .debug_info    0x00005cbe       0xa6 /usr/local/CrossPack-AVR-20120217/lib/gcc/avr/4.5.1/avr5/libgcc.a(_clz.o)
 *(.gnu.linkonce.wi.*)

.debug_abbrev   0x00000000     0x256a
 *(.debug_abbrev)
 .debug_abbrev  0x00000000      0x1a6 button_main.o
 .debug_abbrev  0x000001a6      0x22e buttons.o
 .debug_abbrev  0x000003d4      0x179 can_msg.o
 .debug_abbrev  0x0000054d       0x62 OS_Dispatch.o
 .debug_abbrev  0x000005af      0x1b7 can_test_msgs.o
 .debug_abbrev  0x00000766       0xcb calibrations.o
 .debug_abbrev  0x00000831      0x32e ../core/can.o
 .debug_abbrev  0x00000b5f      0x1fc ../core/can_instance.o
 .debug_abbrev  0x00000d5b       0xef ../core/can_eid.o
 .debug_abbrev  0x00000e4a      0x221 ../core/can_board_msg.o
 .debug_abbrev  0x0000106b      0x1f4 ../core/can_buff.o
 .debug_abbrev  0x0000125f      0x16e ../core/leds.o
 .debug_abbrev  0x000013cd       0x7f ../core/bk_system_defs.o
 .debug_abbrev  0x0000144c       0xbf ../core/OS_timers.o
 .debug_abbrev  0x0000150b      0x274 ../core/configuration.o
 .debug_abbrev  0x0000177f       0x5d /usr/local/CrossPack-AVR-20120217/lib/gcc/avr/4.5.1/avr5/libgcc.a(_fixunssfsi.o)
 .debug_abbrev  0x000017dc      0x1af /usr/local/CrossPack-AVR-20120217/lib/gcc/avr/4.5.1/avr5/libgcc.a(_addsub_sf.o)
 .debug_abbrev  0x0000198b      0x1d9 /usr/local/CrossPack-AVR-20120217/lib/gcc/avr/4.5.1/avr5/libgcc.a(_mul_sf.o)
 .debug_abbrev  0x00001b64      0x151 /usr/local/CrossPack-AVR-20120217/lib/gcc/avr/4.5.1/avr5/libgcc.a(_ge_sf.o)
 .debug_abbrev  0x00001cb5      0x160 /usr/local/CrossPack-AVR-20120217/lib/gcc/avr/4.5.1/avr5/libgcc.a(_sf_to_si.o)
 .debug_abbrev  0x00001e15       0xcb /usr/local/CrossPack-AVR-20120217/lib/gcc/avr/4.5.1/avr5/libgcc.a(_thenan_sf.o)
 .debug_abbrev  0x00001ee0      0x173 /usr/local/CrossPack-AVR-20120217/lib/gcc/avr/4.5.1/avr5/libgcc.a(_usi_to_sf.o)
 .debug_abbrev  0x00002053       0xce /usr/local/CrossPack-AVR-20120217/lib/gcc/avr/4.5.1/avr5/libgcc.a(_clzsi2.o)
 .debug_abbrev  0x00002121      0x192 /usr/local/CrossPack-AVR-20120217/lib/gcc/avr/4.5.1/avr5/libgcc.a(_pack_sf.o)
 .debug_abbrev  0x000022b3      0x14b /usr/local/CrossPack-AVR-20120217/lib/gcc/avr/4.5.1/avr5/libgcc.a(_unpack_sf.o)
 .debug_abbrev  0x000023fe      0x10b /usr/local/CrossPack-AVR-20120217/lib/gcc/avr/4.5.1/avr5/libgcc.a(_fpcmp_parts_sf.o)
 .debug_abbrev  0x00002509       0x61 /usr/local/CrossPack-AVR-20120217/lib/gcc/avr/4.5.1/avr5/libgcc.a(_clz.o)

.debug_line     0x00000000     0x4022
 *(.debug_line)
 .debug_line    0x00000000      0x2f0 button_main.o
 .debug_line    0x000002f0      0x421 buttons.o
 .debug_line    0x00000711      0x1ee can_msg.o
 .debug_line    0x000008ff       0x76 OS_Dispatch.o
 .debug_line    0x00000975      0x2f2 can_test_msgs.o
 .debug_line    0x00000c67      0x12d calibrations.o
 .debug_line    0x00000d94      0x9f9 ../core/can.o
 .debug_line    0x0000178d      0x3d1 ../core/can_instance.o
 .debug_line    0x00001b5e      0x12c ../core/can_eid.o
 .debug_line    0x00001c8a      0x604 ../core/can_board_msg.o
 .debug_line    0x0000228e      0x280 ../core/can_buff.o
 .debug_line    0x0000250e      0x3b4 ../core/leds.o
 .debug_line    0x000028c2       0xc2 ../core/bk_system_defs.o
 .debug_line    0x00002984      0x1aa ../core/OS_timers.o
 .debug_line    0x00002b2e      0x602 ../core/configuration.o
 .debug_line    0x00003130       0x9d /usr/local/CrossPack-AVR-20120217/lib/gcc/avr/4.5.1/avr5/libgcc.a(_fixunssfsi.o)
 .debug_line    0x000031cd      0x2c2 /usr/local/CrossPack-AVR-20120217/lib/gcc/avr/4.5.1/avr5/libgcc.a(_addsub_sf.o)
 .debug_line    0x0000348f      0x25e /usr/local/CrossPack-AVR-20120217/lib/gcc/avr/4.5.1/avr5/libgcc.a(_mul_sf.o)
 .debug_line    0x000036ed       0xd9 /usr/local/CrossPack-AVR-20120217/lib/gcc/avr/4.5.1/avr5/libgcc.a(_ge_sf.o)
 .debug_line    0x000037c6      0x113 /usr/local/CrossPack-AVR-20120217/lib/gcc/avr/4.5.1/avr5/libgcc.a(_sf_to_si.o)
 .debug_line    0x000038d9       0x86 /usr/local/CrossPack-AVR-20120217/lib/gcc/avr/4.5.1/avr5/libgcc.a(_thenan_sf.o)
 .debug_line    0x0000395f      0x12f /usr/local/CrossPack-AVR-20120217/lib/gcc/avr/4.5.1/avr5/libgcc.a(_usi_to_sf.o)
 .debug_line    0x00003a8e       0xc3 /usr/local/CrossPack-AVR-20120217/lib/gcc/avr/4.5.1/avr5/libgcc.a(_clzsi2.o)
 .debug_line    0x00003b51      0x1c9 /usr/local/CrossPack-AVR-20120217/lib/gcc/avr/4.5.1/avr5/libgcc.a(_pack_sf.o)
 .debug_line    0x00003d1a      0x149 /usr/local/CrossPack-AVR-20120217/lib/gcc/avr/4.5.1/avr5/libgcc.a(_unpack_sf.o)
 .debug_line    0x00003e63      0x14d /usr/local/CrossPack-AVR-20120217/lib/gcc/avr/4.5.1/avr5/libgcc.a(_fpcmp_parts_sf.o)
 .debug_line    0x00003fb0       0x72 /usr/local/CrossPack-AVR-20120217/lib/gcc/avr/4.5.1/avr5/libgcc.a(_clz.o)

.debug_frame    0x00000000      0xab0
 *(.debug_frame)
 .debug_frame   0x00000000       0x50 button_main.o
 .debug_frame   0x00000050      0x130 buttons.o
 .debug_frame   0x00000180       0x50 can_msg.o
 .debug_frame   0x000001d0       0x20 OS_Dispatch.o
 .debug_frame   0x000001f0       0x80 can_test_msgs.o
 .debug_frame   0x00000270       0x60 calibrations.o
 .debug_frame   0x000002d0      0x1c0 ../core/can.o
 .debug_frame   0x00000490       0x90 ../core/can_instance.o
 .debug_frame   0x00000520       0xa0 ../core/can_eid.o
 .debug_frame   0x000005c0       0xa0 ../core/can_board_msg.o
 .debug_frame   0x00000660       0x90 ../core/can_buff.o
 .debug_frame   0x000006f0       0xe0 ../core/leds.o
 .debug_frame   0x000007d0       0x30 ../core/bk_system_defs.o
 .debug_frame   0x00000800       0x70 ../core/OS_timers.o
 .debug_frame   0x00000870       0xe0 ../core/configuration.o
 .debug_frame   0x00000950       0x20 /usr/local/CrossPack-AVR-20120217/lib/gcc/avr/4.5.1/avr5/libgcc.a(_fixunssfsi.o)
 .debug_frame   0x00000970       0x40 /usr/local/CrossPack-AVR-20120217/lib/gcc/avr/4.5.1/avr5/libgcc.a(_addsub_sf.o)
 .debug_frame   0x000009b0       0x20 /usr/local/CrossPack-AVR-20120217/lib/gcc/avr/4.5.1/avr5/libgcc.a(_mul_sf.o)
 .debug_frame   0x000009d0       0x20 /usr/local/CrossPack-AVR-20120217/lib/gcc/avr/4.5.1/avr5/libgcc.a(_ge_sf.o)
 .debug_frame   0x000009f0       0x20 /usr/local/CrossPack-AVR-20120217/lib/gcc/avr/4.5.1/avr5/libgcc.a(_sf_to_si.o)
 .debug_frame   0x00000a10       0x20 /usr/local/CrossPack-AVR-20120217/lib/gcc/avr/4.5.1/avr5/libgcc.a(_usi_to_sf.o)
 .debug_frame   0x00000a30       0x20 /usr/local/CrossPack-AVR-20120217/lib/gcc/avr/4.5.1/avr5/libgcc.a(_clzsi2.o)
 .debug_frame   0x00000a50       0x20 /usr/local/CrossPack-AVR-20120217/lib/gcc/avr/4.5.1/avr5/libgcc.a(_pack_sf.o)
 .debug_frame   0x00000a70       0x20 /usr/local/CrossPack-AVR-20120217/lib/gcc/avr/4.5.1/avr5/libgcc.a(_unpack_sf.o)
 .debug_frame   0x00000a90       0x20 /usr/local/CrossPack-AVR-20120217/lib/gcc/avr/4.5.1/avr5/libgcc.a(_fpcmp_parts_sf.o)

.debug_str      0x00000000     0x1de9
 *(.debug_str)
 .debug_str     0x00000000      0x262 button_main.o
                                0x2e9 (size before relaxing)
 .debug_str     0x00000262      0x262 buttons.o
                                0x351 (size before relaxing)
 .debug_str     0x000004c4      0x10e can_msg.o
                                0x343 (size before relaxing)
 .debug_str     0x000005d2       0x40 OS_Dispatch.o
                                0x10b (size before relaxing)
 .debug_str     0x00000612      0x211 can_test_msgs.o
                                0x41f (size before relaxing)
 .debug_str     0x00000823       0xc3 calibrations.o
                                0x1db (size before relaxing)
 .debug_str     0x000008e6      0x48e ../core/can.o
                                0x6ba (size before relaxing)
 .debug_str     0x00000d74      0x224 ../core/can_instance.o
                                0x483 (size before relaxing)
 .debug_str     0x00000f98      0x13e ../core/can_eid.o
                                0x253 (size before relaxing)
 .debug_str     0x000010d6      0x2f5 ../core/can_board_msg.o
                                0x5ae (size before relaxing)
 .debug_str     0x000013cb      0x16a ../core/can_buff.o
                                0x3b5 (size before relaxing)
 .debug_str     0x00001535      0x208 ../core/leds.o
                                0x362 (size before relaxing)
 .debug_str     0x0000173d       0x4d ../core/bk_system_defs.o
                                0x10b (size before relaxing)
 .debug_str     0x0000178a       0xf8 ../core/OS_timers.o
                                0x1e2 (size before relaxing)
 .debug_str     0x00001882      0x2bb ../core/configuration.o
                                0x596 (size before relaxing)
 .debug_str     0x00001b3d       0xc2 /usr/local/CrossPack-AVR-20120217/lib/gcc/avr/4.5.1/avr5/libgcc.a(_fixunssfsi.o)
                                0x13b (size before relaxing)
 .debug_str     0x00001bff      0x145 /usr/local/CrossPack-AVR-20120217/lib/gcc/avr/4.5.1/avr5/libgcc.a(_addsub_sf.o)
                                0x24e (size before relaxing)
 .debug_str     0x00001d44       0x27 /usr/local/CrossPack-AVR-20120217/lib/gcc/avr/4.5.1/avr5/libgcc.a(_mul_sf.o)
                                0x207 (size before relaxing)
 .debug_str     0x00001d6b        0x8 /usr/local/CrossPack-AVR-20120217/lib/gcc/avr/4.5.1/avr5/libgcc.a(_ge_sf.o)
                                0x1d5 (size before relaxing)
 .debug_str     0x00001d73        0xa /usr/local/CrossPack-AVR-20120217/lib/gcc/avr/4.5.1/avr5/libgcc.a(_sf_to_si.o)
                                0x1de (size before relaxing)
 .debug_str     0x00000000      0x180 /usr/local/CrossPack-AVR-20120217/lib/gcc/avr/4.5.1/avr5/libgcc.a(_thenan_sf.o)
 .debug_str     0x00001d7d       0x2a /usr/local/CrossPack-AVR-20120217/lib/gcc/avr/4.5.1/avr5/libgcc.a(_usi_to_sf.o)
                                0x1c0 (size before relaxing)
 .debug_str     0x00001da7       0x17 /usr/local/CrossPack-AVR-20120217/lib/gcc/avr/4.5.1/avr5/libgcc.a(_clzsi2.o)
                                0x147 (size before relaxing)
 .debug_str     0x00001dbe       0x10 /usr/local/CrossPack-AVR-20120217/lib/gcc/avr/4.5.1/avr5/libgcc.a(_pack_sf.o)
                                0x1dd (size before relaxing)
 .debug_str     0x00001dce        0xb /usr/local/CrossPack-AVR-20120217/lib/gcc/avr/4.5.1/avr5/libgcc.a(_unpack_sf.o)
                                0x1bf (size before relaxing)
 .debug_str     0x00001dd9       0x10 /usr/local/CrossPack-AVR-20120217/lib/gcc/avr/4.5.1/avr5/libgcc.a(_fpcmp_parts_sf.o)
                                0x1a3 (size before relaxing)
 .debug_str     0x00000000      0x12a /usr/local/CrossPack-AVR-20120217/lib/gcc/avr/4.5.1/avr5/libgcc.a(_clz.o)

.debug_loc      0x00000000     0x250d
 *(.debug_loc)
 .debug_loc     0x00000000       0xec button_main.o
 .debug_loc     0x000000ec      0x378 buttons.o
 .debug_loc     0x00000464       0xe6 can_msg.o
 .debug_loc     0x0000054a      0x197 can_test_msgs.o
 .debug_loc     0x000006e1       0x63 calibrations.o
 .debug_loc     0x00000744      0x652 ../core/can.o
 .debug_loc     0x00000d96      0x112 ../core/can_instance.o
 .debug_loc     0x00000ea8       0xa8 ../core/can_eid.o
 .debug_loc     0x00000f50      0x1b4 ../core/can_board_msg.o
 .debug_loc     0x00001104      0x18e ../core/can_buff.o
 .debug_loc     0x00001292      0x148 ../core/leds.o
 .debug_loc     0x000013da       0x34 ../core/bk_system_defs.o
 .debug_loc     0x0000140e      0x5ed ../core/configuration.o
 .debug_loc     0x000019fb       0x34 /usr/local/CrossPack-AVR-20120217/lib/gcc/avr/4.5.1/avr5/libgcc.a(_fixunssfsi.o)
 .debug_loc     0x00001a2f      0x31d /usr/local/CrossPack-AVR-20120217/lib/gcc/avr/4.5.1/avr5/libgcc.a(_addsub_sf.o)
 .debug_loc     0x00001d4c      0x2a4 /usr/local/CrossPack-AVR-20120217/lib/gcc/avr/4.5.1/avr5/libgcc.a(_mul_sf.o)
 .debug_loc     0x00001ff0       0x48 /usr/local/CrossPack-AVR-20120217/lib/gcc/avr/4.5.1/avr5/libgcc.a(_ge_sf.o)
 .debug_loc     0x00002038       0x56 /usr/local/CrossPack-AVR-20120217/lib/gcc/avr/4.5.1/avr5/libgcc.a(_sf_to_si.o)
 .debug_loc     0x0000208e       0x96 /usr/local/CrossPack-AVR-20120217/lib/gcc/avr/4.5.1/avr5/libgcc.a(_usi_to_sf.o)
 .debug_loc     0x00002124       0xb2 /usr/local/CrossPack-AVR-20120217/lib/gcc/avr/4.5.1/avr5/libgcc.a(_clzsi2.o)
 .debug_loc     0x000021d6      0x1d6 /usr/local/CrossPack-AVR-20120217/lib/gcc/avr/4.5.1/avr5/libgcc.a(_pack_sf.o)
 .debug_loc     0x000023ac      0x111 /usr/local/CrossPack-AVR-20120217/lib/gcc/avr/4.5.1/avr5/libgcc.a(_unpack_sf.o)
 .debug_loc     0x000024bd       0x50 /usr/local/CrossPack-AVR-20120217/lib/gcc/avr/4.5.1/avr5/libgcc.a(_fpcmp_parts_sf.o)

.debug_macinfo
 *(.debug_macinfo)
OUTPUT(button_board.elf elf32-avr)
LOAD linker stubs

.debug_pubtypes
                0x00000000      0x76b
 .debug_pubtypes
                0x00000000       0x35 button_main.o
 .debug_pubtypes
                0x00000035       0x21 buttons.o
 .debug_pubtypes
                0x00000056       0x35 can_msg.o
 .debug_pubtypes
                0x0000008b       0x12 OS_Dispatch.o
 .debug_pubtypes
                0x0000009d       0x3f can_test_msgs.o
 .debug_pubtypes
                0x000000dc       0x12 calibrations.o
 .debug_pubtypes
                0x000000ee       0x31 ../core/can.o
 .debug_pubtypes
                0x0000011f       0x26 ../core/can_instance.o
 .debug_pubtypes
                0x00000145       0x1d ../core/can_eid.o
 .debug_pubtypes
                0x00000162       0x4a ../core/can_board_msg.o
 .debug_pubtypes
                0x000001ac       0x26 ../core/can_buff.o
 .debug_pubtypes
                0x000001d2       0x35 ../core/leds.o
 .debug_pubtypes
                0x00000207       0x12 ../core/bk_system_defs.o
 .debug_pubtypes
                0x00000219       0x12 ../core/OS_timers.o
 .debug_pubtypes
                0x0000022b       0x3f ../core/configuration.o
 .debug_pubtypes
                0x0000026a       0x34 /usr/local/CrossPack-AVR-20120217/lib/gcc/avr/4.5.1/avr5/libgcc.a(_fixunssfsi.o)
 .debug_pubtypes
                0x0000029e       0x9d /usr/local/CrossPack-AVR-20120217/lib/gcc/avr/4.5.1/avr5/libgcc.a(_addsub_sf.o)
 .debug_pubtypes
                0x0000033b       0x86 /usr/local/CrossPack-AVR-20120217/lib/gcc/avr/4.5.1/avr5/libgcc.a(_mul_sf.o)
 .debug_pubtypes
                0x000003c1       0x91 /usr/local/CrossPack-AVR-20120217/lib/gcc/avr/4.5.1/avr5/libgcc.a(_ge_sf.o)
 .debug_pubtypes
                0x00000452       0x91 /usr/local/CrossPack-AVR-20120217/lib/gcc/avr/4.5.1/avr5/libgcc.a(_sf_to_si.o)
 .debug_pubtypes
                0x000004e3       0x5b /usr/local/CrossPack-AVR-20120217/lib/gcc/avr/4.5.1/avr5/libgcc.a(_thenan_sf.o)
 .debug_pubtypes
                0x0000053e       0x73 /usr/local/CrossPack-AVR-20120217/lib/gcc/avr/4.5.1/avr5/libgcc.a(_usi_to_sf.o)
 .debug_pubtypes
                0x000005b1       0x35 /usr/local/CrossPack-AVR-20120217/lib/gcc/avr/4.5.1/avr5/libgcc.a(_clzsi2.o)
 .debug_pubtypes
                0x000005e6       0x86 /usr/local/CrossPack-AVR-20120217/lib/gcc/avr/4.5.1/avr5/libgcc.a(_pack_sf.o)
 .debug_pubtypes
                0x0000066c       0x86 /usr/local/CrossPack-AVR-20120217/lib/gcc/avr/4.5.1/avr5/libgcc.a(_unpack_sf.o)
 .debug_pubtypes
                0x000006f2       0x5b /usr/local/CrossPack-AVR-20120217/lib/gcc/avr/4.5.1/avr5/libgcc.a(_fpcmp_parts_sf.o)
 .debug_pubtypes
                0x0000074d       0x1e /usr/local/CrossPack-AVR-20120217/lib/gcc/avr/4.5.1/avr5/libgcc.a(_clz.o)

.debug_ranges   0x00000000      0x1b8
 .debug_ranges  0x00000000       0x80 buttons.o
 .debug_ranges  0x00000080       0x18 can_msg.o
 .debug_ranges  0x00000098       0x60 ../core/can.o
 .debug_ranges  0x000000f8       0x18 ../core/can_instance.o
 .debug_ranges  0x00000110       0x18 ../core/can_board_msg.o
 .debug_ranges  0x00000128       0x30 ../core/can_buff.o
 .debug_ranges  0x00000158       0x18 ../core/OS_timers.o
 .debug_ranges  0x00000170       0x18 ../core/configuration.o
 .debug_ranges  0x00000188       0x30 /usr/local/CrossPack-AVR-20120217/lib/gcc/avr/4.5.1/avr5/libgcc.a(_mul_sf.o)
