Archive member included because of file (symbol)

/usr/local/CrossPack-AVR-20120217/lib/gcc/avr/4.5.1/avr5/libgcc.a(_udivmodhi4.o)
                              pot.o (__udivmodhi4)
/usr/local/CrossPack-AVR-20120217/lib/gcc/avr/4.5.1/avr5/libgcc.a(_divmodhi4.o)
                              can_msg.o (__divmodhi4)
/usr/local/CrossPack-AVR-20120217/lib/gcc/avr/4.5.1/avr5/libgcc.a(_divmodsi4.o)
                              pot.o (__divmodsi4)
/usr/local/CrossPack-AVR-20120217/lib/gcc/avr/4.5.1/avr5/libgcc.a(_exit.o)
                              /usr/local/CrossPack-AVR-20120217/lib/gcc/avr/4.5.1/../../../../avr/lib/avr5/crtm16m1.o (exit)
/usr/local/CrossPack-AVR-20120217/lib/gcc/avr/4.5.1/avr5/libgcc.a(_copy_data.o)
                              can_msg.o (__do_copy_data)
/usr/local/CrossPack-AVR-20120217/lib/gcc/avr/4.5.1/avr5/libgcc.a(_clear_bss.o)
                              bigmotor_main.o (__do_clear_bss)
/usr/local/CrossPack-AVR-20120217/lib/gcc/avr/4.5.1/avr5/libgcc.a(_fixunssfsi.o)
                              can_msg.o (__fixunssfsi)
/usr/local/CrossPack-AVR-20120217/lib/gcc/avr/4.5.1/avr5/libgcc.a(_addsub_sf.o)
                              pot.o (__addsf3)
/usr/local/CrossPack-AVR-20120217/lib/gcc/avr/4.5.1/avr5/libgcc.a(_mul_sf.o)
                              can_msg.o (__mulsf3)
/usr/local/CrossPack-AVR-20120217/lib/gcc/avr/4.5.1/avr5/libgcc.a(_div_sf.o)
                              can_msg.o (__divsf3)
/usr/local/CrossPack-AVR-20120217/lib/gcc/avr/4.5.1/avr5/libgcc.a(_gt_sf.o)
                              can_msg.o (__gtsf2)
/usr/local/CrossPack-AVR-20120217/lib/gcc/avr/4.5.1/avr5/libgcc.a(_ge_sf.o)
                              /usr/local/CrossPack-AVR-20120217/lib/gcc/avr/4.5.1/avr5/libgcc.a(_fixunssfsi.o) (__gesf2)
/usr/local/CrossPack-AVR-20120217/lib/gcc/avr/4.5.1/avr5/libgcc.a(_lt_sf.o)
                              ../core/pwm.o (__ltsf2)
/usr/local/CrossPack-AVR-20120217/lib/gcc/avr/4.5.1/avr5/libgcc.a(_si_to_sf.o)
                              can_msg.o (__floatsisf)
/usr/local/CrossPack-AVR-20120217/lib/gcc/avr/4.5.1/avr5/libgcc.a(_sf_to_si.o)
                              pot.o (__fixsfsi)
/usr/local/CrossPack-AVR-20120217/lib/gcc/avr/4.5.1/avr5/libgcc.a(_thenan_sf.o)
                              /usr/local/CrossPack-AVR-20120217/lib/gcc/avr/4.5.1/avr5/libgcc.a(_addsub_sf.o) (__thenan_sf)
/usr/local/CrossPack-AVR-20120217/lib/gcc/avr/4.5.1/avr5/libgcc.a(_usi_to_sf.o)
                              pot.o (__floatunsisf)
/usr/local/CrossPack-AVR-20120217/lib/gcc/avr/4.5.1/avr5/libgcc.a(_udivmodsi4.o)
                              /usr/local/CrossPack-AVR-20120217/lib/gcc/avr/4.5.1/avr5/libgcc.a(_divmodsi4.o) (__udivmodsi4)
/usr/local/CrossPack-AVR-20120217/lib/gcc/avr/4.5.1/avr5/libgcc.a(_prologue.o)
                              /usr/local/CrossPack-AVR-20120217/lib/gcc/avr/4.5.1/avr5/libgcc.a(_addsub_sf.o) (__prologue_saves__)
/usr/local/CrossPack-AVR-20120217/lib/gcc/avr/4.5.1/avr5/libgcc.a(_epilogue.o)
                              /usr/local/CrossPack-AVR-20120217/lib/gcc/avr/4.5.1/avr5/libgcc.a(_addsub_sf.o) (__epilogue_restores__)
/usr/local/CrossPack-AVR-20120217/lib/gcc/avr/4.5.1/avr5/libgcc.a(_clzsi2.o)
                              /usr/local/CrossPack-AVR-20120217/lib/gcc/avr/4.5.1/avr5/libgcc.a(_si_to_sf.o) (__clzsi2)
/usr/local/CrossPack-AVR-20120217/lib/gcc/avr/4.5.1/avr5/libgcc.a(_pack_sf.o)
                              /usr/local/CrossPack-AVR-20120217/lib/gcc/avr/4.5.1/avr5/libgcc.a(_addsub_sf.o) (__pack_f)
/usr/local/CrossPack-AVR-20120217/lib/gcc/avr/4.5.1/avr5/libgcc.a(_unpack_sf.o)
                              /usr/local/CrossPack-AVR-20120217/lib/gcc/avr/4.5.1/avr5/libgcc.a(_addsub_sf.o) (__unpack_f)
/usr/local/CrossPack-AVR-20120217/lib/gcc/avr/4.5.1/avr5/libgcc.a(_fpcmp_parts_sf.o)
                              /usr/local/CrossPack-AVR-20120217/lib/gcc/avr/4.5.1/avr5/libgcc.a(_gt_sf.o) (__fpcmp_parts_f)
/usr/local/CrossPack-AVR-20120217/lib/gcc/avr/4.5.1/avr5/libgcc.a(_clz.o)
                              /usr/local/CrossPack-AVR-20120217/lib/gcc/avr/4.5.1/avr5/libgcc.a(_clzsi2.o) (__clz_tab)
/usr/local/CrossPack-AVR-20120217/lib/gcc/avr/4.5.1/../../../../avr/lib/avr5/libm.a(ceil.o)
                              ../core/pwm.o (ceil)
/usr/local/CrossPack-AVR-20120217/lib/gcc/avr/4.5.1/../../../../avr/lib/avr5/libm.a(fp_mintl.o)
                              /usr/local/CrossPack-AVR-20120217/lib/gcc/avr/4.5.1/../../../../avr/lib/avr5/libm.a(ceil.o) (__fp_mintl)
/usr/local/CrossPack-AVR-20120217/lib/gcc/avr/4.5.1/../../../../avr/lib/avr5/libm.a(fp_mpack.o)
                              /usr/local/CrossPack-AVR-20120217/lib/gcc/avr/4.5.1/../../../../avr/lib/avr5/libm.a(ceil.o) (__fp_mpack)
/usr/local/CrossPack-AVR-20120217/lib/gcc/avr/4.5.1/../../../../avr/lib/avr5/libm.a(fp_trunc.o)
                              /usr/local/CrossPack-AVR-20120217/lib/gcc/avr/4.5.1/../../../../avr/lib/avr5/libm.a(ceil.o) (__fp_trunc)
/usr/local/CrossPack-AVR-20120217/lib/gcc/avr/4.5.1/../../../../avr/lib/avr5/libm.a(fp_zero.o)
                              /usr/local/CrossPack-AVR-20120217/lib/gcc/avr/4.5.1/../../../../avr/lib/avr5/libm.a(ceil.o) (__fp_szero)
/usr/local/CrossPack-AVR-20120217/lib/gcc/avr/4.5.1/../../../../avr/lib/avr5/libm.a(fp_split3.o)
                              /usr/local/CrossPack-AVR-20120217/lib/gcc/avr/4.5.1/../../../../avr/lib/avr5/libm.a(fp_trunc.o) (__fp_splitA)

Memory Configuration

Name             Origin             Length             Attributes
text             0x00000000         0x00020000         xr
data             0x00800060         0x0000ffa0         rw !x
eeprom           0x00810000         0x00010000         rw !x
fuse             0x00820000         0x00000400         rw !x
lock             0x00830000         0x00000400         rw !x
signature        0x00840000         0x00000400         rw !x
*default*        0x00000000         0xffffffff

Linker script and memory map

Address of section .data set to 0x800100
LOAD /usr/local/CrossPack-AVR-20120217/lib/gcc/avr/4.5.1/../../../../avr/lib/avr5/crtm16m1.o
LOAD bigmotor_main.o
LOAD can_msg.o
LOAD calibrations.o
LOAD motor.o
LOAD pot.o
LOAD encoder.o
LOAD OS_Dispatch.o
LOAD adc.o
LOAD ../core/can.o
LOAD ../core/can_instance.o
LOAD ../core/can_eid.o
LOAD ../core/can_board_msg.o
LOAD ../core/can_buff.o
LOAD ../core/leds.o
LOAD ../core/pwm.o
LOAD ../core/bk_system_defs.o
LOAD ../core/OS_timers.o
LOAD ../core/configuration.o
LOAD /usr/local/CrossPack-AVR-20120217/lib/gcc/avr/4.5.1/avr5/libgcc.a
LOAD /usr/local/CrossPack-AVR-20120217/lib/gcc/avr/4.5.1/../../../../avr/lib/avr5/libm.a
LOAD /usr/local/CrossPack-AVR-20120217/lib/gcc/avr/4.5.1/avr5/libgcc.a
LOAD /usr/local/CrossPack-AVR-20120217/lib/gcc/avr/4.5.1/../../../../avr/lib/avr5/libc.a
LOAD /usr/local/CrossPack-AVR-20120217/lib/gcc/avr/4.5.1/avr5/libgcc.a

.hash
 *(.hash)

.dynsym
 *(.dynsym)

.dynstr
 *(.dynstr)

.gnu.version
 *(.gnu.version)

.gnu.version_d
 *(.gnu.version_d)

.gnu.version_r
 *(.gnu.version_r)

.rel.init
 *(.rel.init)

.rela.init
 *(.rela.init)

.rel.text
 *(.rel.text)
 *(.rel.text.*)
 *(.rel.gnu.linkonce.t*)

.rela.text
 *(.rela.text)
 *(.rela.text.*)
 *(.rela.gnu.linkonce.t*)

.rel.fini
 *(.rel.fini)

.rela.fini
 *(.rela.fini)

.rel.rodata
 *(.rel.rodata)
 *(.rel.rodata.*)
 *(.rel.gnu.linkonce.r*)

.rela.rodata
 *(.rela.rodata)
 *(.rela.rodata.*)
 *(.rela.gnu.linkonce.r*)

.rel.data
 *(.rel.data)
 *(.rel.data.*)
 *(.rel.gnu.linkonce.d*)

.rela.data
 *(.rela.data)
 *(.rela.data.*)
 *(.rela.gnu.linkonce.d*)

.rel.ctors
 *(.rel.ctors)

.rela.ctors
 *(.rela.ctors)

.rel.dtors
 *(.rel.dtors)

.rela.dtors
 *(.rela.dtors)

.rel.got
 *(.rel.got)

.rela.got
 *(.rela.got)

.rel.bss
 *(.rel.bss)

.rela.bss
 *(.rela.bss)

.rel.plt
 *(.rel.plt)

.rela.plt
 *(.rela.plt)

.text           0x00000000     0x47ce
 *(.vectors)
 .vectors       0x00000000       0x7c /usr/local/CrossPack-AVR-20120217/lib/gcc/avr/4.5.1/../../../../avr/lib/avr5/crtm16m1.o
                0x00000000                __vectors
                0x00000000                __vector_default
 *(.vectors)
 *(.progmem.gcc*)
 *(.progmem*)
 .progmem.data  0x0000007c       0x10 ../core/can_board_msg.o
                0x0000007c                BoardDescription
                0x0000008c                . = ALIGN (0x2)
                0x0000008c                __trampolines_start = .
 *(.trampolines)
 .trampolines   0x0000008c        0x0 linker stubs
 *(.trampolines*)
                0x0000008c                __trampolines_end = .
 *(.jumptables)
 *(.jumptables*)
 *(.lowtext)
 *(.lowtext*)
                0x0000008c                __ctors_start = .
 *(.ctors)
                0x0000008c                __ctors_end = .
                0x0000008c                __dtors_start = .
 *(.dtors)
                0x0000008c                __dtors_end = .
 SORT(*)(.ctors)
 SORT(*)(.dtors)
 *(.init0)
 .init0         0x0000008c        0x0 /usr/local/CrossPack-AVR-20120217/lib/gcc/avr/4.5.1/../../../../avr/lib/avr5/crtm16m1.o
                0x0000008c                __init
 *(.init0)
 *(.init1)
 *(.init1)
 *(.init2)
 .init2         0x0000008c        0xc /usr/local/CrossPack-AVR-20120217/lib/gcc/avr/4.5.1/../../../../avr/lib/avr5/crtm16m1.o
 *(.init2)
 *(.init3)
 *(.init3)
 *(.init4)
 .init4         0x00000098       0x16 /usr/local/CrossPack-AVR-20120217/lib/gcc/avr/4.5.1/avr5/libgcc.a(_copy_data.o)
                0x00000098                __do_copy_data
 .init4         0x000000ae       0x10 /usr/local/CrossPack-AVR-20120217/lib/gcc/avr/4.5.1/avr5/libgcc.a(_clear_bss.o)
                0x000000ae                __do_clear_bss
 *(.init4)
 *(.init5)
 *(.init5)
 *(.init6)
 *(.init6)
 *(.init7)
 *(.init7)
 *(.init8)
 *(.init8)
 *(.init9)
 .init9         0x000000be        0x8 /usr/local/CrossPack-AVR-20120217/lib/gcc/avr/4.5.1/../../../../avr/lib/avr5/crtm16m1.o
 *(.init9)
 *(.text)
 .text          0x000000c6        0x4 /usr/local/CrossPack-AVR-20120217/lib/gcc/avr/4.5.1/../../../../avr/lib/avr5/crtm16m1.o
                0x000000c6                __vector_20
                0x000000c6                __vector_1
                0x000000c6                __vector_24
                0x000000c6                __vector_12
                0x000000c6                __bad_interrupt
                0x000000c6                __vector_6
                0x000000c6                __vector_3
                0x000000c6                __vector_23
                0x000000c6                __vector_30
                0x000000c6                __vector_25
                0x000000c6                __vector_11
                0x000000c6                __vector_13
                0x000000c6                __vector_17
                0x000000c6                __vector_19
                0x000000c6                __vector_7
                0x000000c6                __vector_5
                0x000000c6                __vector_4
                0x000000c6                __vector_9
                0x000000c6                __vector_2
                0x000000c6                __vector_21
                0x000000c6                __vector_29
                0x000000c6                __vector_8
                0x000000c6                __vector_26
                0x000000c6                __vector_14
                0x000000c6                __vector_10
                0x000000c6                __vector_16
                0x000000c6                __vector_28
 .text          0x000000ca      0x1ae bigmotor_main.o
                0x000000ca                _Z24can_prep_eeprom_dump_msgP4sCANPh
                0x00000190                _Z25can_prep_eeprom_dump1_msgv
                0x000001b0                _Z25can_prep_eeprom_dump2_msgv
                0x000001d0                _Z25can_prep_eeprom_dump3_msgv
                0x000001f0                _Z4initv
                0x0000025a                main
 .text          0x00000278      0x812 can_msg.o
                0x00000278                _Z17extract_float_msgPh
                0x000002b8                _Z15extract_word_bePh
                0x000002ca                _Z15extract_word_lePh
                0x000002dc                _Z19extract_long_int_bePh
                0x0000033e                _Z19extract_long_int_lePh
                0x00000390                _Z17can_proc_tilt_msgP4sCAN
                0x000003fe                _Z21can_proc_set_stop_msgP4sCAN
                0x00000478                _Z26can_proc_move_to_angle_msgP4sCAN
                0x000004de                _Z23can_proc_move_speed_msgP4sCAN
                0x00000544                _Z28can_proc_move_dual_speed_msgP4sCAN
                0x000005be                _Z29can_proc_max_acceleration_msgP4sCAN
                0x000005c0                _Z13can_prep_stopP4sCANh
                0x00000666                _Z16can_file_messageP4sCAN
                0x000007f2                _Z20can_prep_motor_angleP4sCAN
                0x000008d4                _Z25can_prep_motor_values_rawP4sCAN
                0x00000968                _Z20can_prep_motor_speedP4sCAN11float_array
                0x00000a06                _Z20can_prep_motor_accelP4sCAN11float_array
                0x00000a5a                _Z21can_prep_motor_statusP4sCAN
 .text          0x00000a8a      0x2e8 calibrations.o
                0x00000a8a                _Z25app_default_configurationv
                0x00000aac                _Z13config_changeh
                0x00000ab8                _Z17save_stops_eepromPh
                0x00000b1a                _Z17read_stops_eepromPh
                0x00000b6e                _Z29save_currentThresholds_eepromPh
                0x00000bca                _Z29read_currentThresholds_eepromPh
                0x00000c16                _Z27save_latest_position_eepromPh
                0x00000c92                _Z8save_calv
                0x00000ca4                _Z27read_latest_position_eepromPh
                0x00000d1c                _Z8read_calv
                0x00000d2e                _Z13getReportRatev
 .text          0x00000d72      0x2ea motor.o
                0x00000d72                _Z16SetBaseFrequencyv
                0x00000dd2                _Z10motor_initv
                0x00000df8                _Z15get_motor_anglev
                0x00000e14                _Z12motor_enableh
                0x00000e28                _Z10motor_stopv
                0x00000e42                _Z11stop_actiont
                0x00000e58                _Z11motor_brakeh
                0x00000e78                _Z11motor_coasth
                0x00000e98                _Z14motor_set_dutyf
                0x00000ef4                _Z20motor_timeslice_10msv
 .text          0x0000105c      0x77e pot.o
                0x0000105c                _Z8pot_initv
                0x000010d0                _Z13pot_timeslicev
                0x0000111a                _Z7get_potv
                0x00001124                _Z27get_distance_to_destinationv
                0x0000113c                _Z28get_direction_to_destinationv
                0x00001170                _Z17compute_pot_speedv
                0x0000119e                _Z24compute_pot_accelerationv
                0x000011cc                _Z11pot_percentv
                0x00001226                _Z16convert_to_anglet
                0x000012ec                _Z13get_pot_anglev
                0x000012fe                _Z21convert_to_fixedpointf
                0x00001310                _Z16convert_to_valuel
                0x000013e6                _Z21compute_default_stopsv
                0x00001428                _Z13compute_rangev
                0x0000147e                _Z18get_min_stop_valuev
                0x0000149a                _Z18get_min_stop_anglev
                0x000014ce                _Z18get_max_stop_valuev
                0x000014ea                _Z18get_max_stop_anglev
                0x0000151e                _Z20order_stops_by_valuev
                0x00001586                _Z20order_stops_by_anglev
                0x00001618                _Z11check_stopst
                0x000016c2                _Z11check_stalltt
                0x000016e2                _Z19destination_reachedv
 .text          0x000017da      0x136 encoder.o
                0x000017da                __vector_22
                0x0000183a                _Z12encoder_initv
                0x00001862                _Z17encoder_timeslicev
                0x00001908                _Z17get_encoder_anglev
 .text          0x00001910       0x56 OS_Dispatch.o
                0x00001910                _Z11OS_Dispatchv
 .text          0x00001966      0x27a adc.o
                0x00001966                __vector_27
                0x00001afc                _Z9adc_sleepv
                0x00001b08                _Z8adc_initv
                0x00001b30                _Z14start_samplingv
                0x00001b42                _Z36calc_load_current_from_sense_currentt
                0x00001b76                _Z15convert_to_ampst
                0x00001b78                _Z17read_current_leftv
                0x00001bac                _Z18read_current_rightv
 .text          0x00001be0      0x790 ../core/can.o
                0x00001be0                _Z15set_rx_callbackPFvP4sCANE
                0x00001bea                _Z15set_tx_callbackPFvvE
                0x00001bf4                _Z26can_add_instance_to_filterht
                0x00001c54                _Z31can_remove_instance_from_filterh
                0x00001c78                _Z10can_set_idh6idType
                0x00001cd8                _Z20can_add_id_to_filterhtt
                0x00001da0                _Z25can_remove_id_from_filterh
                0x00001dcc                _Z12can_set_maskhss
                0x00001dec                _Z11can_set_taghss
                0x00001e0c                _Z21can_setup_receive_mobhssh
                0x00001e68                _Z13can_init_mobsv
                0x00001f18                _Z15can_disable_mobh
                0x00001f30                _Z15can_retrieve_idP4sCAN
                0x00001f9e                _Z17can_retrieve_dataP4sCAN
                0x00001fe0                __vector_18
                0x0000212e                _Z20can_send_msg_no_waithP4sCAN
                0x00002194                _Z12can_send_msghP4sCAN
                0x000021a2                _Z17can_get_timestampv
                0x000021b8                _Z11can_get_msgP4sCAN
                0x000021ea                _Z8set_baudh
                0x0000222e                _Z8can_inith
                0x0000226a                _Z15can_set_baud_1Mh
                0x00002294                _Z17can_set_baud_500Kh
                0x000022c0                _Z17can_set_baud_250Kh
                0x000022ec                _Z17can_set_baud_200Kh
                0x00002318                _Z17can_set_baud_125Kh
                0x00002344                _Z17can_set_baud_100Kh
 .text          0x00002370      0x2ac ../core/can_instance.o
                0x00002370                _Z22random_number_adc_initv
                0x00002388                _Z18pick_random_numberv
                0x000023dc                _Z24setup_instance_claim_mobv
                0x00002402                _Z17can_instance_initv
                0x0000246a                _Z25can_prep_instance_requestP4sCANh
                0x000024b2                _Z22can_instance_timeslicev
                0x000025da                _Z23can_prep_instance_queryP4sCAN
                0x00002608                _Z28can_process_instance_requestP4sCAN
 .text          0x0000261c       0x60 ../core/can_eid.o
                0x0000261c                _Z14create_CAN_eidth
                0x00002628                _Z14create_CAN_eidhth
                0x00002636                _Z9get_block6idType
                0x0000263a                _Z12get_instance6idType
                0x0000263e                _Z6get_id6idType
                0x00002644                _Z5match6idTypeS_
                0x00002656                _Z11block_match6idTypeS_
                0x0000265e                _Z8id_match6idTypeS_
                0x00002674                _Z14instance_match6idTypeh
 .text          0x0000267c      0x4d8 ../core/can_board_msg.o
                0x0000267c                _Z22set_configure_callbackPFvhE
                0x00002686                _Z27can_prep_board_presence_msgP4sCAN
                0x000026c4                _Z27can_prep_board_revision_msgP4sCAN
                0x00002700                _Z26can_prep_serial_number_msgP4sCAN
                0x0000273c                _Z30can_prep_board_description_msgP4sCAN
                0x00002788                _Z24can_board_presence_replyv
                0x000027ee                _Z19can_board_timeslicev
                0x000028b8                _Z18can_prep_configureP4sCAN
                0x000028f8                _Z23can_board_msg_responderP4sCAN
 .text          0x00002b54      0x1e2 ../core/can_buff.o
                0x00002b54                _Z11FindMailBox6idType
                0x00002bc0                _Z12copy_can_msgP4sCANS0_
                0x00002bd8                _Z16addNormalHistoryP4sCAN
                0x00002c14                _Z17addMailboxHistoryP4sCAN
                0x00002c94                _Z12QueueMessageP4sCAN
                0x00002ca8                _Z15RetrieveMessagev
                0x00002cfc                _Z13GetMessagePtrh
                0x00002d1e                _Z15CAN_Q_Timeslicev
 .text          0x00002d36      0x238 ../core/leds.o
                0x00002d36                _Z9init_ledsv
                0x00002d50                _Z16protected_led_onh
                0x00002d76                _Z17protected_led_offh
                0x00002d9c                _Z11strobe_ledsh
                0x00002dfe                _Z6led_onh
                0x00002e0c                _Z7led_offh
                0x00002e1a                _Z17protected_set_ledhh
                0x00002e2a                _Z7set_ledhh
                0x00002e38                _Z19protected_show_bytehh
                0x00002e90                _Z9show_bytehh
                0x00002ea2                _Z18show_result_toggleh
                0x00002ed6                _Z21can_parse_led_requestP4sCAN
                0x00002f12                _Z19led_timeslice_100msv
 .text          0x00002f6e      0x384 ../core/pwm.o
                0x00002f6e                _Z11OCR1A_Writej
                0x00002f7e                _Z11OCR1B_Writej
                0x00002f8e                _Z13get_top_valuef
                0x00002fd0                _Z7set_topt
                0x00002fe2                _Z16select_prescalerf
                0x000030be                _Z20get_tccr1b_prescalert
                0x000030fe                _Z17set_base_PWM_freqf
                0x0000314e                _Z8pwm_initfhh
                0x00003202                _Z13set_polarityAh
                0x00003220                _Z13set_polarityBh
                0x0000323e                _Z9set_dutyAf
                0x00003298                _Z9set_dutyBf
 .text          0x000032f2       0x88 ../core/bk_system_defs.o
                0x000032f2                _Z5delayl
                0x00003362                _Z9chip_initv
 .text          0x0000337a      0x162 ../core/OS_timers.o
                0x0000337a                _Z11OS_InitTaskv
                0x00003394                _Z13Enter_HS_Modev
                0x0000339c                _Z17Enter_Normal_Modev
                0x000033a2                _Z15System_Dispatchv
                0x000033fe                __vector_15
                0x000034c2                _Z11OS_tmr_initv
 .text          0x000034dc      0x282 ../core/configuration.o
                0x000034dc                _Z27can_parse_configure_requestP4sCAN
                0x00003534                _Z21default_configurationv
                0x00003560                _Z11config_initv
                0x00003572                _Z20save_instance_numberPh
                0x00003596                _Z20read_instance_numberPh
                0x000035b0                _Z21save_confirmed_statusPh
                0x000035d4                _Z21read_confirmed_statusPh
                0x000035ee                _Z25save_configuration_eepromPh
                0x00003698                _Z18save_configurationv
                0x000036aa                _Z21save_configuration_div
                0x000036b2                _Z21make_system_new_boardt
                0x000036d4                _Z25read_configuration_eepromPh
                0x0000374c                _Z18read_configurationv
 .text          0x0000375e        0x0 /usr/local/CrossPack-AVR-20120217/lib/gcc/avr/4.5.1/avr5/libgcc.a(_udivmodhi4.o)
 .text          0x0000375e        0x0 /usr/local/CrossPack-AVR-20120217/lib/gcc/avr/4.5.1/avr5/libgcc.a(_divmodhi4.o)
 .text          0x0000375e        0x0 /usr/local/CrossPack-AVR-20120217/lib/gcc/avr/4.5.1/avr5/libgcc.a(_divmodsi4.o)
 .text          0x0000375e        0x0 /usr/local/CrossPack-AVR-20120217/lib/gcc/avr/4.5.1/avr5/libgcc.a(_exit.o)
 .text          0x0000375e        0x0 /usr/local/CrossPack-AVR-20120217/lib/gcc/avr/4.5.1/avr5/libgcc.a(_copy_data.o)
 .text          0x0000375e        0x0 /usr/local/CrossPack-AVR-20120217/lib/gcc/avr/4.5.1/avr5/libgcc.a(_clear_bss.o)
 .text          0x0000375e       0x58 /usr/local/CrossPack-AVR-20120217/lib/gcc/avr/4.5.1/avr5/libgcc.a(_fixunssfsi.o)
                0x0000375e                __fixunssfsi
 .text          0x000037b6      0x350 /usr/local/CrossPack-AVR-20120217/lib/gcc/avr/4.5.1/avr5/libgcc.a(_addsub_sf.o)
                0x00003a4a                __addsf3
                0x00003aa4                __subsf3
 .text          0x00003b06      0x1f4 /usr/local/CrossPack-AVR-20120217/lib/gcc/avr/4.5.1/avr5/libgcc.a(_mul_sf.o)
                0x00003b06                __mulsf3
 .text          0x00003cfa      0x15c /usr/local/CrossPack-AVR-20120217/lib/gcc/avr/4.5.1/avr5/libgcc.a(_div_sf.o)
                0x00003cfa                __divsf3
 .text          0x00003e56       0x60 /usr/local/CrossPack-AVR-20120217/lib/gcc/avr/4.5.1/avr5/libgcc.a(_gt_sf.o)
                0x00003e56                __gtsf2
 .text          0x00003eb6       0x60 /usr/local/CrossPack-AVR-20120217/lib/gcc/avr/4.5.1/avr5/libgcc.a(_ge_sf.o)
                0x00003eb6                __gesf2
 .text          0x00003f16       0x60 /usr/local/CrossPack-AVR-20120217/lib/gcc/avr/4.5.1/avr5/libgcc.a(_lt_sf.o)
                0x00003f16                __ltsf2
 .text          0x00003f76       0xc0 /usr/local/CrossPack-AVR-20120217/lib/gcc/avr/4.5.1/avr5/libgcc.a(_si_to_sf.o)
                0x00003f76                __floatsisf
 .text          0x00004036       0xa4 /usr/local/CrossPack-AVR-20120217/lib/gcc/avr/4.5.1/avr5/libgcc.a(_sf_to_si.o)
                0x00004036                __fixsfsi
 .text          0x000040da        0x0 /usr/local/CrossPack-AVR-20120217/lib/gcc/avr/4.5.1/avr5/libgcc.a(_thenan_sf.o)
 .text          0x000040da       0xf0 /usr/local/CrossPack-AVR-20120217/lib/gcc/avr/4.5.1/avr5/libgcc.a(_usi_to_sf.o)
                0x000040da                __floatunsisf
 .text          0x000041ca        0x0 /usr/local/CrossPack-AVR-20120217/lib/gcc/avr/4.5.1/avr5/libgcc.a(_udivmodsi4.o)
 .text          0x000041ca        0x0 /usr/local/CrossPack-AVR-20120217/lib/gcc/avr/4.5.1/avr5/libgcc.a(_prologue.o)
 .text          0x000041ca        0x0 /usr/local/CrossPack-AVR-20120217/lib/gcc/avr/4.5.1/avr5/libgcc.a(_epilogue.o)
 .text          0x000041ca       0xb4 /usr/local/CrossPack-AVR-20120217/lib/gcc/avr/4.5.1/avr5/libgcc.a(_clzsi2.o)
                0x000041ca                __clzsi2
 .text          0x0000427e      0x19a /usr/local/CrossPack-AVR-20120217/lib/gcc/avr/4.5.1/avr5/libgcc.a(_pack_sf.o)
                0x0000427e                __pack_f
 .text          0x00004418       0xd2 /usr/local/CrossPack-AVR-20120217/lib/gcc/avr/4.5.1/avr5/libgcc.a(_unpack_sf.o)
                0x00004418                __unpack_f
 .text          0x000044ea       0xb2 /usr/local/CrossPack-AVR-20120217/lib/gcc/avr/4.5.1/avr5/libgcc.a(_fpcmp_parts_sf.o)
                0x000044ea                __fpcmp_parts_f
 .text          0x0000459c        0x0 /usr/local/CrossPack-AVR-20120217/lib/gcc/avr/4.5.1/avr5/libgcc.a(_clz.o)
 .text          0x0000459c        0x0 /usr/local/CrossPack-AVR-20120217/lib/gcc/avr/4.5.1/../../../../avr/lib/avr5/libm.a(ceil.o)
 .text          0x0000459c        0x0 /usr/local/CrossPack-AVR-20120217/lib/gcc/avr/4.5.1/../../../../avr/lib/avr5/libm.a(fp_mintl.o)
 .text          0x0000459c        0x0 /usr/local/CrossPack-AVR-20120217/lib/gcc/avr/4.5.1/../../../../avr/lib/avr5/libm.a(fp_mpack.o)
 .text          0x0000459c        0x0 /usr/local/CrossPack-AVR-20120217/lib/gcc/avr/4.5.1/../../../../avr/lib/avr5/libm.a(fp_trunc.o)
 .text          0x0000459c        0x0 /usr/local/CrossPack-AVR-20120217/lib/gcc/avr/4.5.1/../../../../avr/lib/avr5/libm.a(fp_zero.o)
 .text          0x0000459c        0x0 /usr/local/CrossPack-AVR-20120217/lib/gcc/avr/4.5.1/../../../../avr/lib/avr5/libm.a(fp_split3.o)
                0x0000459c                . = ALIGN (0x2)
 *(.text.*)
 .text.libgcc   0x0000459c       0x28 /usr/local/CrossPack-AVR-20120217/lib/gcc/avr/4.5.1/avr5/libgcc.a(_udivmodhi4.o)
                0x0000459c                __udivmodhi4
 .text.libgcc   0x000045c4       0x26 /usr/local/CrossPack-AVR-20120217/lib/gcc/avr/4.5.1/avr5/libgcc.a(_divmodhi4.o)
                0x000045c4                __divmodhi4
                0x000045c4                _div
 .text.libgcc   0x000045ea       0x36 /usr/local/CrossPack-AVR-20120217/lib/gcc/avr/4.5.1/avr5/libgcc.a(_divmodsi4.o)
                0x000045ea                __divmodsi4
 .text.libgcc   0x00004620        0x0 /usr/local/CrossPack-AVR-20120217/lib/gcc/avr/4.5.1/avr5/libgcc.a(_exit.o)
 .text.libgcc   0x00004620        0x0 /usr/local/CrossPack-AVR-20120217/lib/gcc/avr/4.5.1/avr5/libgcc.a(_copy_data.o)
 .text.libgcc   0x00004620        0x0 /usr/local/CrossPack-AVR-20120217/lib/gcc/avr/4.5.1/avr5/libgcc.a(_clear_bss.o)
 .text.libgcc   0x00004620       0x44 /usr/local/CrossPack-AVR-20120217/lib/gcc/avr/4.5.1/avr5/libgcc.a(_udivmodsi4.o)
                0x00004620                __udivmodsi4
 .text.libgcc   0x00004664       0x38 /usr/local/CrossPack-AVR-20120217/lib/gcc/avr/4.5.1/avr5/libgcc.a(_prologue.o)
                0x00004664                __prologue_saves__
 .text.libgcc   0x0000469c       0x36 /usr/local/CrossPack-AVR-20120217/lib/gcc/avr/4.5.1/avr5/libgcc.a(_epilogue.o)
                0x0000469c                __epilogue_restores__
 .text.avr-libc.fplib
                0x000046d2       0x26 /usr/local/CrossPack-AVR-20120217/lib/gcc/avr/4.5.1/../../../../avr/lib/avr5/libm.a(ceil.o)
                0x000046d2                ceil
 .text.avr-libc.fplib
                0x000046f8       0x36 /usr/local/CrossPack-AVR-20120217/lib/gcc/avr/4.5.1/../../../../avr/lib/avr5/libm.a(fp_mintl.o)
                0x000046f8                __fp_mintl
 .text.avr-libc.fplib
                0x0000472e       0x1c /usr/local/CrossPack-AVR-20120217/lib/gcc/avr/4.5.1/../../../../avr/lib/avr5/libm.a(fp_mpack.o)
                0x0000472e                __fp_mpack
                0x00004732                __fp_mpack_finite
 .text.avr-libc.fplib
                0x0000474a       0x2e /usr/local/CrossPack-AVR-20120217/lib/gcc/avr/4.5.1/../../../../avr/lib/avr5/libm.a(fp_trunc.o)
                0x0000474a                __fp_trunc
 .text.avr-libc.fplib
                0x00004778        0xe /usr/local/CrossPack-AVR-20120217/lib/gcc/avr/4.5.1/../../../../avr/lib/avr5/libm.a(fp_zero.o)
                0x00004778                __fp_zero
                0x0000477a                __fp_szero
 .text.avr-libc.fplib
                0x00004786       0x44 /usr/local/CrossPack-AVR-20120217/lib/gcc/avr/4.5.1/../../../../avr/lib/avr5/libm.a(fp_split3.o)
                0x00004786                __fp_split3
                0x00004796                __fp_splitA
                0x000047ca                . = ALIGN (0x2)
 *(.fini9)
 .fini9         0x000047ca        0x0 /usr/local/CrossPack-AVR-20120217/lib/gcc/avr/4.5.1/avr5/libgcc.a(_exit.o)
                0x000047ca                exit
                0x000047ca                _exit
 *(.fini9)
 *(.fini8)
 *(.fini8)
 *(.fini7)
 *(.fini7)
 *(.fini6)
 *(.fini6)
 *(.fini5)
 *(.fini5)
 *(.fini4)
 *(.fini4)
 *(.fini3)
 *(.fini3)
 *(.fini2)
 *(.fini2)
 *(.fini1)
 *(.fini1)
 *(.fini0)
 .fini0         0x000047ca        0x4 /usr/local/CrossPack-AVR-20120217/lib/gcc/avr/4.5.1/avr5/libgcc.a(_exit.o)
 *(.fini0)
                0x000047ce                _etext = .

.data           0x00800100      0x11e load address 0x000047ce
                0x00800100                PROVIDE (__data_start, .)
 *(.data)
 .data          0x00800100        0x0 /usr/local/CrossPack-AVR-20120217/lib/gcc/avr/4.5.1/../../../../avr/lib/avr5/crtm16m1.o
 .data          0x00800100        0x0 bigmotor_main.o
 .data          0x00800100        0x1 can_msg.o
                0x00800100                size
 .data          0x00800101        0x4 calibrations.o
                0x00800101                current_1_threshold
                0x00800103                current_2_threshold
 .data          0x00800105        0x2 motor.o
                0x00800105                ReportCounter
 .data          0x00800107        0x0 pot.o
 .data          0x00800107        0x0 encoder.o
 .data          0x00800107        0x0 OS_Dispatch.o
 .data          0x00800107        0x4 adc.o
                0x00800107                dK
 .data          0x0080010b        0x0 ../core/can.o
 .data          0x0080010b        0x1 ../core/can_instance.o
                0x0080010b                LastReceivedInstance
 .data          0x0080010c        0x0 ../core/can_eid.o
 .data          0x0080010c        0x2 ../core/can_board_msg.o
                0x0080010c                Board_presence_delay
 .data          0x0080010e        0x0 ../core/can_buff.o
 .data          0x0080010e        0x4 ../core/leds.o
                0x0080010e                hi_low
 .data          0x00800112        0x3 ../core/pwm.o
                0x00800112                Prescaler
                0x00800113                TOP
 .data          0x00800115        0x0 ../core/bk_system_defs.o
 .data          0x00800115        0x0 ../core/OS_timers.o
 .data          0x00800115        0x0 ../core/configuration.o
 .data          0x00800115        0x0 /usr/local/CrossPack-AVR-20120217/lib/gcc/avr/4.5.1/avr5/libgcc.a(_udivmodhi4.o)
 .data          0x00800115        0x0 /usr/local/CrossPack-AVR-20120217/lib/gcc/avr/4.5.1/avr5/libgcc.a(_divmodhi4.o)
 .data          0x00800115        0x0 /usr/local/CrossPack-AVR-20120217/lib/gcc/avr/4.5.1/avr5/libgcc.a(_divmodsi4.o)
 .data          0x00800115        0x0 /usr/local/CrossPack-AVR-20120217/lib/gcc/avr/4.5.1/avr5/libgcc.a(_exit.o)
 .data          0x00800115        0x0 /usr/local/CrossPack-AVR-20120217/lib/gcc/avr/4.5.1/avr5/libgcc.a(_copy_data.o)
 .data          0x00800115        0x0 /usr/local/CrossPack-AVR-20120217/lib/gcc/avr/4.5.1/avr5/libgcc.a(_clear_bss.o)
 .data          0x00800115        0x0 /usr/local/CrossPack-AVR-20120217/lib/gcc/avr/4.5.1/avr5/libgcc.a(_fixunssfsi.o)
 .data          0x00800115        0x0 /usr/local/CrossPack-AVR-20120217/lib/gcc/avr/4.5.1/avr5/libgcc.a(_addsub_sf.o)
 .data          0x00800115        0x0 /usr/local/CrossPack-AVR-20120217/lib/gcc/avr/4.5.1/avr5/libgcc.a(_mul_sf.o)
 .data          0x00800115        0x0 /usr/local/CrossPack-AVR-20120217/lib/gcc/avr/4.5.1/avr5/libgcc.a(_div_sf.o)
 .data          0x00800115        0x0 /usr/local/CrossPack-AVR-20120217/lib/gcc/avr/4.5.1/avr5/libgcc.a(_gt_sf.o)
 .data          0x00800115        0x0 /usr/local/CrossPack-AVR-20120217/lib/gcc/avr/4.5.1/avr5/libgcc.a(_ge_sf.o)
 .data          0x00800115        0x0 /usr/local/CrossPack-AVR-20120217/lib/gcc/avr/4.5.1/avr5/libgcc.a(_lt_sf.o)
 .data          0x00800115        0x0 /usr/local/CrossPack-AVR-20120217/lib/gcc/avr/4.5.1/avr5/libgcc.a(_si_to_sf.o)
 .data          0x00800115        0x0 /usr/local/CrossPack-AVR-20120217/lib/gcc/avr/4.5.1/avr5/libgcc.a(_sf_to_si.o)
 .data          0x00800115        0x8 /usr/local/CrossPack-AVR-20120217/lib/gcc/avr/4.5.1/avr5/libgcc.a(_thenan_sf.o)
                0x00800115                __thenan_sf
 .data          0x0080011d        0x0 /usr/local/CrossPack-AVR-20120217/lib/gcc/avr/4.5.1/avr5/libgcc.a(_usi_to_sf.o)
 .data          0x0080011d        0x0 /usr/local/CrossPack-AVR-20120217/lib/gcc/avr/4.5.1/avr5/libgcc.a(_udivmodsi4.o)
 .data          0x0080011d        0x0 /usr/local/CrossPack-AVR-20120217/lib/gcc/avr/4.5.1/avr5/libgcc.a(_prologue.o)
 .data          0x0080011d        0x0 /usr/local/CrossPack-AVR-20120217/lib/gcc/avr/4.5.1/avr5/libgcc.a(_epilogue.o)
 .data          0x0080011d        0x0 /usr/local/CrossPack-AVR-20120217/lib/gcc/avr/4.5.1/avr5/libgcc.a(_clzsi2.o)
 .data          0x0080011d        0x0 /usr/local/CrossPack-AVR-20120217/lib/gcc/avr/4.5.1/avr5/libgcc.a(_pack_sf.o)
 .data          0x0080011d        0x0 /usr/local/CrossPack-AVR-20120217/lib/gcc/avr/4.5.1/avr5/libgcc.a(_unpack_sf.o)
 .data          0x0080011d        0x0 /usr/local/CrossPack-AVR-20120217/lib/gcc/avr/4.5.1/avr5/libgcc.a(_fpcmp_parts_sf.o)
 .data          0x0080011d      0x100 /usr/local/CrossPack-AVR-20120217/lib/gcc/avr/4.5.1/avr5/libgcc.a(_clz.o)
                0x0080011d                __clz_tab
 .data          0x0080021d        0x0 /usr/local/CrossPack-AVR-20120217/lib/gcc/avr/4.5.1/../../../../avr/lib/avr5/libm.a(ceil.o)
 .data          0x0080021d        0x0 /usr/local/CrossPack-AVR-20120217/lib/gcc/avr/4.5.1/../../../../avr/lib/avr5/libm.a(fp_mintl.o)
 .data          0x0080021d        0x0 /usr/local/CrossPack-AVR-20120217/lib/gcc/avr/4.5.1/../../../../avr/lib/avr5/libm.a(fp_mpack.o)
 .data          0x0080021d        0x0 /usr/local/CrossPack-AVR-20120217/lib/gcc/avr/4.5.1/../../../../avr/lib/avr5/libm.a(fp_trunc.o)
 .data          0x0080021d        0x0 /usr/local/CrossPack-AVR-20120217/lib/gcc/avr/4.5.1/../../../../avr/lib/avr5/libm.a(fp_zero.o)
 .data          0x0080021d        0x0 /usr/local/CrossPack-AVR-20120217/lib/gcc/avr/4.5.1/../../../../avr/lib/avr5/libm.a(fp_split3.o)
 *(.data*)
 *(.rodata)
 *(.rodata*)
 *(.gnu.linkonce.d*)
                0x0080021e                . = ALIGN (0x2)
 *fill*         0x0080021d        0x1 00
                0x0080021e                _edata = .
                0x0080021e                PROVIDE (__data_end, .)

.bss            0x0080021e      0x126
                0x0080021e                PROVIDE (__bss_start, .)
 *(.bss)
 .bss           0x0080021e        0x0 /usr/local/CrossPack-AVR-20120217/lib/gcc/avr/4.5.1/../../../../avr/lib/avr5/crtm16m1.o
 .bss           0x0080021e        0x3 bigmotor_main.o
                0x0080021e                ResetReason
                0x0080021f                prevPosition
 .bss           0x00800221        0x0 can_msg.o
 .bss           0x00800221       0x12 calibrations.o
                0x00800221                EndPoint1
                0x00800227                EndPoint2
                0x0080022d                Range
 .bss           0x00800233        0x5 motor.o
                0x00800233                MotorDutyRequest
                0x00800237                MotorState
 .bss           0x00800238       0x24 pot.o
                0x00800238                PotSpeed
                0x0080023c                PotAcceleration
                0x00800240                minStop
                0x00800246                maxStop
                0x0080024c                Destination
 .bss           0x0080025c       0x13 encoder.o
                0x0080025c                EncoderCountPrev
                0x0080025e                EncoderCount
                0x00800260                EncoderSpeed
                0x00800264                EncoderSpeedPrev
                0x00800268                EncoderAcceleration
                0x0080026c                prev_q1
                0x0080026d                prev_q2
                0x0080026e                prev_direction
 .bss           0x0080026f        0x2 OS_Dispatch.o
                0x0080026f                t
 .bss           0x00800271       0x16 adc.o
                0x00800271                LeftCurrentSampleAvg
                0x00800275                RightCurrentSampleAvg
                0x00800279                LeftCurrentSample
                0x0080027b                RightCurrentSample
                0x0080027d                PotSample
                0x00800281                next_channel
                0x00800282                sample_counter
                0x00800283                Ioffset
 .bss           0x00800287       0x3b ../core/can.o
                0x00800287                msg1
                0x00800296                msg2
                0x008002a5                LastReceivedMsg
                0x008002b4                NewMessageReceivedFlag
                0x008002b5                TransmittedSuccesfully
                0x008002b6                data
                0x008002be                rx_call_back
                0x008002c0                tx_call_back
 .bss           0x008002c2        0xa ../core/can_instance.o
                0x008002c2                MyInstance
                0x008002c3                Confirmed
                0x008002c4                init_complete
                0x008002c5                rand_delay
                0x008002c7                rand_instance
                0x008002c8                timeout_10ms_mult
                0x008002ca                init_path
                0x008002cb                ts_state
 .bss           0x008002cc        0x0 ../core/can_eid.o
 .bss           0x008002cc        0x8 ../core/can_board_msg.o
                0x008002cc                BoardStatus
                0x008002cd                MappedBlock
                0x008002ce                Starting_Index
                0x008002cf                System_Send_Status
                0x008002d0                ShutDownState
                0x008002d1                config_call_back
                0x008002d3                Board_presence_response_type
 .bss           0x008002d4       0x5c ../core/can_buff.o
                0x008002d4                Received
                0x0080032e                RxHead
                0x0080032f                RxTail
 .bss           0x00800330        0x3 ../core/leds.o
                0x00800330                System_LED_Control
                0x00800332                LED_state
 .bss           0x00800333        0x0 ../core/pwm.o
 .bss           0x00800333        0x4 ../core/bk_system_defs.o
                0x00800333                time_delay
 .bss           0x00800337        0x8 ../core/OS_timers.o
                0x00800337                OS_Event_HSTIC_Counter
                0x00800339                OS_Event_TIC_Counter
                0x0080033b                OS_Timer_Event_Flag
                0x0080033d                OS_HighSpeedSampling
 .bss           0x0080033f        0x5 ../core/configuration.o
                0x0080033f                config_byte_1
                0x00800340                config_byte_2
                0x00800341                config_byte_3
                0x00800342                config_byte_4
                0x00800343                sys_config_byte
 .bss           0x00800344        0x0 /usr/local/CrossPack-AVR-20120217/lib/gcc/avr/4.5.1/avr5/libgcc.a(_udivmodhi4.o)
 .bss           0x00800344        0x0 /usr/local/CrossPack-AVR-20120217/lib/gcc/avr/4.5.1/avr5/libgcc.a(_divmodhi4.o)
 .bss           0x00800344        0x0 /usr/local/CrossPack-AVR-20120217/lib/gcc/avr/4.5.1/avr5/libgcc.a(_divmodsi4.o)
 .bss           0x00800344        0x0 /usr/local/CrossPack-AVR-20120217/lib/gcc/avr/4.5.1/avr5/libgcc.a(_exit.o)
 .bss           0x00800344        0x0 /usr/local/CrossPack-AVR-20120217/lib/gcc/avr/4.5.1/avr5/libgcc.a(_copy_data.o)
 .bss           0x00800344        0x0 /usr/local/CrossPack-AVR-20120217/lib/gcc/avr/4.5.1/avr5/libgcc.a(_clear_bss.o)
 .bss           0x00800344        0x0 /usr/local/CrossPack-AVR-20120217/lib/gcc/avr/4.5.1/avr5/libgcc.a(_fixunssfsi.o)
 .bss           0x00800344        0x0 /usr/local/CrossPack-AVR-20120217/lib/gcc/avr/4.5.1/avr5/libgcc.a(_addsub_sf.o)
 .bss           0x00800344        0x0 /usr/local/CrossPack-AVR-20120217/lib/gcc/avr/4.5.1/avr5/libgcc.a(_mul_sf.o)
 .bss           0x00800344        0x0 /usr/local/CrossPack-AVR-20120217/lib/gcc/avr/4.5.1/avr5/libgcc.a(_div_sf.o)
 .bss           0x00800344        0x0 /usr/local/CrossPack-AVR-20120217/lib/gcc/avr/4.5.1/avr5/libgcc.a(_gt_sf.o)
 .bss           0x00800344        0x0 /usr/local/CrossPack-AVR-20120217/lib/gcc/avr/4.5.1/avr5/libgcc.a(_ge_sf.o)
 .bss           0x00800344        0x0 /usr/local/CrossPack-AVR-20120217/lib/gcc/avr/4.5.1/avr5/libgcc.a(_lt_sf.o)
 .bss           0x00800344        0x0 /usr/local/CrossPack-AVR-20120217/lib/gcc/avr/4.5.1/avr5/libgcc.a(_si_to_sf.o)
 .bss           0x00800344        0x0 /usr/local/CrossPack-AVR-20120217/lib/gcc/avr/4.5.1/avr5/libgcc.a(_sf_to_si.o)
 .bss           0x00800344        0x0 /usr/local/CrossPack-AVR-20120217/lib/gcc/avr/4.5.1/avr5/libgcc.a(_thenan_sf.o)
 .bss           0x00800344        0x0 /usr/local/CrossPack-AVR-20120217/lib/gcc/avr/4.5.1/avr5/libgcc.a(_usi_to_sf.o)
 .bss           0x00800344        0x0 /usr/local/CrossPack-AVR-20120217/lib/gcc/avr/4.5.1/avr5/libgcc.a(_udivmodsi4.o)
 .bss           0x00800344        0x0 /usr/local/CrossPack-AVR-20120217/lib/gcc/avr/4.5.1/avr5/libgcc.a(_prologue.o)
 .bss           0x00800344        0x0 /usr/local/CrossPack-AVR-20120217/lib/gcc/avr/4.5.1/avr5/libgcc.a(_epilogue.o)
 .bss           0x00800344        0x0 /usr/local/CrossPack-AVR-20120217/lib/gcc/avr/4.5.1/avr5/libgcc.a(_clzsi2.o)
 .bss           0x00800344        0x0 /usr/local/CrossPack-AVR-20120217/lib/gcc/avr/4.5.1/avr5/libgcc.a(_pack_sf.o)
 .bss           0x00800344        0x0 /usr/local/CrossPack-AVR-20120217/lib/gcc/avr/4.5.1/avr5/libgcc.a(_unpack_sf.o)
 .bss           0x00800344        0x0 /usr/local/CrossPack-AVR-20120217/lib/gcc/avr/4.5.1/avr5/libgcc.a(_fpcmp_parts_sf.o)
 .bss           0x00800344        0x0 /usr/local/CrossPack-AVR-20120217/lib/gcc/avr/4.5.1/avr5/libgcc.a(_clz.o)
 .bss           0x00800344        0x0 /usr/local/CrossPack-AVR-20120217/lib/gcc/avr/4.5.1/../../../../avr/lib/avr5/libm.a(ceil.o)
 .bss           0x00800344        0x0 /usr/local/CrossPack-AVR-20120217/lib/gcc/avr/4.5.1/../../../../avr/lib/avr5/libm.a(fp_mintl.o)
 .bss           0x00800344        0x0 /usr/local/CrossPack-AVR-20120217/lib/gcc/avr/4.5.1/../../../../avr/lib/avr5/libm.a(fp_mpack.o)
 .bss           0x00800344        0x0 /usr/local/CrossPack-AVR-20120217/lib/gcc/avr/4.5.1/../../../../avr/lib/avr5/libm.a(fp_trunc.o)
 .bss           0x00800344        0x0 /usr/local/CrossPack-AVR-20120217/lib/gcc/avr/4.5.1/../../../../avr/lib/avr5/libm.a(fp_zero.o)
 .bss           0x00800344        0x0 /usr/local/CrossPack-AVR-20120217/lib/gcc/avr/4.5.1/../../../../avr/lib/avr5/libm.a(fp_split3.o)
 *(.bss*)
 *(COMMON)
                0x00800344                PROVIDE (__bss_end, .)
                0x000047ce                __data_load_start = LOADADDR (.data)
                0x000048ec                __data_load_end = (__data_load_start + SIZEOF (.data))

.noinit         0x00800344        0x0
                0x00800344                PROVIDE (__noinit_start, .)
 *(.noinit*)
                0x00800344                PROVIDE (__noinit_end, .)
                0x00800344                _end = .
                0x00800344                PROVIDE (__heap_start, .)

.eeprom         0x00810000        0x0
 *(.eeprom*)
                0x00810000                __eeprom_end = .

.fuse
 *(.fuse)
 *(.lfuse)
 *(.hfuse)
 *(.efuse)

.lock
 *(.lock*)

.signature
 *(.signature*)

.stab           0x00000000      0xde0
 *(.stab)
 .stab          0x00000000      0x6cc /usr/local/CrossPack-AVR-20120217/lib/gcc/avr/4.5.1/../../../../avr/lib/avr5/crtm16m1.o
 .stab          0x000006cc      0x114 /usr/local/CrossPack-AVR-20120217/lib/gcc/avr/4.5.1/../../../../avr/lib/avr5/libm.a(ceil.o)
                                0x120 (size before relaxing)
 .stab          0x000007e0      0x174 /usr/local/CrossPack-AVR-20120217/lib/gcc/avr/4.5.1/../../../../avr/lib/avr5/libm.a(fp_mintl.o)
                                0x180 (size before relaxing)
 .stab          0x00000954       0xe4 /usr/local/CrossPack-AVR-20120217/lib/gcc/avr/4.5.1/../../../../avr/lib/avr5/libm.a(fp_mpack.o)
                                 0xf0 (size before relaxing)
 .stab          0x00000a38      0x144 /usr/local/CrossPack-AVR-20120217/lib/gcc/avr/4.5.1/../../../../avr/lib/avr5/libm.a(fp_trunc.o)
                                0x150 (size before relaxing)
 .stab          0x00000b7c       0x90 /usr/local/CrossPack-AVR-20120217/lib/gcc/avr/4.5.1/../../../../avr/lib/avr5/libm.a(fp_zero.o)
                                 0x9c (size before relaxing)
 .stab          0x00000c0c      0x1d4 /usr/local/CrossPack-AVR-20120217/lib/gcc/avr/4.5.1/../../../../avr/lib/avr5/libm.a(fp_split3.o)
                                0x1e0 (size before relaxing)

.stabstr        0x00000000      0x2a5
 *(.stabstr)
 .stabstr       0x00000000      0x2a5 /usr/local/CrossPack-AVR-20120217/lib/gcc/avr/4.5.1/../../../../avr/lib/avr5/crtm16m1.o

.stab.excl
 *(.stab.excl)

.stab.exclstr
 *(.stab.exclstr)

.stab.index
 *(.stab.index)

.stab.indexstr
 *(.stab.indexstr)

.comment
 *(.comment)

.debug
 *(.debug)

.line
 *(.line)

.debug_srcinfo
 *(.debug_srcinfo)

.debug_sfnames
 *(.debug_sfnames)

.debug_aranges  0x00000000      0x400
 *(.debug_aranges)
 .debug_aranges
                0x00000000       0x20 bigmotor_main.o
 .debug_aranges
                0x00000020       0x20 can_msg.o
 .debug_aranges
                0x00000040       0x20 calibrations.o
 .debug_aranges
                0x00000060       0x20 motor.o
 .debug_aranges
                0x00000080       0x20 pot.o
 .debug_aranges
                0x000000a0       0x20 encoder.o
 .debug_aranges
                0x000000c0       0x20 OS_Dispatch.o
 .debug_aranges
                0x000000e0       0x20 adc.o
 .debug_aranges
                0x00000100       0x20 ../core/can.o
 .debug_aranges
                0x00000120       0x20 ../core/can_instance.o
 .debug_aranges
                0x00000140       0x20 ../core/can_eid.o
 .debug_aranges
                0x00000160       0x20 ../core/can_board_msg.o
 .debug_aranges
                0x00000180       0x20 ../core/can_buff.o
 .debug_aranges
                0x000001a0       0x20 ../core/leds.o
 .debug_aranges
                0x000001c0       0x20 ../core/pwm.o
 .debug_aranges
                0x000001e0       0x20 ../core/bk_system_defs.o
 .debug_aranges
                0x00000200       0x20 ../core/OS_timers.o
 .debug_aranges
                0x00000220       0x20 ../core/configuration.o
 .debug_aranges
                0x00000240       0x20 /usr/local/CrossPack-AVR-20120217/lib/gcc/avr/4.5.1/avr5/libgcc.a(_fixunssfsi.o)
 .debug_aranges
                0x00000260       0x20 /usr/local/CrossPack-AVR-20120217/lib/gcc/avr/4.5.1/avr5/libgcc.a(_addsub_sf.o)
 .debug_aranges
                0x00000280       0x20 /usr/local/CrossPack-AVR-20120217/lib/gcc/avr/4.5.1/avr5/libgcc.a(_mul_sf.o)
 .debug_aranges
                0x000002a0       0x20 /usr/local/CrossPack-AVR-20120217/lib/gcc/avr/4.5.1/avr5/libgcc.a(_div_sf.o)
 .debug_aranges
                0x000002c0       0x20 /usr/local/CrossPack-AVR-20120217/lib/gcc/avr/4.5.1/avr5/libgcc.a(_gt_sf.o)
 .debug_aranges
                0x000002e0       0x20 /usr/local/CrossPack-AVR-20120217/lib/gcc/avr/4.5.1/avr5/libgcc.a(_ge_sf.o)
 .debug_aranges
                0x00000300       0x20 /usr/local/CrossPack-AVR-20120217/lib/gcc/avr/4.5.1/avr5/libgcc.a(_lt_sf.o)
 .debug_aranges
                0x00000320       0x20 /usr/local/CrossPack-AVR-20120217/lib/gcc/avr/4.5.1/avr5/libgcc.a(_si_to_sf.o)
 .debug_aranges
                0x00000340       0x20 /usr/local/CrossPack-AVR-20120217/lib/gcc/avr/4.5.1/avr5/libgcc.a(_sf_to_si.o)
 .debug_aranges
                0x00000360       0x20 /usr/local/CrossPack-AVR-20120217/lib/gcc/avr/4.5.1/avr5/libgcc.a(_usi_to_sf.o)
 .debug_aranges
                0x00000380       0x20 /usr/local/CrossPack-AVR-20120217/lib/gcc/avr/4.5.1/avr5/libgcc.a(_clzsi2.o)
 .debug_aranges
                0x000003a0       0x20 /usr/local/CrossPack-AVR-20120217/lib/gcc/avr/4.5.1/avr5/libgcc.a(_pack_sf.o)
 .debug_aranges
                0x000003c0       0x20 /usr/local/CrossPack-AVR-20120217/lib/gcc/avr/4.5.1/avr5/libgcc.a(_unpack_sf.o)
 .debug_aranges
                0x000003e0       0x20 /usr/local/CrossPack-AVR-20120217/lib/gcc/avr/4.5.1/avr5/libgcc.a(_fpcmp_parts_sf.o)

.debug_pubnames
                0x00000000     0x1881
 *(.debug_pubnames)
 .debug_pubnames
                0x00000000       0xbc bigmotor_main.o
 .debug_pubnames
                0x000000bc      0x1e1 can_msg.o
 .debug_pubnames
                0x0000029d      0x174 calibrations.o
 .debug_pubnames
                0x00000411       0xfc motor.o
 .debug_pubnames
                0x0000050d      0x252 pot.o
 .debug_pubnames
                0x0000075f       0xee encoder.o
 .debug_pubnames
                0x0000084d       0x28 OS_Dispatch.o
 .debug_pubnames
                0x00000875      0x15f adc.o
 .debug_pubnames
                0x000009d4      0x2d1 ../core/can.o
 .debug_pubnames
                0x00000ca5      0x187 ../core/can_instance.o
 .debug_pubnames
                0x00000e2c       0x9c ../core/can_eid.o
 .debug_pubnames
                0x00000ec8      0x1d7 ../core/can_board_msg.o
 .debug_pubnames
                0x0000109f       0xcc ../core/can_buff.o
 .debug_pubnames
                0x0000116b      0x133 ../core/leds.o
 .debug_pubnames
                0x0000129e       0xf7 ../core/pwm.o
 .debug_pubnames
                0x00001395       0x39 ../core/bk_system_defs.o
 .debug_pubnames
                0x000013ce       0xe3 ../core/OS_timers.o
 .debug_pubnames
                0x000014b1      0x1bc ../core/configuration.o
 .debug_pubnames
                0x0000166d       0x23 /usr/local/CrossPack-AVR-20120217/lib/gcc/avr/4.5.1/avr5/libgcc.a(_fixunssfsi.o)
 .debug_pubnames
                0x00001690       0x2c /usr/local/CrossPack-AVR-20120217/lib/gcc/avr/4.5.1/avr5/libgcc.a(_addsub_sf.o)
 .debug_pubnames
                0x000016bc       0x1f /usr/local/CrossPack-AVR-20120217/lib/gcc/avr/4.5.1/avr5/libgcc.a(_mul_sf.o)
 .debug_pubnames
                0x000016db       0x1f /usr/local/CrossPack-AVR-20120217/lib/gcc/avr/4.5.1/avr5/libgcc.a(_div_sf.o)
 .debug_pubnames
                0x000016fa       0x1e /usr/local/CrossPack-AVR-20120217/lib/gcc/avr/4.5.1/avr5/libgcc.a(_gt_sf.o)
 .debug_pubnames
                0x00001718       0x1e /usr/local/CrossPack-AVR-20120217/lib/gcc/avr/4.5.1/avr5/libgcc.a(_ge_sf.o)
 .debug_pubnames
                0x00001736       0x1e /usr/local/CrossPack-AVR-20120217/lib/gcc/avr/4.5.1/avr5/libgcc.a(_lt_sf.o)
 .debug_pubnames
                0x00001754       0x22 /usr/local/CrossPack-AVR-20120217/lib/gcc/avr/4.5.1/avr5/libgcc.a(_si_to_sf.o)
 .debug_pubnames
                0x00001776       0x20 /usr/local/CrossPack-AVR-20120217/lib/gcc/avr/4.5.1/avr5/libgcc.a(_sf_to_si.o)
 .debug_pubnames
                0x00001796       0x22 /usr/local/CrossPack-AVR-20120217/lib/gcc/avr/4.5.1/avr5/libgcc.a(_thenan_sf.o)
 .debug_pubnames
                0x000017b8       0x24 /usr/local/CrossPack-AVR-20120217/lib/gcc/avr/4.5.1/avr5/libgcc.a(_usi_to_sf.o)
 .debug_pubnames
                0x000017dc       0x1f /usr/local/CrossPack-AVR-20120217/lib/gcc/avr/4.5.1/avr5/libgcc.a(_clzsi2.o)
 .debug_pubnames
                0x000017fb       0x1f /usr/local/CrossPack-AVR-20120217/lib/gcc/avr/4.5.1/avr5/libgcc.a(_pack_sf.o)
 .debug_pubnames
                0x0000181a       0x21 /usr/local/CrossPack-AVR-20120217/lib/gcc/avr/4.5.1/avr5/libgcc.a(_unpack_sf.o)
 .debug_pubnames
                0x0000183b       0x26 /usr/local/CrossPack-AVR-20120217/lib/gcc/avr/4.5.1/avr5/libgcc.a(_fpcmp_parts_sf.o)
 .debug_pubnames
                0x00001861       0x20 /usr/local/CrossPack-AVR-20120217/lib/gcc/avr/4.5.1/avr5/libgcc.a(_clz.o)

.debug_info     0x00000000     0x81eb
 *(.debug_info)
 .debug_info    0x00000000      0x4d4 bigmotor_main.o
 .debug_info    0x000004d4      0xafd can_msg.o
 .debug_info    0x00000fd1      0x740 calibrations.o
 .debug_info    0x00001711      0x61c motor.o
 .debug_info    0x00001d2d      0x6c2 pot.o
 .debug_info    0x000023ef      0x1a1 encoder.o
 .debug_info    0x00002590       0xa1 OS_Dispatch.o
 .debug_info    0x00002631      0x2e8 adc.o
 .debug_info    0x00002919      0xd3b ../core/can.o
 .debug_info    0x00003654      0x4d3 ../core/can_instance.o
 .debug_info    0x00003b27      0x33b ../core/can_eid.o
 .debug_info    0x00003e62      0x5ac ../core/can_board_msg.o
 .debug_info    0x0000440e      0x4a4 ../core/can_buff.o
 .debug_info    0x000048b2      0x463 ../core/leds.o
 .debug_info    0x00004d15      0x540 ../core/pwm.o
 .debug_info    0x00005255       0xc0 ../core/bk_system_defs.o
 .debug_info    0x00005315      0x177 ../core/OS_timers.o
 .debug_info    0x0000548c      0x7ec ../core/configuration.o
 .debug_info    0x00005c78       0xbd /usr/local/CrossPack-AVR-20120217/lib/gcc/avr/4.5.1/avr5/libgcc.a(_fixunssfsi.o)
 .debug_info    0x00005d35      0x455 /usr/local/CrossPack-AVR-20120217/lib/gcc/avr/4.5.1/avr5/libgcc.a(_addsub_sf.o)
 .debug_info    0x0000618a      0x3ec /usr/local/CrossPack-AVR-20120217/lib/gcc/avr/4.5.1/avr5/libgcc.a(_mul_sf.o)
 .debug_info    0x00006576      0x37f /usr/local/CrossPack-AVR-20120217/lib/gcc/avr/4.5.1/avr5/libgcc.a(_div_sf.o)
 .debug_info    0x000068f5      0x28a /usr/local/CrossPack-AVR-20120217/lib/gcc/avr/4.5.1/avr5/libgcc.a(_gt_sf.o)
 .debug_info    0x00006b7f      0x28a /usr/local/CrossPack-AVR-20120217/lib/gcc/avr/4.5.1/avr5/libgcc.a(_ge_sf.o)
 .debug_info    0x00006e09      0x28a /usr/local/CrossPack-AVR-20120217/lib/gcc/avr/4.5.1/avr5/libgcc.a(_lt_sf.o)
 .debug_info    0x00007093      0x22f /usr/local/CrossPack-AVR-20120217/lib/gcc/avr/4.5.1/avr5/libgcc.a(_si_to_sf.o)
 .debug_info    0x000072c2      0x2a5 /usr/local/CrossPack-AVR-20120217/lib/gcc/avr/4.5.1/avr5/libgcc.a(_sf_to_si.o)
 .debug_info    0x00007567      0x15e /usr/local/CrossPack-AVR-20120217/lib/gcc/avr/4.5.1/avr5/libgcc.a(_thenan_sf.o)
 .debug_info    0x000076c5      0x232 /usr/local/CrossPack-AVR-20120217/lib/gcc/avr/4.5.1/avr5/libgcc.a(_usi_to_sf.o)
 .debug_info    0x000078f7      0x12c /usr/local/CrossPack-AVR-20120217/lib/gcc/avr/4.5.1/avr5/libgcc.a(_clzsi2.o)
 .debug_info    0x00007a23      0x2d5 /usr/local/CrossPack-AVR-20120217/lib/gcc/avr/4.5.1/avr5/libgcc.a(_pack_sf.o)
 .debug_info    0x00007cf8      0x25c /usr/local/CrossPack-AVR-20120217/lib/gcc/avr/4.5.1/avr5/libgcc.a(_unpack_sf.o)
 .debug_info    0x00007f54      0x1f1 /usr/local/CrossPack-AVR-20120217/lib/gcc/avr/4.5.1/avr5/libgcc.a(_fpcmp_parts_sf.o)
 .debug_info    0x00008145       0xa6 /usr/local/CrossPack-AVR-20120217/lib/gcc/avr/4.5.1/avr5/libgcc.a(_clz.o)
 *(.gnu.linkonce.wi.*)

.debug_abbrev   0x00000000     0x3180
 *(.debug_abbrev)
 .debug_abbrev  0x00000000      0x1ca bigmotor_main.o
 .debug_abbrev  0x000001ca      0x2d6 can_msg.o
 .debug_abbrev  0x000004a0      0x21a calibrations.o
 .debug_abbrev  0x000006ba      0x22c motor.o
 .debug_abbrev  0x000008e6      0x200 pot.o
 .debug_abbrev  0x00000ae6       0xa3 encoder.o
 .debug_abbrev  0x00000b89       0x62 OS_Dispatch.o
 .debug_abbrev  0x00000beb      0x12e adc.o
 .debug_abbrev  0x00000d19      0x32e ../core/can.o
 .debug_abbrev  0x00001047      0x1ed ../core/can_instance.o
 .debug_abbrev  0x00001234       0xf1 ../core/can_eid.o
 .debug_abbrev  0x00001325      0x212 ../core/can_board_msg.o
 .debug_abbrev  0x00001537      0x1e5 ../core/can_buff.o
 .debug_abbrev  0x0000171c      0x16e ../core/leds.o
 .debug_abbrev  0x0000188a      0x1a0 ../core/pwm.o
 .debug_abbrev  0x00001a2a       0x7f ../core/bk_system_defs.o
 .debug_abbrev  0x00001aa9       0xbf ../core/OS_timers.o
 .debug_abbrev  0x00001b68      0x265 ../core/configuration.o
 .debug_abbrev  0x00001dcd       0x5d /usr/local/CrossPack-AVR-20120217/lib/gcc/avr/4.5.1/avr5/libgcc.a(_fixunssfsi.o)
 .debug_abbrev  0x00001e2a      0x1af /usr/local/CrossPack-AVR-20120217/lib/gcc/avr/4.5.1/avr5/libgcc.a(_addsub_sf.o)
 .debug_abbrev  0x00001fd9      0x1d9 /usr/local/CrossPack-AVR-20120217/lib/gcc/avr/4.5.1/avr5/libgcc.a(_mul_sf.o)
 .debug_abbrev  0x000021b2      0x1c4 /usr/local/CrossPack-AVR-20120217/lib/gcc/avr/4.5.1/avr5/libgcc.a(_div_sf.o)
 .debug_abbrev  0x00002376      0x151 /usr/local/CrossPack-AVR-20120217/lib/gcc/avr/4.5.1/avr5/libgcc.a(_gt_sf.o)
 .debug_abbrev  0x000024c7      0x151 /usr/local/CrossPack-AVR-20120217/lib/gcc/avr/4.5.1/avr5/libgcc.a(_ge_sf.o)
 .debug_abbrev  0x00002618      0x151 /usr/local/CrossPack-AVR-20120217/lib/gcc/avr/4.5.1/avr5/libgcc.a(_lt_sf.o)
 .debug_abbrev  0x00002769      0x162 /usr/local/CrossPack-AVR-20120217/lib/gcc/avr/4.5.1/avr5/libgcc.a(_si_to_sf.o)
 .debug_abbrev  0x000028cb      0x160 /usr/local/CrossPack-AVR-20120217/lib/gcc/avr/4.5.1/avr5/libgcc.a(_sf_to_si.o)
 .debug_abbrev  0x00002a2b       0xcb /usr/local/CrossPack-AVR-20120217/lib/gcc/avr/4.5.1/avr5/libgcc.a(_thenan_sf.o)
 .debug_abbrev  0x00002af6      0x173 /usr/local/CrossPack-AVR-20120217/lib/gcc/avr/4.5.1/avr5/libgcc.a(_usi_to_sf.o)
 .debug_abbrev  0x00002c69       0xce /usr/local/CrossPack-AVR-20120217/lib/gcc/avr/4.5.1/avr5/libgcc.a(_clzsi2.o)
 .debug_abbrev  0x00002d37      0x192 /usr/local/CrossPack-AVR-20120217/lib/gcc/avr/4.5.1/avr5/libgcc.a(_pack_sf.o)
 .debug_abbrev  0x00002ec9      0x14b /usr/local/CrossPack-AVR-20120217/lib/gcc/avr/4.5.1/avr5/libgcc.a(_unpack_sf.o)
 .debug_abbrev  0x00003014      0x10b /usr/local/CrossPack-AVR-20120217/lib/gcc/avr/4.5.1/avr5/libgcc.a(_fpcmp_parts_sf.o)
 .debug_abbrev  0x0000311f       0x61 /usr/local/CrossPack-AVR-20120217/lib/gcc/avr/4.5.1/avr5/libgcc.a(_clz.o)

.debug_line     0x00000000     0x59ec
 *(.debug_line)
 .debug_line    0x00000000      0x3ad bigmotor_main.o
 .debug_line    0x000003ad      0x7bc can_msg.o
 .debug_line    0x00000b69      0x5c8 calibrations.o
 .debug_line    0x00001131      0x496 motor.o
 .debug_line    0x000015c7      0x5af pot.o
 .debug_line    0x00001b76      0x10b encoder.o
 .debug_line    0x00001c81       0xa0 OS_Dispatch.o
 .debug_line    0x00001d21      0x234 adc.o
 .debug_line    0x00001f55      0x9f9 ../core/can.o
 .debug_line    0x0000294e      0x3b5 ../core/can_instance.o
 .debug_line    0x00002d03      0x110 ../core/can_eid.o
 .debug_line    0x00002e13      0x5e8 ../core/can_board_msg.o
 .debug_line    0x000033fb      0x264 ../core/can_buff.o
 .debug_line    0x0000365f      0x3b4 ../core/leds.o
 .debug_line    0x00003a13      0x3de ../core/pwm.o
 .debug_line    0x00003df1       0xc2 ../core/bk_system_defs.o
 .debug_line    0x00003eb3      0x1aa ../core/OS_timers.o
 .debug_line    0x0000405d      0x5e6 ../core/configuration.o
 .debug_line    0x00004643       0x9d /usr/local/CrossPack-AVR-20120217/lib/gcc/avr/4.5.1/avr5/libgcc.a(_fixunssfsi.o)
 .debug_line    0x000046e0      0x2c2 /usr/local/CrossPack-AVR-20120217/lib/gcc/avr/4.5.1/avr5/libgcc.a(_addsub_sf.o)
 .debug_line    0x000049a2      0x25e /usr/local/CrossPack-AVR-20120217/lib/gcc/avr/4.5.1/avr5/libgcc.a(_mul_sf.o)
 .debug_line    0x00004c00      0x1e4 /usr/local/CrossPack-AVR-20120217/lib/gcc/avr/4.5.1/avr5/libgcc.a(_div_sf.o)
 .debug_line    0x00004de4       0xd9 /usr/local/CrossPack-AVR-20120217/lib/gcc/avr/4.5.1/avr5/libgcc.a(_gt_sf.o)
 .debug_line    0x00004ebd       0xd9 /usr/local/CrossPack-AVR-20120217/lib/gcc/avr/4.5.1/avr5/libgcc.a(_ge_sf.o)
 .debug_line    0x00004f96       0xd9 /usr/local/CrossPack-AVR-20120217/lib/gcc/avr/4.5.1/avr5/libgcc.a(_lt_sf.o)
 .debug_line    0x0000506f      0x121 /usr/local/CrossPack-AVR-20120217/lib/gcc/avr/4.5.1/avr5/libgcc.a(_si_to_sf.o)
 .debug_line    0x00005190      0x113 /usr/local/CrossPack-AVR-20120217/lib/gcc/avr/4.5.1/avr5/libgcc.a(_sf_to_si.o)
 .debug_line    0x000052a3       0x86 /usr/local/CrossPack-AVR-20120217/lib/gcc/avr/4.5.1/avr5/libgcc.a(_thenan_sf.o)
 .debug_line    0x00005329      0x12f /usr/local/CrossPack-AVR-20120217/lib/gcc/avr/4.5.1/avr5/libgcc.a(_usi_to_sf.o)
 .debug_line    0x00005458       0xc3 /usr/local/CrossPack-AVR-20120217/lib/gcc/avr/4.5.1/avr5/libgcc.a(_clzsi2.o)
 .debug_line    0x0000551b      0x1c9 /usr/local/CrossPack-AVR-20120217/lib/gcc/avr/4.5.1/avr5/libgcc.a(_pack_sf.o)
 .debug_line    0x000056e4      0x149 /usr/local/CrossPack-AVR-20120217/lib/gcc/avr/4.5.1/avr5/libgcc.a(_unpack_sf.o)
 .debug_line    0x0000582d      0x14d /usr/local/CrossPack-AVR-20120217/lib/gcc/avr/4.5.1/avr5/libgcc.a(_fpcmp_parts_sf.o)
 .debug_line    0x0000597a       0x72 /usr/local/CrossPack-AVR-20120217/lib/gcc/avr/4.5.1/avr5/libgcc.a(_clz.o)

.debug_frame    0x00000000      0xec0
 *(.debug_frame)
 .debug_frame   0x00000000       0x70 bigmotor_main.o
 .debug_frame   0x00000070      0x130 can_msg.o
 .debug_frame   0x000001a0       0xc0 calibrations.o
 .debug_frame   0x00000260       0xb0 motor.o
 .debug_frame   0x00000310      0x180 pot.o
 .debug_frame   0x00000490       0x50 encoder.o
 .debug_frame   0x000004e0       0x20 OS_Dispatch.o
 .debug_frame   0x00000500       0x90 adc.o
 .debug_frame   0x00000590      0x1c0 ../core/can.o
 .debug_frame   0x00000750       0x90 ../core/can_instance.o
 .debug_frame   0x000007e0       0xa0 ../core/can_eid.o
 .debug_frame   0x00000880       0xa0 ../core/can_board_msg.o
 .debug_frame   0x00000920       0x90 ../core/can_buff.o
 .debug_frame   0x000009b0       0xe0 ../core/leds.o
 .debug_frame   0x00000a90       0xd0 ../core/pwm.o
 .debug_frame   0x00000b60       0x30 ../core/bk_system_defs.o
 .debug_frame   0x00000b90       0x70 ../core/OS_timers.o
 .debug_frame   0x00000c00       0xe0 ../core/configuration.o
 .debug_frame   0x00000ce0       0x20 /usr/local/CrossPack-AVR-20120217/lib/gcc/avr/4.5.1/avr5/libgcc.a(_fixunssfsi.o)
 .debug_frame   0x00000d00       0x40 /usr/local/CrossPack-AVR-20120217/lib/gcc/avr/4.5.1/avr5/libgcc.a(_addsub_sf.o)
 .debug_frame   0x00000d40       0x20 /usr/local/CrossPack-AVR-20120217/lib/gcc/avr/4.5.1/avr5/libgcc.a(_mul_sf.o)
 .debug_frame   0x00000d60       0x20 /usr/local/CrossPack-AVR-20120217/lib/gcc/avr/4.5.1/avr5/libgcc.a(_div_sf.o)
 .debug_frame   0x00000d80       0x20 /usr/local/CrossPack-AVR-20120217/lib/gcc/avr/4.5.1/avr5/libgcc.a(_gt_sf.o)
 .debug_frame   0x00000da0       0x20 /usr/local/CrossPack-AVR-20120217/lib/gcc/avr/4.5.1/avr5/libgcc.a(_ge_sf.o)
 .debug_frame   0x00000dc0       0x20 /usr/local/CrossPack-AVR-20120217/lib/gcc/avr/4.5.1/avr5/libgcc.a(_lt_sf.o)
 .debug_frame   0x00000de0       0x20 /usr/local/CrossPack-AVR-20120217/lib/gcc/avr/4.5.1/avr5/libgcc.a(_si_to_sf.o)
 .debug_frame   0x00000e00       0x20 /usr/local/CrossPack-AVR-20120217/lib/gcc/avr/4.5.1/avr5/libgcc.a(_sf_to_si.o)
 .debug_frame   0x00000e20       0x20 /usr/local/CrossPack-AVR-20120217/lib/gcc/avr/4.5.1/avr5/libgcc.a(_usi_to_sf.o)
 .debug_frame   0x00000e40       0x20 /usr/local/CrossPack-AVR-20120217/lib/gcc/avr/4.5.1/avr5/libgcc.a(_clzsi2.o)
 .debug_frame   0x00000e60       0x20 /usr/local/CrossPack-AVR-20120217/lib/gcc/avr/4.5.1/avr5/libgcc.a(_pack_sf.o)
 .debug_frame   0x00000e80       0x20 /usr/local/CrossPack-AVR-20120217/lib/gcc/avr/4.5.1/avr5/libgcc.a(_unpack_sf.o)
 .debug_frame   0x00000ea0       0x20 /usr/local/CrossPack-AVR-20120217/lib/gcc/avr/4.5.1/avr5/libgcc.a(_fpcmp_parts_sf.o)

.debug_str      0x00000000     0x2984
 *(.debug_str)
 .debug_str     0x00000000      0x27a bigmotor_main.o
                                0x2d9 (size before relaxing)
 .debug_str     0x0000027a      0x5ab can_msg.o
                                0x783 (size before relaxing)
 .debug_str     0x00000825      0x25f calibrations.o
                                0x3fb (size before relaxing)
 .debug_str     0x00000a84      0x1a3 motor.o
                                0x3c9 (size before relaxing)
 .debug_str     0x00000c27      0x3cd pot.o
                                0x5b0 (size before relaxing)
 .debug_str     0x00000ff4       0xd2 encoder.o
                                0x1cc (size before relaxing)
 .debug_str     0x000010c6       0x40 OS_Dispatch.o
                                0x10c (size before relaxing)
 .debug_str     0x00001106      0x185 adc.o
                                0x2de (size before relaxing)
 .debug_str     0x0000128b      0x4bd ../core/can.o
                                0x6b3 (size before relaxing)
 .debug_str     0x00001748      0x224 ../core/can_instance.o
                                0x479 (size before relaxing)
 .debug_str     0x0000196c      0x13e ../core/can_eid.o
                                0x249 (size before relaxing)
 .debug_str     0x00001aaa      0x2d4 ../core/can_board_msg.o
                                0x5a4 (size before relaxing)
 .debug_str     0x00001d7e      0x16a ../core/can_buff.o
                                0x3ab (size before relaxing)
 .debug_str     0x00001ee8      0x208 ../core/leds.o
                                0x35b (size before relaxing)
 .debug_str     0x000020f0      0x1ac ../core/pwm.o
                                0x270 (size before relaxing)
 .debug_str     0x0000229c       0x4d ../core/bk_system_defs.o
                                0x104 (size before relaxing)
 .debug_str     0x000022e9       0xf8 ../core/OS_timers.o
                                0x1db (size before relaxing)
 .debug_str     0x000023e1      0x2a1 ../core/configuration.o
                                0x58c (size before relaxing)
 .debug_str     0x00002682       0xc2 /usr/local/CrossPack-AVR-20120217/lib/gcc/avr/4.5.1/avr5/libgcc.a(_fixunssfsi.o)
                                0x13b (size before relaxing)
 .debug_str     0x00002744      0x145 /usr/local/CrossPack-AVR-20120217/lib/gcc/avr/4.5.1/avr5/libgcc.a(_addsub_sf.o)
                                0x24e (size before relaxing)
 .debug_str     0x00002889       0x27 /usr/local/CrossPack-AVR-20120217/lib/gcc/avr/4.5.1/avr5/libgcc.a(_mul_sf.o)
                                0x207 (size before relaxing)
 .debug_str     0x000028b0       0x35 /usr/local/CrossPack-AVR-20120217/lib/gcc/avr/4.5.1/avr5/libgcc.a(_div_sf.o)
                                0x210 (size before relaxing)
 .debug_str     0x000028e5        0x8 /usr/local/CrossPack-AVR-20120217/lib/gcc/avr/4.5.1/avr5/libgcc.a(_gt_sf.o)
                                0x1d5 (size before relaxing)
 .debug_str     0x000028ed        0x8 /usr/local/CrossPack-AVR-20120217/lib/gcc/avr/4.5.1/avr5/libgcc.a(_ge_sf.o)
                                0x1d5 (size before relaxing)
 .debug_str     0x000028f5        0x8 /usr/local/CrossPack-AVR-20120217/lib/gcc/avr/4.5.1/avr5/libgcc.a(_lt_sf.o)
                                0x1d5 (size before relaxing)
 .debug_str     0x000028fd       0x27 /usr/local/CrossPack-AVR-20120217/lib/gcc/avr/4.5.1/avr5/libgcc.a(_si_to_sf.o)
                                0x1c4 (size before relaxing)
 .debug_str     0x00002924        0xa /usr/local/CrossPack-AVR-20120217/lib/gcc/avr/4.5.1/avr5/libgcc.a(_sf_to_si.o)
                                0x1de (size before relaxing)
 .debug_str     0x00000000      0x180 /usr/local/CrossPack-AVR-20120217/lib/gcc/avr/4.5.1/avr5/libgcc.a(_thenan_sf.o)
 .debug_str     0x0000292e       0x14 /usr/local/CrossPack-AVR-20120217/lib/gcc/avr/4.5.1/avr5/libgcc.a(_usi_to_sf.o)
                                0x1c0 (size before relaxing)
 .debug_str     0x00002942       0x17 /usr/local/CrossPack-AVR-20120217/lib/gcc/avr/4.5.1/avr5/libgcc.a(_clzsi2.o)
                                0x147 (size before relaxing)
 .debug_str     0x00002959       0x10 /usr/local/CrossPack-AVR-20120217/lib/gcc/avr/4.5.1/avr5/libgcc.a(_pack_sf.o)
                                0x1dd (size before relaxing)
 .debug_str     0x00002969        0xb /usr/local/CrossPack-AVR-20120217/lib/gcc/avr/4.5.1/avr5/libgcc.a(_unpack_sf.o)
                                0x1bf (size before relaxing)
 .debug_str     0x00002974       0x10 /usr/local/CrossPack-AVR-20120217/lib/gcc/avr/4.5.1/avr5/libgcc.a(_fpcmp_parts_sf.o)
                                0x1a3 (size before relaxing)
 .debug_str     0x00000000      0x12a /usr/local/CrossPack-AVR-20120217/lib/gcc/avr/4.5.1/avr5/libgcc.a(_clz.o)

.debug_loc      0x00000000     0x3839
 *(.debug_loc)
 .debug_loc     0x00000000      0x2c1 bigmotor_main.o
 .debug_loc     0x000002c1      0x6b7 can_msg.o
 .debug_loc     0x00000978      0x4c1 calibrations.o
 .debug_loc     0x00000e39      0x20c motor.o
 .debug_loc     0x00001045      0x122 pot.o
 .debug_loc     0x00001167       0x96 encoder.o
 .debug_loc     0x000011fd       0xa1 adc.o
 .debug_loc     0x0000129e      0x652 ../core/can.o
 .debug_loc     0x000018f0      0x112 ../core/can_instance.o
 .debug_loc     0x00001a02       0xa8 ../core/can_eid.o
 .debug_loc     0x00001aaa      0x1b4 ../core/can_board_msg.o
 .debug_loc     0x00001c5e      0x18e ../core/can_buff.o
 .debug_loc     0x00001dec      0x148 ../core/leds.o
 .debug_loc     0x00001f34      0x4f2 ../core/pwm.o
 .debug_loc     0x00002426       0x34 ../core/bk_system_defs.o
 .debug_loc     0x0000245a      0x5dd ../core/configuration.o
 .debug_loc     0x00002a37       0x34 /usr/local/CrossPack-AVR-20120217/lib/gcc/avr/4.5.1/avr5/libgcc.a(_fixunssfsi.o)
 .debug_loc     0x00002a6b      0x31d /usr/local/CrossPack-AVR-20120217/lib/gcc/avr/4.5.1/avr5/libgcc.a(_addsub_sf.o)
 .debug_loc     0x00002d88      0x2a4 /usr/local/CrossPack-AVR-20120217/lib/gcc/avr/4.5.1/avr5/libgcc.a(_mul_sf.o)
 .debug_loc     0x0000302c      0x1ac /usr/local/CrossPack-AVR-20120217/lib/gcc/avr/4.5.1/avr5/libgcc.a(_div_sf.o)
 .debug_loc     0x000031d8       0x48 /usr/local/CrossPack-AVR-20120217/lib/gcc/avr/4.5.1/avr5/libgcc.a(_gt_sf.o)
 .debug_loc     0x00003220       0x48 /usr/local/CrossPack-AVR-20120217/lib/gcc/avr/4.5.1/avr5/libgcc.a(_ge_sf.o)
 .debug_loc     0x00003268       0x48 /usr/local/CrossPack-AVR-20120217/lib/gcc/avr/4.5.1/avr5/libgcc.a(_lt_sf.o)
 .debug_loc     0x000032b0       0xb4 /usr/local/CrossPack-AVR-20120217/lib/gcc/avr/4.5.1/avr5/libgcc.a(_si_to_sf.o)
 .debug_loc     0x00003364       0x56 /usr/local/CrossPack-AVR-20120217/lib/gcc/avr/4.5.1/avr5/libgcc.a(_sf_to_si.o)
 .debug_loc     0x000033ba       0x96 /usr/local/CrossPack-AVR-20120217/lib/gcc/avr/4.5.1/avr5/libgcc.a(_usi_to_sf.o)
 .debug_loc     0x00003450       0xb2 /usr/local/CrossPack-AVR-20120217/lib/gcc/avr/4.5.1/avr5/libgcc.a(_clzsi2.o)
 .debug_loc     0x00003502      0x1d6 /usr/local/CrossPack-AVR-20120217/lib/gcc/avr/4.5.1/avr5/libgcc.a(_pack_sf.o)
 .debug_loc     0x000036d8      0x111 /usr/local/CrossPack-AVR-20120217/lib/gcc/avr/4.5.1/avr5/libgcc.a(_unpack_sf.o)
 .debug_loc     0x000037e9       0x50 /usr/local/CrossPack-AVR-20120217/lib/gcc/avr/4.5.1/avr5/libgcc.a(_fpcmp_parts_sf.o)

.debug_macinfo
 *(.debug_macinfo)
OUTPUT(bigmotor.elf elf32-avr)
LOAD linker stubs

.debug_pubtypes
                0x00000000      0xa3c
 .debug_pubtypes
                0x00000000       0x3f bigmotor_main.o
 .debug_pubtypes
                0x0000003f       0x61 can_msg.o
 .debug_pubtypes
                0x000000a0       0x39 calibrations.o
 .debug_pubtypes
                0x000000d9       0x47 motor.o
 .debug_pubtypes
                0x00000120       0x31 pot.o
 .debug_pubtypes
                0x00000151       0x12 encoder.o
 .debug_pubtypes
                0x00000163       0x12 OS_Dispatch.o
 .debug_pubtypes
                0x00000175       0x12 adc.o
 .debug_pubtypes
                0x00000187       0x31 ../core/can.o
 .debug_pubtypes
                0x000001b8       0x26 ../core/can_instance.o
 .debug_pubtypes
                0x000001de       0x1d ../core/can_eid.o
 .debug_pubtypes
                0x000001fb       0x4a ../core/can_board_msg.o
 .debug_pubtypes
                0x00000245       0x26 ../core/can_buff.o
 .debug_pubtypes
                0x0000026b       0x35 ../core/leds.o
 .debug_pubtypes
                0x000002a0       0x12 ../core/pwm.o
 .debug_pubtypes
                0x000002b2       0x12 ../core/bk_system_defs.o
 .debug_pubtypes
                0x000002c4       0x12 ../core/OS_timers.o
 .debug_pubtypes
                0x000002d6       0x3f ../core/configuration.o
 .debug_pubtypes
                0x00000315       0x34 /usr/local/CrossPack-AVR-20120217/lib/gcc/avr/4.5.1/avr5/libgcc.a(_fixunssfsi.o)
 .debug_pubtypes
                0x00000349       0x9d /usr/local/CrossPack-AVR-20120217/lib/gcc/avr/4.5.1/avr5/libgcc.a(_addsub_sf.o)
 .debug_pubtypes
                0x000003e6       0x86 /usr/local/CrossPack-AVR-20120217/lib/gcc/avr/4.5.1/avr5/libgcc.a(_mul_sf.o)
 .debug_pubtypes
                0x0000046c       0x86 /usr/local/CrossPack-AVR-20120217/lib/gcc/avr/4.5.1/avr5/libgcc.a(_div_sf.o)
 .debug_pubtypes
                0x000004f2       0x91 /usr/local/CrossPack-AVR-20120217/lib/gcc/avr/4.5.1/avr5/libgcc.a(_gt_sf.o)
 .debug_pubtypes
                0x00000583       0x91 /usr/local/CrossPack-AVR-20120217/lib/gcc/avr/4.5.1/avr5/libgcc.a(_ge_sf.o)
 .debug_pubtypes
                0x00000614       0x91 /usr/local/CrossPack-AVR-20120217/lib/gcc/avr/4.5.1/avr5/libgcc.a(_lt_sf.o)
 .debug_pubtypes
                0x000006a5       0x7e /usr/local/CrossPack-AVR-20120217/lib/gcc/avr/4.5.1/avr5/libgcc.a(_si_to_sf.o)
 .debug_pubtypes
                0x00000723       0x91 /usr/local/CrossPack-AVR-20120217/lib/gcc/avr/4.5.1/avr5/libgcc.a(_sf_to_si.o)
 .debug_pubtypes
                0x000007b4       0x5b /usr/local/CrossPack-AVR-20120217/lib/gcc/avr/4.5.1/avr5/libgcc.a(_thenan_sf.o)
 .debug_pubtypes
                0x0000080f       0x73 /usr/local/CrossPack-AVR-20120217/lib/gcc/avr/4.5.1/avr5/libgcc.a(_usi_to_sf.o)
 .debug_pubtypes
                0x00000882       0x35 /usr/local/CrossPack-AVR-20120217/lib/gcc/avr/4.5.1/avr5/libgcc.a(_clzsi2.o)
 .debug_pubtypes
                0x000008b7       0x86 /usr/local/CrossPack-AVR-20120217/lib/gcc/avr/4.5.1/avr5/libgcc.a(_pack_sf.o)
 .debug_pubtypes
                0x0000093d       0x86 /usr/local/CrossPack-AVR-20120217/lib/gcc/avr/4.5.1/avr5/libgcc.a(_unpack_sf.o)
 .debug_pubtypes
                0x000009c3       0x5b /usr/local/CrossPack-AVR-20120217/lib/gcc/avr/4.5.1/avr5/libgcc.a(_fpcmp_parts_sf.o)
 .debug_pubtypes
                0x00000a1e       0x1e /usr/local/CrossPack-AVR-20120217/lib/gcc/avr/4.5.1/avr5/libgcc.a(_clz.o)

.debug_ranges   0x00000000      0x378
 .debug_ranges  0x00000000       0xa8 can_msg.o
 .debug_ranges  0x000000a8       0x30 motor.o
 .debug_ranges  0x000000d8       0x98 pot.o
 .debug_ranges  0x00000170       0x18 encoder.o
 .debug_ranges  0x00000188       0x18 adc.o
 .debug_ranges  0x000001a0       0x60 ../core/can.o
 .debug_ranges  0x00000200       0x18 ../core/can_instance.o
 .debug_ranges  0x00000218       0x18 ../core/can_board_msg.o
 .debug_ranges  0x00000230       0x30 ../core/can_buff.o
 .debug_ranges  0x00000260       0x68 ../core/pwm.o
 .debug_ranges  0x000002c8       0x18 ../core/OS_timers.o
 .debug_ranges  0x000002e0       0x18 ../core/configuration.o
 .debug_ranges  0x000002f8       0x30 /usr/local/CrossPack-AVR-20120217/lib/gcc/avr/4.5.1/avr5/libgcc.a(_mul_sf.o)
 .debug_ranges  0x00000328       0x38 /usr/local/CrossPack-AVR-20120217/lib/gcc/avr/4.5.1/avr5/libgcc.a(_div_sf.o)
 .debug_ranges  0x00000360       0x18 /usr/local/CrossPack-AVR-20120217/lib/gcc/avr/4.5.1/avr5/libgcc.a(_si_to_sf.o)
