Archive member included because of file (symbol)

/usr/local/CrossPack-AVR-20120217/lib/gcc/avr/4.5.1/avr5/libgcc.a(_udivmodhi4.o)
                              ../core/OS_timers.o (__udivmodhi4)
/usr/local/CrossPack-AVR-20120217/lib/gcc/avr/4.5.1/avr5/libgcc.a(_divmodhi4.o)
                              OS_Dispatch.o (__divmodhi4)
/usr/local/CrossPack-AVR-20120217/lib/gcc/avr/4.5.1/avr5/libgcc.a(_divmodsi4.o)
                              ../core/pwm.o (__divmodsi4)
/usr/local/CrossPack-AVR-20120217/lib/gcc/avr/4.5.1/avr5/libgcc.a(_exit.o)
                              /usr/local/CrossPack-AVR-20120217/lib/gcc/avr/4.5.1/../../../../avr/lib/avr5/crtm16m1.o (exit)
/usr/local/CrossPack-AVR-20120217/lib/gcc/avr/4.5.1/avr5/libgcc.a(_copy_data.o)
                              OS_Dispatch.o (__do_copy_data)
/usr/local/CrossPack-AVR-20120217/lib/gcc/avr/4.5.1/avr5/libgcc.a(_clear_bss.o)
                              can_msg.o (__do_clear_bss)
/usr/local/CrossPack-AVR-20120217/lib/gcc/avr/4.5.1/avr5/libgcc.a(_fixunssfsi.o)
                              ../core/pwm.o (__fixunssfsi)
/usr/local/CrossPack-AVR-20120217/lib/gcc/avr/4.5.1/avr5/libgcc.a(_addsub_sf.o)
                              /usr/local/CrossPack-AVR-20120217/lib/gcc/avr/4.5.1/avr5/libgcc.a(_fixunssfsi.o) (__subsf3)
/usr/local/CrossPack-AVR-20120217/lib/gcc/avr/4.5.1/avr5/libgcc.a(_mul_sf.o)
                              calc_orientation.o (__mulsf3)
/usr/local/CrossPack-AVR-20120217/lib/gcc/avr/4.5.1/avr5/libgcc.a(_div_sf.o)
                              ../core/pwm.o (__divsf3)
/usr/local/CrossPack-AVR-20120217/lib/gcc/avr/4.5.1/avr5/libgcc.a(_gt_sf.o)
                              ../core/pwm.o (__gtsf2)
/usr/local/CrossPack-AVR-20120217/lib/gcc/avr/4.5.1/avr5/libgcc.a(_ge_sf.o)
                              /usr/local/CrossPack-AVR-20120217/lib/gcc/avr/4.5.1/avr5/libgcc.a(_fixunssfsi.o) (__gesf2)
/usr/local/CrossPack-AVR-20120217/lib/gcc/avr/4.5.1/avr5/libgcc.a(_lt_sf.o)
                              ../core/pwm.o (__ltsf2)
/usr/local/CrossPack-AVR-20120217/lib/gcc/avr/4.5.1/avr5/libgcc.a(_si_to_sf.o)
                              calc_orientation.o (__floatsisf)
/usr/local/CrossPack-AVR-20120217/lib/gcc/avr/4.5.1/avr5/libgcc.a(_sf_to_si.o)
                              calc_orientation.o (__fixsfsi)
/usr/local/CrossPack-AVR-20120217/lib/gcc/avr/4.5.1/avr5/libgcc.a(_thenan_sf.o)
                              /usr/local/CrossPack-AVR-20120217/lib/gcc/avr/4.5.1/avr5/libgcc.a(_addsub_sf.o) (__thenan_sf)
/usr/local/CrossPack-AVR-20120217/lib/gcc/avr/4.5.1/avr5/libgcc.a(_usi_to_sf.o)
                              ../core/pwm.o (__floatunsisf)
/usr/local/CrossPack-AVR-20120217/lib/gcc/avr/4.5.1/avr5/libgcc.a(_udivmodsi4.o)
                              /usr/local/CrossPack-AVR-20120217/lib/gcc/avr/4.5.1/avr5/libgcc.a(_divmodsi4.o) (__udivmodsi4)
/usr/local/CrossPack-AVR-20120217/lib/gcc/avr/4.5.1/avr5/libgcc.a(_prologue.o)
                              /usr/local/CrossPack-AVR-20120217/lib/gcc/avr/4.5.1/avr5/libgcc.a(_addsub_sf.o) (__prologue_saves__)
/usr/local/CrossPack-AVR-20120217/lib/gcc/avr/4.5.1/avr5/libgcc.a(_epilogue.o)
                              /usr/local/CrossPack-AVR-20120217/lib/gcc/avr/4.5.1/avr5/libgcc.a(_addsub_sf.o) (__epilogue_restores__)
/usr/local/CrossPack-AVR-20120217/lib/gcc/avr/4.5.1/avr5/libgcc.a(_clzsi2.o)
                              /usr/local/CrossPack-AVR-20120217/lib/gcc/avr/4.5.1/avr5/libgcc.a(_si_to_sf.o) (__clzsi2)
/usr/local/CrossPack-AVR-20120217/lib/gcc/avr/4.5.1/avr5/libgcc.a(_pack_sf.o)
                              /usr/local/CrossPack-AVR-20120217/lib/gcc/avr/4.5.1/avr5/libgcc.a(_addsub_sf.o) (__pack_f)
/usr/local/CrossPack-AVR-20120217/lib/gcc/avr/4.5.1/avr5/libgcc.a(_unpack_sf.o)
                              /usr/local/CrossPack-AVR-20120217/lib/gcc/avr/4.5.1/avr5/libgcc.a(_addsub_sf.o) (__unpack_f)
/usr/local/CrossPack-AVR-20120217/lib/gcc/avr/4.5.1/avr5/libgcc.a(_fpcmp_parts_sf.o)
                              /usr/local/CrossPack-AVR-20120217/lib/gcc/avr/4.5.1/avr5/libgcc.a(_gt_sf.o) (__fpcmp_parts_f)
/usr/local/CrossPack-AVR-20120217/lib/gcc/avr/4.5.1/avr5/libgcc.a(_clz.o)
                              /usr/local/CrossPack-AVR-20120217/lib/gcc/avr/4.5.1/avr5/libgcc.a(_clzsi2.o) (__clz_tab)
/usr/local/CrossPack-AVR-20120217/lib/gcc/avr/4.5.1/../../../../avr/lib/avr5/libm.a(ceil.o)
                              ../core/pwm.o (ceil)
/usr/local/CrossPack-AVR-20120217/lib/gcc/avr/4.5.1/../../../../avr/lib/avr5/libm.a(fp_mintl.o)
                              /usr/local/CrossPack-AVR-20120217/lib/gcc/avr/4.5.1/../../../../avr/lib/avr5/libm.a(ceil.o) (__fp_mintl)
/usr/local/CrossPack-AVR-20120217/lib/gcc/avr/4.5.1/../../../../avr/lib/avr5/libm.a(fp_mpack.o)
                              /usr/local/CrossPack-AVR-20120217/lib/gcc/avr/4.5.1/../../../../avr/lib/avr5/libm.a(ceil.o) (__fp_mpack)
/usr/local/CrossPack-AVR-20120217/lib/gcc/avr/4.5.1/../../../../avr/lib/avr5/libm.a(fp_trunc.o)
                              /usr/local/CrossPack-AVR-20120217/lib/gcc/avr/4.5.1/../../../../avr/lib/avr5/libm.a(ceil.o) (__fp_trunc)
/usr/local/CrossPack-AVR-20120217/lib/gcc/avr/4.5.1/../../../../avr/lib/avr5/libm.a(fp_zero.o)
                              /usr/local/CrossPack-AVR-20120217/lib/gcc/avr/4.5.1/../../../../avr/lib/avr5/libm.a(ceil.o) (__fp_szero)
/usr/local/CrossPack-AVR-20120217/lib/gcc/avr/4.5.1/../../../../avr/lib/avr5/libm.a(sqrt.o)
                              calc_orientation.o (sqrt)
/usr/local/CrossPack-AVR-20120217/lib/gcc/avr/4.5.1/../../../../avr/lib/avr5/libm.a(fp_nan.o)
                              /usr/local/CrossPack-AVR-20120217/lib/gcc/avr/4.5.1/../../../../avr/lib/avr5/libm.a(sqrt.o) (__fp_nan)
/usr/local/CrossPack-AVR-20120217/lib/gcc/avr/4.5.1/../../../../avr/lib/avr5/libm.a(fp_norm2.o)
                              /usr/local/CrossPack-AVR-20120217/lib/gcc/avr/4.5.1/../../../../avr/lib/avr5/libm.a(sqrt.o) (__fp_norm2)
/usr/local/CrossPack-AVR-20120217/lib/gcc/avr/4.5.1/../../../../avr/lib/avr5/libm.a(fp_split3.o)
                              /usr/local/CrossPack-AVR-20120217/lib/gcc/avr/4.5.1/../../../../avr/lib/avr5/libm.a(fp_trunc.o) (__fp_splitA)

Memory Configuration

Name             Origin             Length             Attributes
text             0x00000000         0x00020000         xr
data             0x00800060         0x0000ffa0         rw !x
eeprom           0x00810000         0x00010000         rw !x
fuse             0x00820000         0x00000400         rw !x
lock             0x00830000         0x00000400         rw !x
signature        0x00840000         0x00000400         rw !x
*default*        0x00000000         0xffffffff

Linker script and memory map

Address of section .data set to 0x800100
LOAD /usr/local/CrossPack-AVR-20120217/lib/gcc/avr/4.5.1/../../../../avr/lib/avr5/crtm16m1.o
LOAD tilt_main.o
LOAD can_msg.o
LOAD accelerometer.o
LOAD gyro.o
LOAD magnetometer.o
LOAD OS_Dispatch.o
LOAD calibrations.o
LOAD calc_orientation.o
LOAD ../core/can.o
LOAD ../core/can_instance.o
LOAD ../core/can_eid.o
LOAD ../core/can_board_msg.o
LOAD ../core/can_buff.o
LOAD ../core/leds.o
LOAD ../core/spi.o
LOAD ../core/pwm.o
LOAD ../core/bk_system_defs.o
LOAD ../core/OS_timers.o
LOAD ../core/configuration.o
LOAD ../core/adc.o
LOAD /usr/local/CrossPack-AVR-20120217/lib/gcc/avr/4.5.1/avr5/libgcc.a
LOAD /usr/local/CrossPack-AVR-20120217/lib/gcc/avr/4.5.1/../../../../avr/lib/avr5/libm.a
LOAD /usr/local/CrossPack-AVR-20120217/lib/gcc/avr/4.5.1/avr5/libgcc.a
LOAD /usr/local/CrossPack-AVR-20120217/lib/gcc/avr/4.5.1/../../../../avr/lib/avr5/libc.a
LOAD /usr/local/CrossPack-AVR-20120217/lib/gcc/avr/4.5.1/avr5/libgcc.a

.hash
 *(.hash)

.dynsym
 *(.dynsym)

.dynstr
 *(.dynstr)

.gnu.version
 *(.gnu.version)

.gnu.version_d
 *(.gnu.version_d)

.gnu.version_r
 *(.gnu.version_r)

.rel.init
 *(.rel.init)

.rela.init
 *(.rela.init)

.rel.text
 *(.rel.text)
 *(.rel.text.*)
 *(.rel.gnu.linkonce.t*)

.rela.text
 *(.rela.text)
 *(.rela.text.*)
 *(.rela.gnu.linkonce.t*)

.rel.fini
 *(.rel.fini)

.rela.fini
 *(.rela.fini)

.rel.rodata
 *(.rel.rodata)
 *(.rel.rodata.*)
 *(.rel.gnu.linkonce.r*)

.rela.rodata
 *(.rela.rodata)
 *(.rela.rodata.*)
 *(.rela.gnu.linkonce.r*)

.rel.data
 *(.rel.data)
 *(.rel.data.*)
 *(.rel.gnu.linkonce.d*)

.rela.data
 *(.rela.data)
 *(.rela.data.*)
 *(.rela.gnu.linkonce.d*)

.rel.ctors
 *(.rel.ctors)

.rela.ctors
 *(.rela.ctors)

.rel.dtors
 *(.rel.dtors)

.rela.dtors
 *(.rela.dtors)

.rel.got
 *(.rel.got)

.rela.got
 *(.rela.got)

.rel.bss
 *(.rel.bss)

.rela.bss
 *(.rela.bss)

.rel.plt
 *(.rel.plt)

.rela.plt
 *(.rela.plt)

.text           0x00000000     0x3eb2
 *(.vectors)
 .vectors       0x00000000       0x7c /usr/local/CrossPack-AVR-20120217/lib/gcc/avr/4.5.1/../../../../avr/lib/avr5/crtm16m1.o
                0x00000000                __vectors
                0x00000000                __vector_default
 *(.vectors)
 *(.progmem.gcc*)
 *(.progmem*)
 .progmem.data  0x0000007c       0x10 ../core/can_board_msg.o
                0x0000007c                BoardDescription
                0x0000008c                . = ALIGN (0x2)
                0x0000008c                __trampolines_start = .
 *(.trampolines)
 .trampolines   0x0000008c        0x0 linker stubs
 *(.trampolines*)
                0x0000008c                __trampolines_end = .
 *(.jumptables)
 *(.jumptables*)
 *(.lowtext)
 *(.lowtext*)
                0x0000008c                __ctors_start = .
 *(.ctors)
                0x0000008c                __ctors_end = .
                0x0000008c                __dtors_start = .
 *(.dtors)
                0x0000008c                __dtors_end = .
 SORT(*)(.ctors)
 SORT(*)(.dtors)
 *(.init0)
 .init0         0x0000008c        0x0 /usr/local/CrossPack-AVR-20120217/lib/gcc/avr/4.5.1/../../../../avr/lib/avr5/crtm16m1.o
                0x0000008c                __init
 *(.init0)
 *(.init1)
 *(.init1)
 *(.init2)
 .init2         0x0000008c        0xc /usr/local/CrossPack-AVR-20120217/lib/gcc/avr/4.5.1/../../../../avr/lib/avr5/crtm16m1.o
 *(.init2)
 *(.init3)
 *(.init3)
 *(.init4)
 .init4         0x00000098       0x16 /usr/local/CrossPack-AVR-20120217/lib/gcc/avr/4.5.1/avr5/libgcc.a(_copy_data.o)
                0x00000098                __do_copy_data
 .init4         0x000000ae       0x10 /usr/local/CrossPack-AVR-20120217/lib/gcc/avr/4.5.1/avr5/libgcc.a(_clear_bss.o)
                0x000000ae                __do_clear_bss
 *(.init4)
 *(.init5)
 *(.init5)
 *(.init6)
 *(.init6)
 *(.init7)
 *(.init7)
 *(.init8)
 *(.init8)
 *(.init9)
 .init9         0x000000be        0x8 /usr/local/CrossPack-AVR-20120217/lib/gcc/avr/4.5.1/../../../../avr/lib/avr5/crtm16m1.o
 *(.init9)
 *(.text)
 .text          0x000000c6        0x4 /usr/local/CrossPack-AVR-20120217/lib/gcc/avr/4.5.1/../../../../avr/lib/avr5/crtm16m1.o
                0x000000c6                __vector_20
                0x000000c6                __vector_28
                0x000000c6                __vector_1
                0x000000c6                __vector_24
                0x000000c6                __vector_12
                0x000000c6                __bad_interrupt
                0x000000c6                __vector_6
                0x000000c6                __vector_3
                0x000000c6                __vector_30
                0x000000c6                __vector_25
                0x000000c6                __vector_11
                0x000000c6                __vector_13
                0x000000c6                __vector_17
                0x000000c6                __vector_19
                0x000000c6                __vector_7
                0x000000c6                __vector_5
                0x000000c6                __vector_4
                0x000000c6                __vector_9
                0x000000c6                __vector_2
                0x000000c6                __vector_21
                0x000000c6                __vector_29
                0x000000c6                __vector_8
                0x000000c6                __vector_14
                0x000000c6                __vector_10
                0x000000c6                __vector_16
                0x000000c6                __vector_22
 .text          0x000000ca      0x194 tilt_main.o
                0x000000ca                _Z13config_changeh
                0x000000da                _Z17configure_buttonsv
                0x000000ee                _Z12read_buttonsv
                0x000000f4                _Z4initv
                0x0000014c                _Z10send_accelv
                0x0000017c                _Z9send_gyrov
                0x000001ac                _Z11send_magnetv
                0x000001dc                _Z17can_init_test_msgv
                0x00000240                main
 .text          0x0000025e      0x322 can_msg.o
                0x0000025e                _Z16can_file_messageP4sCAN
                0x00000260                _Z28can_prep_generic_XYZ_msg_msbP4sCANP4uXYZ
                0x0000029a                _Z24can_prep_generic_XYZ_msgP4sCANP4uXYZ
                0x000002d4                _Z18can_prep_accel_msgP4sCANP4uXYZ
                0x00000320                _Z17can_prep_gyro_msgP4sCANP4uXYZ
                0x0000036c                _Z19can_prep_magnet_msgP4sCANP4uXYZ
                0x000003b8                _Z27can_prep_total_position_msgP4sCANP4uXYZ
                0x00000404                _Z35can_prep_total_angular_position_msgP4sCANP4uXYZ
                0x00000450                _Z27can_prep_total_velocity_msgP4sCANP4uXYZ
                0x0000049c                _Z35can_prep_total_angular_velocity_msgP4sCANP4uXYZ
                0x000004e8                _Z31can_prep_total_acceleration_msgP4sCANP4uXYZ
                0x00000534                _Z39can_prep_total_angular_acceleration_msgP4sCANP4uXYZ
 .text          0x00000580      0x31a accelerometer.o
                0x00000580                _Z10accel_readh
                0x00000598                _Z16accel_multi_readhPhh
                0x00000600                _Z11accel_writehh
                0x00000624                _Z15accel_data_rateh
                0x00000630                _Z24accel_temperature_enablev
                0x0000063a                _Z25accel_temperature_disablev
                0x00000644                _Z17accel_bypass_modev
                0x0000064e                _Z15accel_FIFO_modev
                0x00000658                _Z17accel_stream_modev
                0x00000662                _Z18accel_trigger_modev
                0x0000066c                _Z21accel_set_sensitivityh
                0x0000067a                _Z10accel_initv
                0x0000069c                _Z12accel_read_Xv
                0x000006c0                _Z12accel_read_Yv
                0x000006e4                _Z12accel_read_Zv
                0x00000708                _Z14accel_read_xyzP4uXYZ
                0x00000714                __vector_23
                0x000007c0                _Z10swap_bytesP4uXYZ
                0x000007f4                _Z20accel_new_data_availv
                0x000007fc                _Z19can_blank_accel_msghh
                0x00000846                _Z15accel_timeslicev
 .text          0x0000089a      0x30c gyro.o
                0x0000089a                _Z8gyro_isrv
                0x0000089c                _Z9gyro_readh
                0x000008b0                _Z15gyro_multi_readhPhh
                0x0000091a                _Z10gyro_writehh
                0x00000944                _Z16gyro_disable_i2cv
                0x00000956                _Z10gyro_resetv
                0x0000096c                _Z13gyro_set_modeh
                0x00000988                _Z14gyro_powerdownv
                0x00000990                _Z12gyro_standbyv
                0x00000998                _Z21gyro_measurement_modev
                0x000009a0                _Z22gyro_fast_measure_modev
                0x000009a8                _Z9gyro_initv
                0x000009e4                _Z15gyro_int_enablev
                0x000009f6                _Z11gyro_read_xv
                0x00000a18                _Z11gyro_read_yv
                0x00000a3a                _Z11gyro_read_zv
                0x00000a5c                _Z13gyro_read_xyzP4uXYZ
                0x00000a68                _Z14gyro_timeslicev
                0x00000aba                _Z17can_init_test_msghhhh
                0x00000b42                _Z10gyro_testsv
 .text          0x00000ba6      0x19e magnetometer.o
                0x00000ba6                _Z8mag_readh
                0x00000bb8                _Z14mag_multi_readhPhh
                0x00000c20                _Z9mag_writehh
                0x00000c4a                _Z12mag_read_xyzP4uXYZ
                0x00000c56                _Z22mag_enable_temperatureh
                0x00000c68                _Z23mag_disable_temperatureh
                0x00000c7a                _Z19mag_average_samplesh
                0x00000c9a                _Z17mag_set_data_rateh
                0x00000cb8                _Z8mag_initv
                0x00000cd6                _Z12mag_set_gainh
                0x00000cec                _Z13mag_timeslicev
                0x00000d1c                _Z12mag_id_testsv
 .text          0x00000d44       0x4e OS_Dispatch.o
                0x00000d44                _Z11data_gatherv
                0x00000d52                _Z11OS_Dispatchv
 .text          0x00000d92       0x48 calibrations.o
                0x00000d92                _Z25app_default_configurationv
                0x00000da4                _Z19getAccelSensitivityv
                0x00000dac                _Z17getMagnetDataRatev
                0x00000db4                _Z13getMagnetAvgsv
                0x00000dbc                _Z20getTemperatureEnablev
                0x00000dc4                _Z8save_calv
                0x00000dca                _Z8read_calv
                0x00000dd0                _Z13getReportRatev
 .text          0x00000dda      0x266 calc_orientation.o
                0x00000dda                _Z11orient_initv
                0x00000df4                _Z16orient_timeslicev
                0x00000df6                _Z21integrate_gyro_anglesv
                0x00000df8                _Z17accel_calc_anglesv
                0x00000dfa                _Z23difference_accel_anglesv
                0x00000dfc                _Z10accumulateR4uXYZS_
                0x00000e5a                _Z7compareiii
                0x00000e74                _Z14compare_withiniif
                0x00000ed6                _Z28compare_magnitude_to_gravityi
                0x00000ef2                _Z7average4uXYZS_
                0x00000fc0                _Z9magnitude4uXYZ
 .text          0x00001040      0x790 ../core/can.o
                0x00001040                _Z15set_rx_callbackPFvP4sCANE
                0x0000104a                _Z15set_tx_callbackPFvvE
                0x00001054                _Z26can_add_instance_to_filterht
                0x000010b4                _Z31can_remove_instance_from_filterh
                0x000010d8                _Z10can_set_idh6idType
                0x00001138                _Z20can_add_id_to_filterhtt
                0x00001200                _Z25can_remove_id_from_filterh
                0x0000122c                _Z12can_set_maskhss
                0x0000124c                _Z11can_set_taghss
                0x0000126c                _Z21can_setup_receive_mobhssh
                0x000012c8                _Z13can_init_mobsv
                0x00001378                _Z15can_disable_mobh
                0x00001390                _Z15can_retrieve_idP4sCAN
                0x000013fe                _Z17can_retrieve_dataP4sCAN
                0x00001440                __vector_18
                0x0000158e                _Z20can_send_msg_no_waithP4sCAN
                0x000015f4                _Z12can_send_msghP4sCAN
                0x00001602                _Z17can_get_timestampv
                0x00001618                _Z11can_get_msgP4sCAN
                0x0000164a                _Z8set_baudh
                0x0000168e                _Z8can_inith
                0x000016ca                _Z15can_set_baud_1Mh
                0x000016f4                _Z17can_set_baud_500Kh
                0x00001720                _Z17can_set_baud_250Kh
                0x0000174c                _Z17can_set_baud_200Kh
                0x00001778                _Z17can_set_baud_125Kh
                0x000017a4                _Z17can_set_baud_100Kh
 .text          0x000017d0      0x2ac ../core/can_instance.o
                0x000017d0                _Z22random_number_adc_initv
                0x000017e8                _Z18pick_random_numberv
                0x0000183c                _Z24setup_instance_claim_mobv
                0x00001862                _Z17can_instance_initv
                0x000018ca                _Z25can_prep_instance_requestP4sCANh
                0x00001912                _Z22can_instance_timeslicev
                0x00001a3a                _Z23can_prep_instance_queryP4sCAN
                0x00001a68                _Z28can_process_instance_requestP4sCAN
 .text          0x00001a7c       0x60 ../core/can_eid.o
                0x00001a7c                _Z14create_CAN_eidth
                0x00001a88                _Z14create_CAN_eidhth
                0x00001a96                _Z9get_block6idType
                0x00001a9a                _Z12get_instance6idType
                0x00001a9e                _Z6get_id6idType
                0x00001aa4                _Z5match6idTypeS_
                0x00001ab6                _Z11block_match6idTypeS_
                0x00001abe                _Z8id_match6idTypeS_
                0x00001ad4                _Z14instance_match6idTypeh
 .text          0x00001adc      0x4d8 ../core/can_board_msg.o
                0x00001adc                _Z22set_configure_callbackPFvhE
                0x00001ae6                _Z27can_prep_board_presence_msgP4sCAN
                0x00001b24                _Z27can_prep_board_revision_msgP4sCAN
                0x00001b60                _Z26can_prep_serial_number_msgP4sCAN
                0x00001b9c                _Z30can_prep_board_description_msgP4sCAN
                0x00001be8                _Z24can_board_presence_replyv
                0x00001c4e                _Z19can_board_timeslicev
                0x00001d18                _Z18can_prep_configureP4sCAN
                0x00001d58                _Z23can_board_msg_responderP4sCAN
 .text          0x00001fb4      0x1e2 ../core/can_buff.o
                0x00001fb4                _Z11FindMailBox6idType
                0x00002020                _Z12copy_can_msgP4sCANS0_
                0x00002038                _Z16addNormalHistoryP4sCAN
                0x00002074                _Z17addMailboxHistoryP4sCAN
                0x000020f4                _Z12QueueMessageP4sCAN
                0x00002108                _Z15RetrieveMessagev
                0x0000215c                _Z13GetMessagePtrh
                0x0000217e                _Z15CAN_Q_Timeslicev
 .text          0x00002196      0x238 ../core/leds.o
                0x00002196                _Z9init_ledsv
                0x000021b0                _Z16protected_led_onh
                0x000021d6                _Z17protected_led_offh
                0x000021fc                _Z11strobe_ledsh
                0x0000225e                _Z6led_onh
                0x0000226c                _Z7led_offh
                0x0000227a                _Z17protected_set_ledhh
                0x0000228a                _Z7set_ledhh
                0x00002298                _Z19protected_show_bytehh
                0x000022f0                _Z9show_bytehh
                0x00002302                _Z18show_result_toggleh
                0x00002336                _Z21can_parse_led_requestP4sCAN
                0x00002372                _Z19led_timeslice_100msv
 .text          0x000023ce      0x136 ../core/spi.o
                0x000023ce                set_spi_isr_callback
                0x000023d8                __vector_26
                0x000023f6                _Z16SPI_SlaveReceivev
                0x00002400                spi_setBitOrder
                0x00002414                spi_setDataMode
                0x0000241e                spi_setClockDivider
                0x00002440                _Z7pin_ddrhh
                0x00002482                spi_init
                0x000024e8                spi_transfer
                0x000024f4                spi_attachInterrupt
                0x000024fc                spi_detachInterrupt
 .text          0x00002504      0x384 ../core/pwm.o
                0x00002504                _Z11OCR1A_Writej
                0x00002514                _Z11OCR1B_Writej
                0x00002524                _Z13get_top_valuef
                0x00002566                _Z7set_topt
                0x00002578                _Z16select_prescalerf
                0x00002654                _Z20get_tccr1b_prescalert
                0x00002694                _Z17set_base_PWM_freqf
                0x000026e4                _Z8pwm_initfhh
                0x00002798                _Z13set_polarityAh
                0x000027b6                _Z13set_polarityBh
                0x000027d4                _Z9set_dutyAf
                0x0000282e                _Z9set_dutyBf
 .text          0x00002888       0x88 ../core/bk_system_defs.o
                0x00002888                _Z5delayl
                0x000028f8                _Z9chip_initv
 .text          0x00002910      0x162 ../core/OS_timers.o
                0x00002910                _Z11OS_InitTaskv
                0x0000292a                _Z13Enter_HS_Modev
                0x00002932                _Z17Enter_Normal_Modev
                0x00002938                _Z15System_Dispatchv
                0x00002994                __vector_15
                0x00002a58                _Z11OS_tmr_initv
 .text          0x00002a72      0x282 ../core/configuration.o
                0x00002a72                _Z27can_parse_configure_requestP4sCAN
                0x00002aca                _Z21default_configurationv
                0x00002af6                _Z11config_initv
                0x00002b08                _Z20save_instance_numberPh
                0x00002b2c                _Z20read_instance_numberPh
                0x00002b46                _Z21save_confirmed_statusPh
                0x00002b6a                _Z21read_confirmed_statusPh
                0x00002b84                _Z25save_configuration_eepromPh
                0x00002c2e                _Z18save_configurationv
                0x00002c40                _Z21save_configuration_div
                0x00002c48                _Z21make_system_new_boardt
                0x00002c6a                _Z25read_configuration_eepromPh
                0x00002ce2                _Z18read_configurationv
 .text          0x00002cf4       0xb6 ../core/adc.o
                0x00002cf4                __vector_27
                0x00002d64                _Z9adc_sleepv
                0x00002d70                _Z8adc_initv
                0x00002d98                _Z14start_samplingv
 .text          0x00002daa        0x0 /usr/local/CrossPack-AVR-20120217/lib/gcc/avr/4.5.1/avr5/libgcc.a(_udivmodhi4.o)
 .text          0x00002daa        0x0 /usr/local/CrossPack-AVR-20120217/lib/gcc/avr/4.5.1/avr5/libgcc.a(_divmodhi4.o)
 .text          0x00002daa        0x0 /usr/local/CrossPack-AVR-20120217/lib/gcc/avr/4.5.1/avr5/libgcc.a(_divmodsi4.o)
 .text          0x00002daa        0x0 /usr/local/CrossPack-AVR-20120217/lib/gcc/avr/4.5.1/avr5/libgcc.a(_exit.o)
 .text          0x00002daa        0x0 /usr/local/CrossPack-AVR-20120217/lib/gcc/avr/4.5.1/avr5/libgcc.a(_copy_data.o)
 .text          0x00002daa        0x0 /usr/local/CrossPack-AVR-20120217/lib/gcc/avr/4.5.1/avr5/libgcc.a(_clear_bss.o)
 .text          0x00002daa       0x58 /usr/local/CrossPack-AVR-20120217/lib/gcc/avr/4.5.1/avr5/libgcc.a(_fixunssfsi.o)
                0x00002daa                __fixunssfsi
 .text          0x00002e02      0x350 /usr/local/CrossPack-AVR-20120217/lib/gcc/avr/4.5.1/avr5/libgcc.a(_addsub_sf.o)
                0x00003096                __addsf3
                0x000030f0                __subsf3
 .text          0x00003152      0x1f4 /usr/local/CrossPack-AVR-20120217/lib/gcc/avr/4.5.1/avr5/libgcc.a(_mul_sf.o)
                0x00003152                __mulsf3
 .text          0x00003346      0x15c /usr/local/CrossPack-AVR-20120217/lib/gcc/avr/4.5.1/avr5/libgcc.a(_div_sf.o)
                0x00003346                __divsf3
 .text          0x000034a2       0x60 /usr/local/CrossPack-AVR-20120217/lib/gcc/avr/4.5.1/avr5/libgcc.a(_gt_sf.o)
                0x000034a2                __gtsf2
 .text          0x00003502       0x60 /usr/local/CrossPack-AVR-20120217/lib/gcc/avr/4.5.1/avr5/libgcc.a(_ge_sf.o)
                0x00003502                __gesf2
 .text          0x00003562       0x60 /usr/local/CrossPack-AVR-20120217/lib/gcc/avr/4.5.1/avr5/libgcc.a(_lt_sf.o)
                0x00003562                __ltsf2
 .text          0x000035c2       0xc0 /usr/local/CrossPack-AVR-20120217/lib/gcc/avr/4.5.1/avr5/libgcc.a(_si_to_sf.o)
                0x000035c2                __floatsisf
 .text          0x00003682       0xa4 /usr/local/CrossPack-AVR-20120217/lib/gcc/avr/4.5.1/avr5/libgcc.a(_sf_to_si.o)
                0x00003682                __fixsfsi
 .text          0x00003726        0x0 /usr/local/CrossPack-AVR-20120217/lib/gcc/avr/4.5.1/avr5/libgcc.a(_thenan_sf.o)
 .text          0x00003726       0xf0 /usr/local/CrossPack-AVR-20120217/lib/gcc/avr/4.5.1/avr5/libgcc.a(_usi_to_sf.o)
                0x00003726                __floatunsisf
 .text          0x00003816        0x0 /usr/local/CrossPack-AVR-20120217/lib/gcc/avr/4.5.1/avr5/libgcc.a(_udivmodsi4.o)
 .text          0x00003816        0x0 /usr/local/CrossPack-AVR-20120217/lib/gcc/avr/4.5.1/avr5/libgcc.a(_prologue.o)
 .text          0x00003816        0x0 /usr/local/CrossPack-AVR-20120217/lib/gcc/avr/4.5.1/avr5/libgcc.a(_epilogue.o)
 .text          0x00003816       0xb4 /usr/local/CrossPack-AVR-20120217/lib/gcc/avr/4.5.1/avr5/libgcc.a(_clzsi2.o)
                0x00003816                __clzsi2
 .text          0x000038ca      0x19a /usr/local/CrossPack-AVR-20120217/lib/gcc/avr/4.5.1/avr5/libgcc.a(_pack_sf.o)
                0x000038ca                __pack_f
 .text          0x00003a64       0xd2 /usr/local/CrossPack-AVR-20120217/lib/gcc/avr/4.5.1/avr5/libgcc.a(_unpack_sf.o)
                0x00003a64                __unpack_f
 .text          0x00003b36       0xb2 /usr/local/CrossPack-AVR-20120217/lib/gcc/avr/4.5.1/avr5/libgcc.a(_fpcmp_parts_sf.o)
                0x00003b36                __fpcmp_parts_f
 .text          0x00003be8        0x0 /usr/local/CrossPack-AVR-20120217/lib/gcc/avr/4.5.1/avr5/libgcc.a(_clz.o)
 .text          0x00003be8        0x0 /usr/local/CrossPack-AVR-20120217/lib/gcc/avr/4.5.1/../../../../avr/lib/avr5/libm.a(ceil.o)
 .text          0x00003be8        0x0 /usr/local/CrossPack-AVR-20120217/lib/gcc/avr/4.5.1/../../../../avr/lib/avr5/libm.a(fp_mintl.o)
 .text          0x00003be8        0x0 /usr/local/CrossPack-AVR-20120217/lib/gcc/avr/4.5.1/../../../../avr/lib/avr5/libm.a(fp_mpack.o)
 .text          0x00003be8        0x0 /usr/local/CrossPack-AVR-20120217/lib/gcc/avr/4.5.1/../../../../avr/lib/avr5/libm.a(fp_trunc.o)
 .text          0x00003be8        0x0 /usr/local/CrossPack-AVR-20120217/lib/gcc/avr/4.5.1/../../../../avr/lib/avr5/libm.a(fp_zero.o)
 .text          0x00003be8        0x0 /usr/local/CrossPack-AVR-20120217/lib/gcc/avr/4.5.1/../../../../avr/lib/avr5/libm.a(sqrt.o)
 .text          0x00003be8        0x0 /usr/local/CrossPack-AVR-20120217/lib/gcc/avr/4.5.1/../../../../avr/lib/avr5/libm.a(fp_nan.o)
 .text          0x00003be8        0x0 /usr/local/CrossPack-AVR-20120217/lib/gcc/avr/4.5.1/../../../../avr/lib/avr5/libm.a(fp_norm2.o)
 .text          0x00003be8        0x0 /usr/local/CrossPack-AVR-20120217/lib/gcc/avr/4.5.1/../../../../avr/lib/avr5/libm.a(fp_split3.o)
                0x00003be8                . = ALIGN (0x2)
 *(.text.*)
 .text.libgcc   0x00003be8       0x28 /usr/local/CrossPack-AVR-20120217/lib/gcc/avr/4.5.1/avr5/libgcc.a(_udivmodhi4.o)
                0x00003be8                __udivmodhi4
 .text.libgcc   0x00003c10       0x26 /usr/local/CrossPack-AVR-20120217/lib/gcc/avr/4.5.1/avr5/libgcc.a(_divmodhi4.o)
                0x00003c10                __divmodhi4
                0x00003c10                _div
 .text.libgcc   0x00003c36       0x36 /usr/local/CrossPack-AVR-20120217/lib/gcc/avr/4.5.1/avr5/libgcc.a(_divmodsi4.o)
                0x00003c36                __divmodsi4
 .text.libgcc   0x00003c6c        0x0 /usr/local/CrossPack-AVR-20120217/lib/gcc/avr/4.5.1/avr5/libgcc.a(_exit.o)
 .text.libgcc   0x00003c6c        0x0 /usr/local/CrossPack-AVR-20120217/lib/gcc/avr/4.5.1/avr5/libgcc.a(_copy_data.o)
 .text.libgcc   0x00003c6c        0x0 /usr/local/CrossPack-AVR-20120217/lib/gcc/avr/4.5.1/avr5/libgcc.a(_clear_bss.o)
 .text.libgcc   0x00003c6c       0x44 /usr/local/CrossPack-AVR-20120217/lib/gcc/avr/4.5.1/avr5/libgcc.a(_udivmodsi4.o)
                0x00003c6c                __udivmodsi4
 .text.libgcc   0x00003cb0       0x38 /usr/local/CrossPack-AVR-20120217/lib/gcc/avr/4.5.1/avr5/libgcc.a(_prologue.o)
                0x00003cb0                __prologue_saves__
 .text.libgcc   0x00003ce8       0x36 /usr/local/CrossPack-AVR-20120217/lib/gcc/avr/4.5.1/avr5/libgcc.a(_epilogue.o)
                0x00003ce8                __epilogue_restores__
 .text.avr-libc.fplib
                0x00003d1e       0x26 /usr/local/CrossPack-AVR-20120217/lib/gcc/avr/4.5.1/../../../../avr/lib/avr5/libm.a(ceil.o)
                0x00003d1e                ceil
 .text.avr-libc.fplib
                0x00003d44       0x36 /usr/local/CrossPack-AVR-20120217/lib/gcc/avr/4.5.1/../../../../avr/lib/avr5/libm.a(fp_mintl.o)
                0x00003d44                __fp_mintl
 .text.avr-libc.fplib
                0x00003d7a       0x1c /usr/local/CrossPack-AVR-20120217/lib/gcc/avr/4.5.1/../../../../avr/lib/avr5/libm.a(fp_mpack.o)
                0x00003d7a                __fp_mpack
                0x00003d7e                __fp_mpack_finite
 .text.avr-libc.fplib
                0x00003d96       0x2e /usr/local/CrossPack-AVR-20120217/lib/gcc/avr/4.5.1/../../../../avr/lib/avr5/libm.a(fp_trunc.o)
                0x00003d96                __fp_trunc
 .text.avr-libc.fplib
                0x00003dc4        0xe /usr/local/CrossPack-AVR-20120217/lib/gcc/avr/4.5.1/../../../../avr/lib/avr5/libm.a(fp_zero.o)
                0x00003dc4                __fp_zero
                0x00003dc6                __fp_szero
 .text.avr-libc.fplib
                0x00003dd2       0x84 /usr/local/CrossPack-AVR-20120217/lib/gcc/avr/4.5.1/../../../../avr/lib/avr5/libm.a(sqrt.o)
                0x00003dda                sqrt
 .text.avr-libc.fplib
                0x00003e56        0x6 /usr/local/CrossPack-AVR-20120217/lib/gcc/avr/4.5.1/../../../../avr/lib/avr5/libm.a(fp_nan.o)
                0x00003e56                __fp_nan
 .text.avr-libc.fplib
                0x00003e5c        0xe /usr/local/CrossPack-AVR-20120217/lib/gcc/avr/4.5.1/../../../../avr/lib/avr5/libm.a(fp_norm2.o)
                0x00003e5c                __fp_norm2
 .text.avr-libc.fplib
                0x00003e6a       0x44 /usr/local/CrossPack-AVR-20120217/lib/gcc/avr/4.5.1/../../../../avr/lib/avr5/libm.a(fp_split3.o)
                0x00003e6a                __fp_split3
                0x00003e7a                __fp_splitA
                0x00003eae                . = ALIGN (0x2)
 *(.fini9)
 .fini9         0x00003eae        0x0 /usr/local/CrossPack-AVR-20120217/lib/gcc/avr/4.5.1/avr5/libgcc.a(_exit.o)
                0x00003eae                exit
                0x00003eae                _exit
 *(.fini9)
 *(.fini8)
 *(.fini8)
 *(.fini7)
 *(.fini7)
 *(.fini6)
 *(.fini6)
 *(.fini5)
 *(.fini5)
 *(.fini4)
 *(.fini4)
 *(.fini3)
 *(.fini3)
 *(.fini2)
 *(.fini2)
 *(.fini1)
 *(.fini1)
 *(.fini0)
 .fini0         0x00003eae        0x4 /usr/local/CrossPack-AVR-20120217/lib/gcc/avr/4.5.1/avr5/libgcc.a(_exit.o)
 *(.fini0)
                0x00003eb2                _etext = .

.data           0x00800100      0x116 load address 0x00003eb2
                0x00800100                PROVIDE (__data_start, .)
 *(.data)
 .data          0x00800100        0x0 /usr/local/CrossPack-AVR-20120217/lib/gcc/avr/4.5.1/../../../../avr/lib/avr5/crtm16m1.o
 .data          0x00800100        0x0 tilt_main.o
 .data          0x00800100        0x0 can_msg.o
 .data          0x00800100        0x0 accelerometer.o
 .data          0x00800100        0x0 gyro.o
 .data          0x00800100        0x0 magnetometer.o
 .data          0x00800100        0x1 OS_Dispatch.o
                0x00800100                ReportCounter
 .data          0x00800101        0x0 calibrations.o
 .data          0x00800101        0x2 calc_orientation.o
                0x00800101                one_g
 .data          0x00800103        0x0 ../core/can.o
 .data          0x00800103        0x1 ../core/can_instance.o
                0x00800103                LastReceivedInstance
 .data          0x00800104        0x0 ../core/can_eid.o
 .data          0x00800104        0x2 ../core/can_board_msg.o
                0x00800104                Board_presence_delay
 .data          0x00800106        0x0 ../core/can_buff.o
 .data          0x00800106        0x4 ../core/leds.o
                0x00800106                hi_low
 .data          0x0080010a        0x0 ../core/spi.o
 .data          0x0080010a        0x3 ../core/pwm.o
                0x0080010a                Prescaler
                0x0080010b                TOP
 .data          0x0080010d        0x0 ../core/bk_system_defs.o
 .data          0x0080010d        0x0 ../core/OS_timers.o
 .data          0x0080010d        0x0 ../core/configuration.o
 .data          0x0080010d        0x0 ../core/adc.o
 .data          0x0080010d        0x0 /usr/local/CrossPack-AVR-20120217/lib/gcc/avr/4.5.1/avr5/libgcc.a(_udivmodhi4.o)
 .data          0x0080010d        0x0 /usr/local/CrossPack-AVR-20120217/lib/gcc/avr/4.5.1/avr5/libgcc.a(_divmodhi4.o)
 .data          0x0080010d        0x0 /usr/local/CrossPack-AVR-20120217/lib/gcc/avr/4.5.1/avr5/libgcc.a(_divmodsi4.o)
 .data          0x0080010d        0x0 /usr/local/CrossPack-AVR-20120217/lib/gcc/avr/4.5.1/avr5/libgcc.a(_exit.o)
 .data          0x0080010d        0x0 /usr/local/CrossPack-AVR-20120217/lib/gcc/avr/4.5.1/avr5/libgcc.a(_copy_data.o)
 .data          0x0080010d        0x0 /usr/local/CrossPack-AVR-20120217/lib/gcc/avr/4.5.1/avr5/libgcc.a(_clear_bss.o)
 .data          0x0080010d        0x0 /usr/local/CrossPack-AVR-20120217/lib/gcc/avr/4.5.1/avr5/libgcc.a(_fixunssfsi.o)
 .data          0x0080010d        0x0 /usr/local/CrossPack-AVR-20120217/lib/gcc/avr/4.5.1/avr5/libgcc.a(_addsub_sf.o)
 .data          0x0080010d        0x0 /usr/local/CrossPack-AVR-20120217/lib/gcc/avr/4.5.1/avr5/libgcc.a(_mul_sf.o)
 .data          0x0080010d        0x0 /usr/local/CrossPack-AVR-20120217/lib/gcc/avr/4.5.1/avr5/libgcc.a(_div_sf.o)
 .data          0x0080010d        0x0 /usr/local/CrossPack-AVR-20120217/lib/gcc/avr/4.5.1/avr5/libgcc.a(_gt_sf.o)
 .data          0x0080010d        0x0 /usr/local/CrossPack-AVR-20120217/lib/gcc/avr/4.5.1/avr5/libgcc.a(_ge_sf.o)
 .data          0x0080010d        0x0 /usr/local/CrossPack-AVR-20120217/lib/gcc/avr/4.5.1/avr5/libgcc.a(_lt_sf.o)
 .data          0x0080010d        0x0 /usr/local/CrossPack-AVR-20120217/lib/gcc/avr/4.5.1/avr5/libgcc.a(_si_to_sf.o)
 .data          0x0080010d        0x0 /usr/local/CrossPack-AVR-20120217/lib/gcc/avr/4.5.1/avr5/libgcc.a(_sf_to_si.o)
 .data          0x0080010d        0x8 /usr/local/CrossPack-AVR-20120217/lib/gcc/avr/4.5.1/avr5/libgcc.a(_thenan_sf.o)
                0x0080010d                __thenan_sf
 .data          0x00800115        0x0 /usr/local/CrossPack-AVR-20120217/lib/gcc/avr/4.5.1/avr5/libgcc.a(_usi_to_sf.o)
 .data          0x00800115        0x0 /usr/local/CrossPack-AVR-20120217/lib/gcc/avr/4.5.1/avr5/libgcc.a(_udivmodsi4.o)
 .data          0x00800115        0x0 /usr/local/CrossPack-AVR-20120217/lib/gcc/avr/4.5.1/avr5/libgcc.a(_prologue.o)
 .data          0x00800115        0x0 /usr/local/CrossPack-AVR-20120217/lib/gcc/avr/4.5.1/avr5/libgcc.a(_epilogue.o)
 .data          0x00800115        0x0 /usr/local/CrossPack-AVR-20120217/lib/gcc/avr/4.5.1/avr5/libgcc.a(_clzsi2.o)
 .data          0x00800115        0x0 /usr/local/CrossPack-AVR-20120217/lib/gcc/avr/4.5.1/avr5/libgcc.a(_pack_sf.o)
 .data          0x00800115        0x0 /usr/local/CrossPack-AVR-20120217/lib/gcc/avr/4.5.1/avr5/libgcc.a(_unpack_sf.o)
 .data          0x00800115        0x0 /usr/local/CrossPack-AVR-20120217/lib/gcc/avr/4.5.1/avr5/libgcc.a(_fpcmp_parts_sf.o)
 .data          0x00800115      0x100 /usr/local/CrossPack-AVR-20120217/lib/gcc/avr/4.5.1/avr5/libgcc.a(_clz.o)
                0x00800115                __clz_tab
 .data          0x00800215        0x0 /usr/local/CrossPack-AVR-20120217/lib/gcc/avr/4.5.1/../../../../avr/lib/avr5/libm.a(ceil.o)
 .data          0x00800215        0x0 /usr/local/CrossPack-AVR-20120217/lib/gcc/avr/4.5.1/../../../../avr/lib/avr5/libm.a(fp_mintl.o)
 .data          0x00800215        0x0 /usr/local/CrossPack-AVR-20120217/lib/gcc/avr/4.5.1/../../../../avr/lib/avr5/libm.a(fp_mpack.o)
 .data          0x00800215        0x0 /usr/local/CrossPack-AVR-20120217/lib/gcc/avr/4.5.1/../../../../avr/lib/avr5/libm.a(fp_trunc.o)
 .data          0x00800215        0x0 /usr/local/CrossPack-AVR-20120217/lib/gcc/avr/4.5.1/../../../../avr/lib/avr5/libm.a(fp_zero.o)
 .data          0x00800215        0x0 /usr/local/CrossPack-AVR-20120217/lib/gcc/avr/4.5.1/../../../../avr/lib/avr5/libm.a(sqrt.o)
 .data          0x00800215        0x0 /usr/local/CrossPack-AVR-20120217/lib/gcc/avr/4.5.1/../../../../avr/lib/avr5/libm.a(fp_nan.o)
 .data          0x00800215        0x0 /usr/local/CrossPack-AVR-20120217/lib/gcc/avr/4.5.1/../../../../avr/lib/avr5/libm.a(fp_norm2.o)
 .data          0x00800215        0x0 /usr/local/CrossPack-AVR-20120217/lib/gcc/avr/4.5.1/../../../../avr/lib/avr5/libm.a(fp_split3.o)
 *(.data*)
 *(.rodata)
 *(.rodata*)
 *(.gnu.linkonce.d*)
                0x00800216                . = ALIGN (0x2)
 *fill*         0x00800215        0x1 00
                0x00800216                _edata = .
                0x00800216                PROVIDE (__data_end, .)

.bss            0x00800216      0x12b
                0x00800216                PROVIDE (__bss_start, .)
 *(.bss)
 .bss           0x00800216        0x0 /usr/local/CrossPack-AVR-20120217/lib/gcc/avr/4.5.1/../../../../avr/lib/avr5/crtm16m1.o
 .bss           0x00800216        0x0 tilt_main.o
 .bss           0x00800216        0xf can_msg.o
                0x00800216                tcan
 .bss           0x00800225        0xe accelerometer.o
                0x00800225                accel
                0x0080022b                XYZ
                0x00800231                ReadyToSend
                0x00800232                last_read
 .bss           0x00800233        0x8 gyro.o
                0x00800233                gyro
 .bss           0x0080023b        0x6 magnetometer.o
                0x0080023b                magnet
 .bss           0x00800241        0x0 OS_Dispatch.o
 .bss           0x00800241        0x0 calibrations.o
 .bss           0x00800241       0x3c calc_orientation.o
                0x00800241                BestLinearAccel
                0x00800247                BestAngleAccel
                0x0080024d                BestLinearSpeed
                0x00800253                BestAngleSpeed
                0x00800259                BestLinearPosition
                0x0080025f                BestAnglesPosition
                0x00800265                accel_angles
                0x0080026b                accel_delta_angles
                0x00800271                gyro_integrated_angles
 .bss           0x0080027d       0x3b ../core/can.o
                0x0080027d                msg1
                0x0080028c                msg2
                0x0080029b                LastReceivedMsg
                0x008002aa                NewMessageReceivedFlag
                0x008002ab                TransmittedSuccesfully
                0x008002ac                data
                0x008002b4                rx_call_back
                0x008002b6                tx_call_back
 .bss           0x008002b8        0xa ../core/can_instance.o
                0x008002b8                MyInstance
                0x008002b9                Confirmed
                0x008002ba                init_complete
                0x008002bb                rand_delay
                0x008002bd                rand_instance
                0x008002be                timeout_10ms_mult
                0x008002c0                init_path
                0x008002c1                ts_state
 .bss           0x008002c2        0x0 ../core/can_eid.o
 .bss           0x008002c2        0x8 ../core/can_board_msg.o
                0x008002c2                BoardStatus
                0x008002c3                MappedBlock
                0x008002c4                Starting_Index
                0x008002c5                System_Send_Status
                0x008002c6                ShutDownState
                0x008002c7                config_call_back
                0x008002c9                Board_presence_response_type
 .bss           0x008002ca       0x5c ../core/can_buff.o
                0x008002ca                Received
                0x00800324                RxHead
                0x00800325                RxTail
 .bss           0x00800326        0x3 ../core/leds.o
                0x00800326                System_LED_Control
                0x00800328                LED_state
 .bss           0x00800329        0x2 ../core/spi.o
                0x00800329                spi_isr_call_back
 .bss           0x0080032b        0x0 ../core/pwm.o
 .bss           0x0080032b        0x4 ../core/bk_system_defs.o
                0x0080032b                time_delay
 .bss           0x0080032f        0x8 ../core/OS_timers.o
                0x0080032f                OS_Event_HSTIC_Counter
                0x00800331                OS_Event_TIC_Counter
                0x00800333                OS_Timer_Event_Flag
                0x00800335                OS_HighSpeedSampling
 .bss           0x00800337        0x5 ../core/configuration.o
                0x00800337                config_byte_1
                0x00800338                config_byte_2
                0x00800339                config_byte_3
                0x0080033a                config_byte_4
                0x0080033b                sys_config_byte
 .bss           0x0080033c        0x5 ../core/adc.o
                0x0080033c                LightSensorSample
                0x00800340                next_channel
 .bss           0x00800341        0x0 /usr/local/CrossPack-AVR-20120217/lib/gcc/avr/4.5.1/avr5/libgcc.a(_udivmodhi4.o)
 .bss           0x00800341        0x0 /usr/local/CrossPack-AVR-20120217/lib/gcc/avr/4.5.1/avr5/libgcc.a(_divmodhi4.o)
 .bss           0x00800341        0x0 /usr/local/CrossPack-AVR-20120217/lib/gcc/avr/4.5.1/avr5/libgcc.a(_divmodsi4.o)
 .bss           0x00800341        0x0 /usr/local/CrossPack-AVR-20120217/lib/gcc/avr/4.5.1/avr5/libgcc.a(_exit.o)
 .bss           0x00800341        0x0 /usr/local/CrossPack-AVR-20120217/lib/gcc/avr/4.5.1/avr5/libgcc.a(_copy_data.o)
 .bss           0x00800341        0x0 /usr/local/CrossPack-AVR-20120217/lib/gcc/avr/4.5.1/avr5/libgcc.a(_clear_bss.o)
 .bss           0x00800341        0x0 /usr/local/CrossPack-AVR-20120217/lib/gcc/avr/4.5.1/avr5/libgcc.a(_fixunssfsi.o)
 .bss           0x00800341        0x0 /usr/local/CrossPack-AVR-20120217/lib/gcc/avr/4.5.1/avr5/libgcc.a(_addsub_sf.o)
 .bss           0x00800341        0x0 /usr/local/CrossPack-AVR-20120217/lib/gcc/avr/4.5.1/avr5/libgcc.a(_mul_sf.o)
 .bss           0x00800341        0x0 /usr/local/CrossPack-AVR-20120217/lib/gcc/avr/4.5.1/avr5/libgcc.a(_div_sf.o)
 .bss           0x00800341        0x0 /usr/local/CrossPack-AVR-20120217/lib/gcc/avr/4.5.1/avr5/libgcc.a(_gt_sf.o)
 .bss           0x00800341        0x0 /usr/local/CrossPack-AVR-20120217/lib/gcc/avr/4.5.1/avr5/libgcc.a(_ge_sf.o)
 .bss           0x00800341        0x0 /usr/local/CrossPack-AVR-20120217/lib/gcc/avr/4.5.1/avr5/libgcc.a(_lt_sf.o)
 .bss           0x00800341        0x0 /usr/local/CrossPack-AVR-20120217/lib/gcc/avr/4.5.1/avr5/libgcc.a(_si_to_sf.o)
 .bss           0x00800341        0x0 /usr/local/CrossPack-AVR-20120217/lib/gcc/avr/4.5.1/avr5/libgcc.a(_sf_to_si.o)
 .bss           0x00800341        0x0 /usr/local/CrossPack-AVR-20120217/lib/gcc/avr/4.5.1/avr5/libgcc.a(_thenan_sf.o)
 .bss           0x00800341        0x0 /usr/local/CrossPack-AVR-20120217/lib/gcc/avr/4.5.1/avr5/libgcc.a(_usi_to_sf.o)
 .bss           0x00800341        0x0 /usr/local/CrossPack-AVR-20120217/lib/gcc/avr/4.5.1/avr5/libgcc.a(_udivmodsi4.o)
 .bss           0x00800341        0x0 /usr/local/CrossPack-AVR-20120217/lib/gcc/avr/4.5.1/avr5/libgcc.a(_prologue.o)
 .bss           0x00800341        0x0 /usr/local/CrossPack-AVR-20120217/lib/gcc/avr/4.5.1/avr5/libgcc.a(_epilogue.o)
 .bss           0x00800341        0x0 /usr/local/CrossPack-AVR-20120217/lib/gcc/avr/4.5.1/avr5/libgcc.a(_clzsi2.o)
 .bss           0x00800341        0x0 /usr/local/CrossPack-AVR-20120217/lib/gcc/avr/4.5.1/avr5/libgcc.a(_pack_sf.o)
 .bss           0x00800341        0x0 /usr/local/CrossPack-AVR-20120217/lib/gcc/avr/4.5.1/avr5/libgcc.a(_unpack_sf.o)
 .bss           0x00800341        0x0 /usr/local/CrossPack-AVR-20120217/lib/gcc/avr/4.5.1/avr5/libgcc.a(_fpcmp_parts_sf.o)
 .bss           0x00800341        0x0 /usr/local/CrossPack-AVR-20120217/lib/gcc/avr/4.5.1/avr5/libgcc.a(_clz.o)
 .bss           0x00800341        0x0 /usr/local/CrossPack-AVR-20120217/lib/gcc/avr/4.5.1/../../../../avr/lib/avr5/libm.a(ceil.o)
 .bss           0x00800341        0x0 /usr/local/CrossPack-AVR-20120217/lib/gcc/avr/4.5.1/../../../../avr/lib/avr5/libm.a(fp_mintl.o)
 .bss           0x00800341        0x0 /usr/local/CrossPack-AVR-20120217/lib/gcc/avr/4.5.1/../../../../avr/lib/avr5/libm.a(fp_mpack.o)
 .bss           0x00800341        0x0 /usr/local/CrossPack-AVR-20120217/lib/gcc/avr/4.5.1/../../../../avr/lib/avr5/libm.a(fp_trunc.o)
 .bss           0x00800341        0x0 /usr/local/CrossPack-AVR-20120217/lib/gcc/avr/4.5.1/../../../../avr/lib/avr5/libm.a(fp_zero.o)
 .bss           0x00800341        0x0 /usr/local/CrossPack-AVR-20120217/lib/gcc/avr/4.5.1/../../../../avr/lib/avr5/libm.a(sqrt.o)
 .bss           0x00800341        0x0 /usr/local/CrossPack-AVR-20120217/lib/gcc/avr/4.5.1/../../../../avr/lib/avr5/libm.a(fp_nan.o)
 .bss           0x00800341        0x0 /usr/local/CrossPack-AVR-20120217/lib/gcc/avr/4.5.1/../../../../avr/lib/avr5/libm.a(fp_norm2.o)
 .bss           0x00800341        0x0 /usr/local/CrossPack-AVR-20120217/lib/gcc/avr/4.5.1/../../../../avr/lib/avr5/libm.a(fp_split3.o)
 *(.bss*)
 *(COMMON)
                0x00800341                PROVIDE (__bss_end, .)
                0x00003eb2                __data_load_start = LOADADDR (.data)
                0x00003fc8                __data_load_end = (__data_load_start + SIZEOF (.data))

.noinit         0x00800341        0x0
                0x00800341                PROVIDE (__noinit_start, .)
 *(.noinit*)
                0x00800341                PROVIDE (__noinit_end, .)
                0x00800341                _end = .
                0x00800341                PROVIDE (__heap_start, .)

.eeprom         0x00810000        0x0
 *(.eeprom*)
                0x00810000                __eeprom_end = .

.fuse
 *(.fuse)
 *(.lfuse)
 *(.hfuse)
 *(.efuse)

.lock
 *(.lock*)

.signature
 *(.signature*)

.stab           0x00000000     0x120c
 *(.stab)
 .stab          0x00000000      0x6cc /usr/local/CrossPack-AVR-20120217/lib/gcc/avr/4.5.1/../../../../avr/lib/avr5/crtm16m1.o
 .stab          0x000006cc      0x114 /usr/local/CrossPack-AVR-20120217/lib/gcc/avr/4.5.1/../../../../avr/lib/avr5/libm.a(ceil.o)
                                0x120 (size before relaxing)
 .stab          0x000007e0      0x174 /usr/local/CrossPack-AVR-20120217/lib/gcc/avr/4.5.1/../../../../avr/lib/avr5/libm.a(fp_mintl.o)
                                0x180 (size before relaxing)
 .stab          0x00000954       0xe4 /usr/local/CrossPack-AVR-20120217/lib/gcc/avr/4.5.1/../../../../avr/lib/avr5/libm.a(fp_mpack.o)
                                 0xf0 (size before relaxing)
 .stab          0x00000a38      0x144 /usr/local/CrossPack-AVR-20120217/lib/gcc/avr/4.5.1/../../../../avr/lib/avr5/libm.a(fp_trunc.o)
                                0x150 (size before relaxing)
 .stab          0x00000b7c       0x90 /usr/local/CrossPack-AVR-20120217/lib/gcc/avr/4.5.1/../../../../avr/lib/avr5/libm.a(fp_zero.o)
                                 0x9c (size before relaxing)
 .stab          0x00000c0c      0x354 /usr/local/CrossPack-AVR-20120217/lib/gcc/avr/4.5.1/../../../../avr/lib/avr5/libm.a(sqrt.o)
                                0x360 (size before relaxing)
 .stab          0x00000f60       0x54 /usr/local/CrossPack-AVR-20120217/lib/gcc/avr/4.5.1/../../../../avr/lib/avr5/libm.a(fp_nan.o)
                                 0x60 (size before relaxing)
 .stab          0x00000fb4       0x84 /usr/local/CrossPack-AVR-20120217/lib/gcc/avr/4.5.1/../../../../avr/lib/avr5/libm.a(fp_norm2.o)
                                 0x90 (size before relaxing)
 .stab          0x00001038      0x1d4 /usr/local/CrossPack-AVR-20120217/lib/gcc/avr/4.5.1/../../../../avr/lib/avr5/libm.a(fp_split3.o)
                                0x1e0 (size before relaxing)

.stabstr        0x00000000      0x3b3
 *(.stabstr)
 .stabstr       0x00000000      0x3b3 /usr/local/CrossPack-AVR-20120217/lib/gcc/avr/4.5.1/../../../../avr/lib/avr5/crtm16m1.o

.stab.excl
 *(.stab.excl)

.stab.exclstr
 *(.stab.exclstr)

.stab.index
 *(.stab.index)

.stab.indexstr
 *(.stab.indexstr)

.comment
 *(.comment)

.debug
 *(.debug)

.line
 *(.line)

.debug_srcinfo
 *(.debug_srcinfo)

.debug_sfnames
 *(.debug_sfnames)

.debug_aranges  0x00000000      0x440
 *(.debug_aranges)
 .debug_aranges
                0x00000000       0x20 tilt_main.o
 .debug_aranges
                0x00000020       0x20 can_msg.o
 .debug_aranges
                0x00000040       0x20 accelerometer.o
 .debug_aranges
                0x00000060       0x20 gyro.o
 .debug_aranges
                0x00000080       0x20 magnetometer.o
 .debug_aranges
                0x000000a0       0x20 OS_Dispatch.o
 .debug_aranges
                0x000000c0       0x20 calibrations.o
 .debug_aranges
                0x000000e0       0x20 calc_orientation.o
 .debug_aranges
                0x00000100       0x20 ../core/can.o
 .debug_aranges
                0x00000120       0x20 ../core/can_instance.o
 .debug_aranges
                0x00000140       0x20 ../core/can_eid.o
 .debug_aranges
                0x00000160       0x20 ../core/can_board_msg.o
 .debug_aranges
                0x00000180       0x20 ../core/can_buff.o
 .debug_aranges
                0x000001a0       0x20 ../core/leds.o
 .debug_aranges
                0x000001c0       0x20 ../core/spi.o
 .debug_aranges
                0x000001e0       0x20 ../core/pwm.o
 .debug_aranges
                0x00000200       0x20 ../core/bk_system_defs.o
 .debug_aranges
                0x00000220       0x20 ../core/OS_timers.o
 .debug_aranges
                0x00000240       0x20 ../core/configuration.o
 .debug_aranges
                0x00000260       0x20 ../core/adc.o
 .debug_aranges
                0x00000280       0x20 /usr/local/CrossPack-AVR-20120217/lib/gcc/avr/4.5.1/avr5/libgcc.a(_fixunssfsi.o)
 .debug_aranges
                0x000002a0       0x20 /usr/local/CrossPack-AVR-20120217/lib/gcc/avr/4.5.1/avr5/libgcc.a(_addsub_sf.o)
 .debug_aranges
                0x000002c0       0x20 /usr/local/CrossPack-AVR-20120217/lib/gcc/avr/4.5.1/avr5/libgcc.a(_mul_sf.o)
 .debug_aranges
                0x000002e0       0x20 /usr/local/CrossPack-AVR-20120217/lib/gcc/avr/4.5.1/avr5/libgcc.a(_div_sf.o)
 .debug_aranges
                0x00000300       0x20 /usr/local/CrossPack-AVR-20120217/lib/gcc/avr/4.5.1/avr5/libgcc.a(_gt_sf.o)
 .debug_aranges
                0x00000320       0x20 /usr/local/CrossPack-AVR-20120217/lib/gcc/avr/4.5.1/avr5/libgcc.a(_ge_sf.o)
 .debug_aranges
                0x00000340       0x20 /usr/local/CrossPack-AVR-20120217/lib/gcc/avr/4.5.1/avr5/libgcc.a(_lt_sf.o)
 .debug_aranges
                0x00000360       0x20 /usr/local/CrossPack-AVR-20120217/lib/gcc/avr/4.5.1/avr5/libgcc.a(_si_to_sf.o)
 .debug_aranges
                0x00000380       0x20 /usr/local/CrossPack-AVR-20120217/lib/gcc/avr/4.5.1/avr5/libgcc.a(_sf_to_si.o)
 .debug_aranges
                0x000003a0       0x20 /usr/local/CrossPack-AVR-20120217/lib/gcc/avr/4.5.1/avr5/libgcc.a(_usi_to_sf.o)
 .debug_aranges
                0x000003c0       0x20 /usr/local/CrossPack-AVR-20120217/lib/gcc/avr/4.5.1/avr5/libgcc.a(_clzsi2.o)
 .debug_aranges
                0x000003e0       0x20 /usr/local/CrossPack-AVR-20120217/lib/gcc/avr/4.5.1/avr5/libgcc.a(_pack_sf.o)
 .debug_aranges
                0x00000400       0x20 /usr/local/CrossPack-AVR-20120217/lib/gcc/avr/4.5.1/avr5/libgcc.a(_unpack_sf.o)
 .debug_aranges
                0x00000420       0x20 /usr/local/CrossPack-AVR-20120217/lib/gcc/avr/4.5.1/avr5/libgcc.a(_fpcmp_parts_sf.o)

.debug_pubnames
                0x00000000     0x197a
 *(.debug_pubnames)
 .debug_pubnames
                0x00000000       0xa0 tilt_main.o
 .debug_pubnames
                0x000000a0      0x193 can_msg.o
 .debug_pubnames
                0x00000233      0x1ef accelerometer.o
 .debug_pubnames
                0x00000422      0x184 gyro.o
 .debug_pubnames
                0x000005a6      0x102 magnetometer.o
 .debug_pubnames
                0x000006a8       0x44 OS_Dispatch.o
 .debug_pubnames
                0x000006ec       0xb5 calibrations.o
 .debug_pubnames
                0x000007a1      0x1b5 calc_orientation.o
 .debug_pubnames
                0x00000956      0x2d1 ../core/can.o
 .debug_pubnames
                0x00000c27      0x187 ../core/can_instance.o
 .debug_pubnames
                0x00000dae       0x9c ../core/can_eid.o
 .debug_pubnames
                0x00000e4a      0x1d7 ../core/can_board_msg.o
 .debug_pubnames
                0x00001021       0xcc ../core/can_buff.o
 .debug_pubnames
                0x000010ed      0x133 ../core/leds.o
 .debug_pubnames
                0x00001220      0x100 ../core/spi.o
 .debug_pubnames
                0x00001320       0xf7 ../core/pwm.o
 .debug_pubnames
                0x00001417       0x39 ../core/bk_system_defs.o
 .debug_pubnames
                0x00001450       0xe3 ../core/OS_timers.o
 .debug_pubnames
                0x00001533      0x1bc ../core/configuration.o
 .debug_pubnames
                0x000016ef       0x77 ../core/adc.o
 .debug_pubnames
                0x00001766       0x23 /usr/local/CrossPack-AVR-20120217/lib/gcc/avr/4.5.1/avr5/libgcc.a(_fixunssfsi.o)
 .debug_pubnames
                0x00001789       0x2c /usr/local/CrossPack-AVR-20120217/lib/gcc/avr/4.5.1/avr5/libgcc.a(_addsub_sf.o)
 .debug_pubnames
                0x000017b5       0x1f /usr/local/CrossPack-AVR-20120217/lib/gcc/avr/4.5.1/avr5/libgcc.a(_mul_sf.o)
 .debug_pubnames
                0x000017d4       0x1f /usr/local/CrossPack-AVR-20120217/lib/gcc/avr/4.5.1/avr5/libgcc.a(_div_sf.o)
 .debug_pubnames
                0x000017f3       0x1e /usr/local/CrossPack-AVR-20120217/lib/gcc/avr/4.5.1/avr5/libgcc.a(_gt_sf.o)
 .debug_pubnames
                0x00001811       0x1e /usr/local/CrossPack-AVR-20120217/lib/gcc/avr/4.5.1/avr5/libgcc.a(_ge_sf.o)
 .debug_pubnames
                0x0000182f       0x1e /usr/local/CrossPack-AVR-20120217/lib/gcc/avr/4.5.1/avr5/libgcc.a(_lt_sf.o)
 .debug_pubnames
                0x0000184d       0x22 /usr/local/CrossPack-AVR-20120217/lib/gcc/avr/4.5.1/avr5/libgcc.a(_si_to_sf.o)
 .debug_pubnames
                0x0000186f       0x20 /usr/local/CrossPack-AVR-20120217/lib/gcc/avr/4.5.1/avr5/libgcc.a(_sf_to_si.o)
 .debug_pubnames
                0x0000188f       0x22 /usr/local/CrossPack-AVR-20120217/lib/gcc/avr/4.5.1/avr5/libgcc.a(_thenan_sf.o)
 .debug_pubnames
                0x000018b1       0x24 /usr/local/CrossPack-AVR-20120217/lib/gcc/avr/4.5.1/avr5/libgcc.a(_usi_to_sf.o)
 .debug_pubnames
                0x000018d5       0x1f /usr/local/CrossPack-AVR-20120217/lib/gcc/avr/4.5.1/avr5/libgcc.a(_clzsi2.o)
 .debug_pubnames
                0x000018f4       0x1f /usr/local/CrossPack-AVR-20120217/lib/gcc/avr/4.5.1/avr5/libgcc.a(_pack_sf.o)
 .debug_pubnames
                0x00001913       0x21 /usr/local/CrossPack-AVR-20120217/lib/gcc/avr/4.5.1/avr5/libgcc.a(_unpack_sf.o)
 .debug_pubnames
                0x00001934       0x26 /usr/local/CrossPack-AVR-20120217/lib/gcc/avr/4.5.1/avr5/libgcc.a(_fpcmp_parts_sf.o)
 .debug_pubnames
                0x0000195a       0x20 /usr/local/CrossPack-AVR-20120217/lib/gcc/avr/4.5.1/avr5/libgcc.a(_clz.o)

.debug_info     0x00000000     0x8334
 *(.debug_info)
 .debug_info    0x00000000      0x39c tilt_main.o
 .debug_info    0x0000039c      0x6a7 can_msg.o
 .debug_info    0x00000a43      0x7c3 accelerometer.o
 .debug_info    0x00001206      0x703 gyro.o
 .debug_info    0x00001909      0x5cc magnetometer.o
 .debug_info    0x00001ed5      0x103 OS_Dispatch.o
 .debug_info    0x00001fd8      0x1eb calibrations.o
 .debug_info    0x000021c3      0x4b0 calc_orientation.o
 .debug_info    0x00002673      0xd3b ../core/can.o
 .debug_info    0x000033ae      0x4d3 ../core/can_instance.o
 .debug_info    0x00003881      0x33b ../core/can_eid.o
 .debug_info    0x00003bbc      0x5ac ../core/can_board_msg.o
 .debug_info    0x00004168      0x4a4 ../core/can_buff.o
 .debug_info    0x0000460c      0x463 ../core/leds.o
 .debug_info    0x00004a6f      0x2bd ../core/spi.o
 .debug_info    0x00004d2c      0x540 ../core/pwm.o
 .debug_info    0x0000526c       0xc0 ../core/bk_system_defs.o
 .debug_info    0x0000532c      0x177 ../core/OS_timers.o
 .debug_info    0x000054a3      0x7ec ../core/configuration.o
 .debug_info    0x00005c8f      0x132 ../core/adc.o
 .debug_info    0x00005dc1       0xbd /usr/local/CrossPack-AVR-20120217/lib/gcc/avr/4.5.1/avr5/libgcc.a(_fixunssfsi.o)
 .debug_info    0x00005e7e      0x455 /usr/local/CrossPack-AVR-20120217/lib/gcc/avr/4.5.1/avr5/libgcc.a(_addsub_sf.o)
 .debug_info    0x000062d3      0x3ec /usr/local/CrossPack-AVR-20120217/lib/gcc/avr/4.5.1/avr5/libgcc.a(_mul_sf.o)
 .debug_info    0x000066bf      0x37f /usr/local/CrossPack-AVR-20120217/lib/gcc/avr/4.5.1/avr5/libgcc.a(_div_sf.o)
 .debug_info    0x00006a3e      0x28a /usr/local/CrossPack-AVR-20120217/lib/gcc/avr/4.5.1/avr5/libgcc.a(_gt_sf.o)
 .debug_info    0x00006cc8      0x28a /usr/local/CrossPack-AVR-20120217/lib/gcc/avr/4.5.1/avr5/libgcc.a(_ge_sf.o)
 .debug_info    0x00006f52      0x28a /usr/local/CrossPack-AVR-20120217/lib/gcc/avr/4.5.1/avr5/libgcc.a(_lt_sf.o)
 .debug_info    0x000071dc      0x22f /usr/local/CrossPack-AVR-20120217/lib/gcc/avr/4.5.1/avr5/libgcc.a(_si_to_sf.o)
 .debug_info    0x0000740b      0x2a5 /usr/local/CrossPack-AVR-20120217/lib/gcc/avr/4.5.1/avr5/libgcc.a(_sf_to_si.o)
 .debug_info    0x000076b0      0x15e /usr/local/CrossPack-AVR-20120217/lib/gcc/avr/4.5.1/avr5/libgcc.a(_thenan_sf.o)
 .debug_info    0x0000780e      0x232 /usr/local/CrossPack-AVR-20120217/lib/gcc/avr/4.5.1/avr5/libgcc.a(_usi_to_sf.o)
 .debug_info    0x00007a40      0x12c /usr/local/CrossPack-AVR-20120217/lib/gcc/avr/4.5.1/avr5/libgcc.a(_clzsi2.o)
 .debug_info    0x00007b6c      0x2d5 /usr/local/CrossPack-AVR-20120217/lib/gcc/avr/4.5.1/avr5/libgcc.a(_pack_sf.o)
 .debug_info    0x00007e41      0x25c /usr/local/CrossPack-AVR-20120217/lib/gcc/avr/4.5.1/avr5/libgcc.a(_unpack_sf.o)
 .debug_info    0x0000809d      0x1f1 /usr/local/CrossPack-AVR-20120217/lib/gcc/avr/4.5.1/avr5/libgcc.a(_fpcmp_parts_sf.o)
 .debug_info    0x0000828e       0xa6 /usr/local/CrossPack-AVR-20120217/lib/gcc/avr/4.5.1/avr5/libgcc.a(_clz.o)
 *(.gnu.linkonce.wi.*)

.debug_abbrev   0x00000000     0x3195
 *(.debug_abbrev)
 .debug_abbrev  0x00000000      0x131 tilt_main.o
 .debug_abbrev  0x00000131      0x17b can_msg.o
 .debug_abbrev  0x000002ac      0x23e accelerometer.o
 .debug_abbrev  0x000004ea      0x1b3 gyro.o
 .debug_abbrev  0x0000069d      0x1ab magnetometer.o
 .debug_abbrev  0x00000848       0x62 OS_Dispatch.o
 .debug_abbrev  0x000008aa       0xb1 calibrations.o
 .debug_abbrev  0x0000095b      0x1a4 calc_orientation.o
 .debug_abbrev  0x00000aff      0x32e ../core/can.o
 .debug_abbrev  0x00000e2d      0x1ed ../core/can_instance.o
 .debug_abbrev  0x0000101a       0xf1 ../core/can_eid.o
 .debug_abbrev  0x0000110b      0x212 ../core/can_board_msg.o
 .debug_abbrev  0x0000131d      0x1e5 ../core/can_buff.o
 .debug_abbrev  0x00001502      0x16e ../core/leds.o
 .debug_abbrev  0x00001670      0x171 ../core/spi.o
 .debug_abbrev  0x000017e1      0x1a0 ../core/pwm.o
 .debug_abbrev  0x00001981       0x7f ../core/bk_system_defs.o
 .debug_abbrev  0x00001a00       0xbf ../core/OS_timers.o
 .debug_abbrev  0x00001abf      0x265 ../core/configuration.o
 .debug_abbrev  0x00001d24       0xbe ../core/adc.o
 .debug_abbrev  0x00001de2       0x5d /usr/local/CrossPack-AVR-20120217/lib/gcc/avr/4.5.1/avr5/libgcc.a(_fixunssfsi.o)
 .debug_abbrev  0x00001e3f      0x1af /usr/local/CrossPack-AVR-20120217/lib/gcc/avr/4.5.1/avr5/libgcc.a(_addsub_sf.o)
 .debug_abbrev  0x00001fee      0x1d9 /usr/local/CrossPack-AVR-20120217/lib/gcc/avr/4.5.1/avr5/libgcc.a(_mul_sf.o)
 .debug_abbrev  0x000021c7      0x1c4 /usr/local/CrossPack-AVR-20120217/lib/gcc/avr/4.5.1/avr5/libgcc.a(_div_sf.o)
 .debug_abbrev  0x0000238b      0x151 /usr/local/CrossPack-AVR-20120217/lib/gcc/avr/4.5.1/avr5/libgcc.a(_gt_sf.o)
 .debug_abbrev  0x000024dc      0x151 /usr/local/CrossPack-AVR-20120217/lib/gcc/avr/4.5.1/avr5/libgcc.a(_ge_sf.o)
 .debug_abbrev  0x0000262d      0x151 /usr/local/CrossPack-AVR-20120217/lib/gcc/avr/4.5.1/avr5/libgcc.a(_lt_sf.o)
 .debug_abbrev  0x0000277e      0x162 /usr/local/CrossPack-AVR-20120217/lib/gcc/avr/4.5.1/avr5/libgcc.a(_si_to_sf.o)
 .debug_abbrev  0x000028e0      0x160 /usr/local/CrossPack-AVR-20120217/lib/gcc/avr/4.5.1/avr5/libgcc.a(_sf_to_si.o)
 .debug_abbrev  0x00002a40       0xcb /usr/local/CrossPack-AVR-20120217/lib/gcc/avr/4.5.1/avr5/libgcc.a(_thenan_sf.o)
 .debug_abbrev  0x00002b0b      0x173 /usr/local/CrossPack-AVR-20120217/lib/gcc/avr/4.5.1/avr5/libgcc.a(_usi_to_sf.o)
 .debug_abbrev  0x00002c7e       0xce /usr/local/CrossPack-AVR-20120217/lib/gcc/avr/4.5.1/avr5/libgcc.a(_clzsi2.o)
 .debug_abbrev  0x00002d4c      0x192 /usr/local/CrossPack-AVR-20120217/lib/gcc/avr/4.5.1/avr5/libgcc.a(_pack_sf.o)
 .debug_abbrev  0x00002ede      0x14b /usr/local/CrossPack-AVR-20120217/lib/gcc/avr/4.5.1/avr5/libgcc.a(_unpack_sf.o)
 .debug_abbrev  0x00003029      0x10b /usr/local/CrossPack-AVR-20120217/lib/gcc/avr/4.5.1/avr5/libgcc.a(_fpcmp_parts_sf.o)
 .debug_abbrev  0x00003134       0x61 /usr/local/CrossPack-AVR-20120217/lib/gcc/avr/4.5.1/avr5/libgcc.a(_clz.o)

.debug_line     0x00000000     0x553c
 *(.debug_line)
 .debug_line    0x00000000      0x2cc tilt_main.o
 .debug_line    0x000002cc      0x473 can_msg.o
 .debug_line    0x0000073f      0x442 accelerometer.o
 .debug_line    0x00000b81      0x458 gyro.o
 .debug_line    0x00000fd9      0x2e0 magnetometer.o
 .debug_line    0x000012b9       0xe9 OS_Dispatch.o
 .debug_line    0x000013a2      0x113 calibrations.o
 .debug_line    0x000014b5      0x226 calc_orientation.o
 .debug_line    0x000016db      0x9f9 ../core/can.o
 .debug_line    0x000020d4      0x3b5 ../core/can_instance.o
 .debug_line    0x00002489      0x110 ../core/can_eid.o
 .debug_line    0x00002599      0x5e8 ../core/can_board_msg.o
 .debug_line    0x00002b81      0x264 ../core/can_buff.o
 .debug_line    0x00002de5      0x3b4 ../core/leds.o
 .debug_line    0x00003199      0x2ab ../core/spi.o
 .debug_line    0x00003444      0x3de ../core/pwm.o
 .debug_line    0x00003822       0xc2 ../core/bk_system_defs.o
 .debug_line    0x000038e4      0x1aa ../core/OS_timers.o
 .debug_line    0x00003a8e      0x5e6 ../core/configuration.o
 .debug_line    0x00004074      0x11f ../core/adc.o
 .debug_line    0x00004193       0x9d /usr/local/CrossPack-AVR-20120217/lib/gcc/avr/4.5.1/avr5/libgcc.a(_fixunssfsi.o)
 .debug_line    0x00004230      0x2c2 /usr/local/CrossPack-AVR-20120217/lib/gcc/avr/4.5.1/avr5/libgcc.a(_addsub_sf.o)
 .debug_line    0x000044f2      0x25e /usr/local/CrossPack-AVR-20120217/lib/gcc/avr/4.5.1/avr5/libgcc.a(_mul_sf.o)
 .debug_line    0x00004750      0x1e4 /usr/local/CrossPack-AVR-20120217/lib/gcc/avr/4.5.1/avr5/libgcc.a(_div_sf.o)
 .debug_line    0x00004934       0xd9 /usr/local/CrossPack-AVR-20120217/lib/gcc/avr/4.5.1/avr5/libgcc.a(_gt_sf.o)
 .debug_line    0x00004a0d       0xd9 /usr/local/CrossPack-AVR-20120217/lib/gcc/avr/4.5.1/avr5/libgcc.a(_ge_sf.o)
 .debug_line    0x00004ae6       0xd9 /usr/local/CrossPack-AVR-20120217/lib/gcc/avr/4.5.1/avr5/libgcc.a(_lt_sf.o)
 .debug_line    0x00004bbf      0x121 /usr/local/CrossPack-AVR-20120217/lib/gcc/avr/4.5.1/avr5/libgcc.a(_si_to_sf.o)
 .debug_line    0x00004ce0      0x113 /usr/local/CrossPack-AVR-20120217/lib/gcc/avr/4.5.1/avr5/libgcc.a(_sf_to_si.o)
 .debug_line    0x00004df3       0x86 /usr/local/CrossPack-AVR-20120217/lib/gcc/avr/4.5.1/avr5/libgcc.a(_thenan_sf.o)
 .debug_line    0x00004e79      0x12f /usr/local/CrossPack-AVR-20120217/lib/gcc/avr/4.5.1/avr5/libgcc.a(_usi_to_sf.o)
 .debug_line    0x00004fa8       0xc3 /usr/local/CrossPack-AVR-20120217/lib/gcc/avr/4.5.1/avr5/libgcc.a(_clzsi2.o)
 .debug_line    0x0000506b      0x1c9 /usr/local/CrossPack-AVR-20120217/lib/gcc/avr/4.5.1/avr5/libgcc.a(_pack_sf.o)
 .debug_line    0x00005234      0x149 /usr/local/CrossPack-AVR-20120217/lib/gcc/avr/4.5.1/avr5/libgcc.a(_unpack_sf.o)
 .debug_line    0x0000537d      0x14d /usr/local/CrossPack-AVR-20120217/lib/gcc/avr/4.5.1/avr5/libgcc.a(_fpcmp_parts_sf.o)
 .debug_line    0x000054ca       0x72 /usr/local/CrossPack-AVR-20120217/lib/gcc/avr/4.5.1/avr5/libgcc.a(_clz.o)

.debug_frame    0x00000000     0x10b0
 *(.debug_frame)
 .debug_frame   0x00000000       0xa0 tilt_main.o
 .debug_frame   0x000000a0       0xd0 can_msg.o
 .debug_frame   0x00000170      0x160 accelerometer.o
 .debug_frame   0x000002d0      0x150 gyro.o
 .debug_frame   0x00000420       0xd0 magnetometer.o
 .debug_frame   0x000004f0       0x30 OS_Dispatch.o
 .debug_frame   0x00000520       0x90 calibrations.o
 .debug_frame   0x000005b0       0xc0 calc_orientation.o
 .debug_frame   0x00000670      0x1c0 ../core/can.o
 .debug_frame   0x00000830       0x90 ../core/can_instance.o
 .debug_frame   0x000008c0       0xa0 ../core/can_eid.o
 .debug_frame   0x00000960       0xa0 ../core/can_board_msg.o
 .debug_frame   0x00000a00       0x90 ../core/can_buff.o
 .debug_frame   0x00000a90       0xe0 ../core/leds.o
 .debug_frame   0x00000b70       0xc0 ../core/spi.o
 .debug_frame   0x00000c30       0xd0 ../core/pwm.o
 .debug_frame   0x00000d00       0x30 ../core/bk_system_defs.o
 .debug_frame   0x00000d30       0x70 ../core/OS_timers.o
 .debug_frame   0x00000da0       0xe0 ../core/configuration.o
 .debug_frame   0x00000e80       0x50 ../core/adc.o
 .debug_frame   0x00000ed0       0x20 /usr/local/CrossPack-AVR-20120217/lib/gcc/avr/4.5.1/avr5/libgcc.a(_fixunssfsi.o)
 .debug_frame   0x00000ef0       0x40 /usr/local/CrossPack-AVR-20120217/lib/gcc/avr/4.5.1/avr5/libgcc.a(_addsub_sf.o)
 .debug_frame   0x00000f30       0x20 /usr/local/CrossPack-AVR-20120217/lib/gcc/avr/4.5.1/avr5/libgcc.a(_mul_sf.o)
 .debug_frame   0x00000f50       0x20 /usr/local/CrossPack-AVR-20120217/lib/gcc/avr/4.5.1/avr5/libgcc.a(_div_sf.o)
 .debug_frame   0x00000f70       0x20 /usr/local/CrossPack-AVR-20120217/lib/gcc/avr/4.5.1/avr5/libgcc.a(_gt_sf.o)
 .debug_frame   0x00000f90       0x20 /usr/local/CrossPack-AVR-20120217/lib/gcc/avr/4.5.1/avr5/libgcc.a(_ge_sf.o)
 .debug_frame   0x00000fb0       0x20 /usr/local/CrossPack-AVR-20120217/lib/gcc/avr/4.5.1/avr5/libgcc.a(_lt_sf.o)
 .debug_frame   0x00000fd0       0x20 /usr/local/CrossPack-AVR-20120217/lib/gcc/avr/4.5.1/avr5/libgcc.a(_si_to_sf.o)
 .debug_frame   0x00000ff0       0x20 /usr/local/CrossPack-AVR-20120217/lib/gcc/avr/4.5.1/avr5/libgcc.a(_sf_to_si.o)
 .debug_frame   0x00001010       0x20 /usr/local/CrossPack-AVR-20120217/lib/gcc/avr/4.5.1/avr5/libgcc.a(_usi_to_sf.o)
 .debug_frame   0x00001030       0x20 /usr/local/CrossPack-AVR-20120217/lib/gcc/avr/4.5.1/avr5/libgcc.a(_clzsi2.o)
 .debug_frame   0x00001050       0x20 /usr/local/CrossPack-AVR-20120217/lib/gcc/avr/4.5.1/avr5/libgcc.a(_pack_sf.o)
 .debug_frame   0x00001070       0x20 /usr/local/CrossPack-AVR-20120217/lib/gcc/avr/4.5.1/avr5/libgcc.a(_unpack_sf.o)
 .debug_frame   0x00001090       0x20 /usr/local/CrossPack-AVR-20120217/lib/gcc/avr/4.5.1/avr5/libgcc.a(_fpcmp_parts_sf.o)

.debug_str      0x00000000     0x2b96
 *(.debug_str)
 .debug_str     0x00000000      0x23f tilt_main.o
                                0x2cd (size before relaxing)
 .debug_str     0x0000023f      0x3e0 can_msg.o
                                0x51f (size before relaxing)
 .debug_str     0x0000061f      0x361 accelerometer.o
                                0x5ec (size before relaxing)
 .debug_str     0x00000980      0x2cb gyro.o
                                0x49e (size before relaxing)
 .debug_str     0x00000c4b      0x1db magnetometer.o
                                0x3b6 (size before relaxing)
 .debug_str     0x00000e26       0x6b OS_Dispatch.o
                                0x181 (size before relaxing)
 .debug_str     0x00000e91      0x14a calibrations.o
                                0x256 (size before relaxing)
 .debug_str     0x00000fdb      0x2de calc_orientation.o
                                0x41e (size before relaxing)
 .debug_str     0x000012b9      0x48e ../core/can.o
                                0x6b3 (size before relaxing)
 .debug_str     0x00001747      0x224 ../core/can_instance.o
                                0x479 (size before relaxing)
 .debug_str     0x0000196b      0x13e ../core/can_eid.o
                                0x249 (size before relaxing)
 .debug_str     0x00001aa9      0x30f ../core/can_board_msg.o
                                0x5a4 (size before relaxing)
 .debug_str     0x00001db8      0x16a ../core/can_buff.o
                                0x3ab (size before relaxing)
 .debug_str     0x00001f22      0x210 ../core/leds.o
                                0x35b (size before relaxing)
 .debug_str     0x00002132      0x124 ../core/spi.o
                                0x20f (size before relaxing)
 .debug_str     0x00002256      0x1ac ../core/pwm.o
                                0x270 (size before relaxing)
 .debug_str     0x00002402       0x4d ../core/bk_system_defs.o
                                0x104 (size before relaxing)
 .debug_str     0x0000244f       0xf8 ../core/OS_timers.o
                                0x1db (size before relaxing)
 .debug_str     0x00002547      0x2cc ../core/configuration.o
                                0x58c (size before relaxing)
 .debug_str     0x00002813       0x81 ../core/adc.o
                                0x155 (size before relaxing)
 .debug_str     0x00002894       0xc2 /usr/local/CrossPack-AVR-20120217/lib/gcc/avr/4.5.1/avr5/libgcc.a(_fixunssfsi.o)
                                0x13b (size before relaxing)
 .debug_str     0x00002956      0x145 /usr/local/CrossPack-AVR-20120217/lib/gcc/avr/4.5.1/avr5/libgcc.a(_addsub_sf.o)
                                0x24e (size before relaxing)
 .debug_str     0x00002a9b       0x27 /usr/local/CrossPack-AVR-20120217/lib/gcc/avr/4.5.1/avr5/libgcc.a(_mul_sf.o)
                                0x207 (size before relaxing)
 .debug_str     0x00002ac2       0x35 /usr/local/CrossPack-AVR-20120217/lib/gcc/avr/4.5.1/avr5/libgcc.a(_div_sf.o)
                                0x210 (size before relaxing)
 .debug_str     0x00002af7        0x8 /usr/local/CrossPack-AVR-20120217/lib/gcc/avr/4.5.1/avr5/libgcc.a(_gt_sf.o)
                                0x1d5 (size before relaxing)
 .debug_str     0x00002aff        0x8 /usr/local/CrossPack-AVR-20120217/lib/gcc/avr/4.5.1/avr5/libgcc.a(_ge_sf.o)
                                0x1d5 (size before relaxing)
 .debug_str     0x00002b07        0x8 /usr/local/CrossPack-AVR-20120217/lib/gcc/avr/4.5.1/avr5/libgcc.a(_lt_sf.o)
                                0x1d5 (size before relaxing)
 .debug_str     0x00002b0f       0x27 /usr/local/CrossPack-AVR-20120217/lib/gcc/avr/4.5.1/avr5/libgcc.a(_si_to_sf.o)
                                0x1c4 (size before relaxing)
 .debug_str     0x00002b36        0xa /usr/local/CrossPack-AVR-20120217/lib/gcc/avr/4.5.1/avr5/libgcc.a(_sf_to_si.o)
                                0x1de (size before relaxing)
 .debug_str     0x00000000      0x180 /usr/local/CrossPack-AVR-20120217/lib/gcc/avr/4.5.1/avr5/libgcc.a(_thenan_sf.o)
 .debug_str     0x00002b40       0x14 /usr/local/CrossPack-AVR-20120217/lib/gcc/avr/4.5.1/avr5/libgcc.a(_usi_to_sf.o)
                                0x1c0 (size before relaxing)
 .debug_str     0x00002b54       0x17 /usr/local/CrossPack-AVR-20120217/lib/gcc/avr/4.5.1/avr5/libgcc.a(_clzsi2.o)
                                0x147 (size before relaxing)
 .debug_str     0x00002b6b       0x10 /usr/local/CrossPack-AVR-20120217/lib/gcc/avr/4.5.1/avr5/libgcc.a(_pack_sf.o)
                                0x1dd (size before relaxing)
 .debug_str     0x00002b7b        0xb /usr/local/CrossPack-AVR-20120217/lib/gcc/avr/4.5.1/avr5/libgcc.a(_unpack_sf.o)
                                0x1bf (size before relaxing)
 .debug_str     0x00002b86       0x10 /usr/local/CrossPack-AVR-20120217/lib/gcc/avr/4.5.1/avr5/libgcc.a(_fpcmp_parts_sf.o)
                                0x1a3 (size before relaxing)
 .debug_str     0x00000000      0x12a /usr/local/CrossPack-AVR-20120217/lib/gcc/avr/4.5.1/avr5/libgcc.a(_clz.o)

.debug_loc      0x00000000     0x3909
 *(.debug_loc)
 .debug_loc     0x00000000       0x26 tilt_main.o
 .debug_loc     0x00000026      0x5f0 can_msg.o
 .debug_loc     0x00000616      0x367 accelerometer.o
 .debug_loc     0x0000097d      0x38c gyro.o
 .debug_loc     0x00000d09      0x2cf magnetometer.o
 .debug_loc     0x00000fd8      0x232 calc_orientation.o
 .debug_loc     0x0000120a      0x652 ../core/can.o
 .debug_loc     0x0000185c      0x112 ../core/can_instance.o
 .debug_loc     0x0000196e       0xa8 ../core/can_eid.o
 .debug_loc     0x00001a16      0x1b4 ../core/can_board_msg.o
 .debug_loc     0x00001bca      0x18e ../core/can_buff.o
 .debug_loc     0x00001d58      0x148 ../core/leds.o
 .debug_loc     0x00001ea0      0x11d ../core/spi.o
 .debug_loc     0x00001fbd      0x4f2 ../core/pwm.o
 .debug_loc     0x000024af       0x34 ../core/bk_system_defs.o
 .debug_loc     0x000024e3      0x5dd ../core/configuration.o
 .debug_loc     0x00002ac0       0x47 ../core/adc.o
 .debug_loc     0x00002b07       0x34 /usr/local/CrossPack-AVR-20120217/lib/gcc/avr/4.5.1/avr5/libgcc.a(_fixunssfsi.o)
 .debug_loc     0x00002b3b      0x31d /usr/local/CrossPack-AVR-20120217/lib/gcc/avr/4.5.1/avr5/libgcc.a(_addsub_sf.o)
 .debug_loc     0x00002e58      0x2a4 /usr/local/CrossPack-AVR-20120217/lib/gcc/avr/4.5.1/avr5/libgcc.a(_mul_sf.o)
 .debug_loc     0x000030fc      0x1ac /usr/local/CrossPack-AVR-20120217/lib/gcc/avr/4.5.1/avr5/libgcc.a(_div_sf.o)
 .debug_loc     0x000032a8       0x48 /usr/local/CrossPack-AVR-20120217/lib/gcc/avr/4.5.1/avr5/libgcc.a(_gt_sf.o)
 .debug_loc     0x000032f0       0x48 /usr/local/CrossPack-AVR-20120217/lib/gcc/avr/4.5.1/avr5/libgcc.a(_ge_sf.o)
 .debug_loc     0x00003338       0x48 /usr/local/CrossPack-AVR-20120217/lib/gcc/avr/4.5.1/avr5/libgcc.a(_lt_sf.o)
 .debug_loc     0x00003380       0xb4 /usr/local/CrossPack-AVR-20120217/lib/gcc/avr/4.5.1/avr5/libgcc.a(_si_to_sf.o)
 .debug_loc     0x00003434       0x56 /usr/local/CrossPack-AVR-20120217/lib/gcc/avr/4.5.1/avr5/libgcc.a(_sf_to_si.o)
 .debug_loc     0x0000348a       0x96 /usr/local/CrossPack-AVR-20120217/lib/gcc/avr/4.5.1/avr5/libgcc.a(_usi_to_sf.o)
 .debug_loc     0x00003520       0xb2 /usr/local/CrossPack-AVR-20120217/lib/gcc/avr/4.5.1/avr5/libgcc.a(_clzsi2.o)
 .debug_loc     0x000035d2      0x1d6 /usr/local/CrossPack-AVR-20120217/lib/gcc/avr/4.5.1/avr5/libgcc.a(_pack_sf.o)
 .debug_loc     0x000037a8      0x111 /usr/local/CrossPack-AVR-20120217/lib/gcc/avr/4.5.1/avr5/libgcc.a(_unpack_sf.o)
 .debug_loc     0x000038b9       0x50 /usr/local/CrossPack-AVR-20120217/lib/gcc/avr/4.5.1/avr5/libgcc.a(_fpcmp_parts_sf.o)

.debug_macinfo
 *(.debug_macinfo)
OUTPUT(tilt_board.elf elf32-avr)
LOAD linker stubs

.debug_pubtypes
                0x00000000      0xa45
 .debug_pubtypes
                0x00000000       0x38 tilt_main.o
 .debug_pubtypes
                0x00000038       0x38 can_msg.o
 .debug_pubtypes
                0x00000070       0x38 accelerometer.o
 .debug_pubtypes
                0x000000a8       0x38 gyro.o
 .debug_pubtypes
                0x000000e0       0x38 magnetometer.o
 .debug_pubtypes
                0x00000118       0x12 OS_Dispatch.o
 .debug_pubtypes
                0x0000012a       0x12 calibrations.o
 .debug_pubtypes
                0x0000013c       0x24 calc_orientation.o
 .debug_pubtypes
                0x00000160       0x31 ../core/can.o
 .debug_pubtypes
                0x00000191       0x26 ../core/can_instance.o
 .debug_pubtypes
                0x000001b7       0x1d ../core/can_eid.o
 .debug_pubtypes
                0x000001d4       0x4a ../core/can_board_msg.o
 .debug_pubtypes
                0x0000021e       0x26 ../core/can_buff.o
 .debug_pubtypes
                0x00000244       0x35 ../core/leds.o
 .debug_pubtypes
                0x00000279       0x1e ../core/spi.o
 .debug_pubtypes
                0x00000297       0x12 ../core/pwm.o
 .debug_pubtypes
                0x000002a9       0x12 ../core/bk_system_defs.o
 .debug_pubtypes
                0x000002bb       0x12 ../core/OS_timers.o
 .debug_pubtypes
                0x000002cd       0x3f ../core/configuration.o
 .debug_pubtypes
                0x0000030c       0x12 ../core/adc.o
 .debug_pubtypes
                0x0000031e       0x34 /usr/local/CrossPack-AVR-20120217/lib/gcc/avr/4.5.1/avr5/libgcc.a(_fixunssfsi.o)
 .debug_pubtypes
                0x00000352       0x9d /usr/local/CrossPack-AVR-20120217/lib/gcc/avr/4.5.1/avr5/libgcc.a(_addsub_sf.o)
 .debug_pubtypes
                0x000003ef       0x86 /usr/local/CrossPack-AVR-20120217/lib/gcc/avr/4.5.1/avr5/libgcc.a(_mul_sf.o)
 .debug_pubtypes
                0x00000475       0x86 /usr/local/CrossPack-AVR-20120217/lib/gcc/avr/4.5.1/avr5/libgcc.a(_div_sf.o)
 .debug_pubtypes
                0x000004fb       0x91 /usr/local/CrossPack-AVR-20120217/lib/gcc/avr/4.5.1/avr5/libgcc.a(_gt_sf.o)
 .debug_pubtypes
                0x0000058c       0x91 /usr/local/CrossPack-AVR-20120217/lib/gcc/avr/4.5.1/avr5/libgcc.a(_ge_sf.o)
 .debug_pubtypes
                0x0000061d       0x91 /usr/local/CrossPack-AVR-20120217/lib/gcc/avr/4.5.1/avr5/libgcc.a(_lt_sf.o)
 .debug_pubtypes
                0x000006ae       0x7e /usr/local/CrossPack-AVR-20120217/lib/gcc/avr/4.5.1/avr5/libgcc.a(_si_to_sf.o)
 .debug_pubtypes
                0x0000072c       0x91 /usr/local/CrossPack-AVR-20120217/lib/gcc/avr/4.5.1/avr5/libgcc.a(_sf_to_si.o)
 .debug_pubtypes
                0x000007bd       0x5b /usr/local/CrossPack-AVR-20120217/lib/gcc/avr/4.5.1/avr5/libgcc.a(_thenan_sf.o)
 .debug_pubtypes
                0x00000818       0x73 /usr/local/CrossPack-AVR-20120217/lib/gcc/avr/4.5.1/avr5/libgcc.a(_usi_to_sf.o)
 .debug_pubtypes
                0x0000088b       0x35 /usr/local/CrossPack-AVR-20120217/lib/gcc/avr/4.5.1/avr5/libgcc.a(_clzsi2.o)
 .debug_pubtypes
                0x000008c0       0x86 /usr/local/CrossPack-AVR-20120217/lib/gcc/avr/4.5.1/avr5/libgcc.a(_pack_sf.o)
 .debug_pubtypes
                0x00000946       0x86 /usr/local/CrossPack-AVR-20120217/lib/gcc/avr/4.5.1/avr5/libgcc.a(_unpack_sf.o)
 .debug_pubtypes
                0x000009cc       0x5b /usr/local/CrossPack-AVR-20120217/lib/gcc/avr/4.5.1/avr5/libgcc.a(_fpcmp_parts_sf.o)
 .debug_pubtypes
                0x00000a27       0x1e /usr/local/CrossPack-AVR-20120217/lib/gcc/avr/4.5.1/avr5/libgcc.a(_clz.o)

.debug_ranges   0x00000000      0x270
 .debug_ranges  0x00000000       0x18 magnetometer.o
 .debug_ranges  0x00000018       0x50 calc_orientation.o
 .debug_ranges  0x00000068       0x60 ../core/can.o
 .debug_ranges  0x000000c8       0x18 ../core/can_instance.o
 .debug_ranges  0x000000e0       0x18 ../core/can_board_msg.o
 .debug_ranges  0x000000f8       0x30 ../core/can_buff.o
 .debug_ranges  0x00000128       0x18 ../core/spi.o
 .debug_ranges  0x00000140       0x68 ../core/pwm.o
 .debug_ranges  0x000001a8       0x18 ../core/OS_timers.o
 .debug_ranges  0x000001c0       0x18 ../core/configuration.o
 .debug_ranges  0x000001d8       0x18 ../core/adc.o
 .debug_ranges  0x000001f0       0x30 /usr/local/CrossPack-AVR-20120217/lib/gcc/avr/4.5.1/avr5/libgcc.a(_mul_sf.o)
 .debug_ranges  0x00000220       0x38 /usr/local/CrossPack-AVR-20120217/lib/gcc/avr/4.5.1/avr5/libgcc.a(_div_sf.o)
 .debug_ranges  0x00000258       0x18 /usr/local/CrossPack-AVR-20120217/lib/gcc/avr/4.5.1/avr5/libgcc.a(_si_to_sf.o)
