Archive member included because of file (symbol)

/usr/local/CrossPack-AVR-20120217/lib/gcc/avr/4.5.1/avr5/libgcc.a(_udivmodhi4.o)
                              pot.o (__udivmodhi4)
/usr/local/CrossPack-AVR-20120217/lib/gcc/avr/4.5.1/avr5/libgcc.a(_divmodhi4.o)
                              can_msg.o (__divmodhi4)
/usr/local/CrossPack-AVR-20120217/lib/gcc/avr/4.5.1/avr5/libgcc.a(_divmodsi4.o)
                              pot.o (__divmodsi4)
/usr/local/CrossPack-AVR-20120217/lib/gcc/avr/4.5.1/avr5/libgcc.a(_exit.o)
                              /usr/local/CrossPack-AVR-20120217/lib/gcc/avr/4.5.1/../../../../avr/lib/avr5/crtm16m1.o (exit)
/usr/local/CrossPack-AVR-20120217/lib/gcc/avr/4.5.1/avr5/libgcc.a(_copy_data.o)
                              can_msg.o (__do_copy_data)
/usr/local/CrossPack-AVR-20120217/lib/gcc/avr/4.5.1/avr5/libgcc.a(_clear_bss.o)
                              bigmotor_main.o (__do_clear_bss)
/usr/local/CrossPack-AVR-20120217/lib/gcc/avr/4.5.1/avr5/libgcc.a(_fixunssfsi.o)
                              can_msg.o (__fixunssfsi)
/usr/local/CrossPack-AVR-20120217/lib/gcc/avr/4.5.1/avr5/libgcc.a(_addsub_sf.o)
                              pot.o (__addsf3)
/usr/local/CrossPack-AVR-20120217/lib/gcc/avr/4.5.1/avr5/libgcc.a(_mul_sf.o)
                              can_msg.o (__mulsf3)
/usr/local/CrossPack-AVR-20120217/lib/gcc/avr/4.5.1/avr5/libgcc.a(_div_sf.o)
                              can_msg.o (__divsf3)
/usr/local/CrossPack-AVR-20120217/lib/gcc/avr/4.5.1/avr5/libgcc.a(_gt_sf.o)
                              can_msg.o (__gtsf2)
/usr/local/CrossPack-AVR-20120217/lib/gcc/avr/4.5.1/avr5/libgcc.a(_ge_sf.o)
                              /usr/local/CrossPack-AVR-20120217/lib/gcc/avr/4.5.1/avr5/libgcc.a(_fixunssfsi.o) (__gesf2)
/usr/local/CrossPack-AVR-20120217/lib/gcc/avr/4.5.1/avr5/libgcc.a(_lt_sf.o)
                              ../core/pwm.o (__ltsf2)
/usr/local/CrossPack-AVR-20120217/lib/gcc/avr/4.5.1/avr5/libgcc.a(_si_to_sf.o)
                              can_msg.o (__floatsisf)
/usr/local/CrossPack-AVR-20120217/lib/gcc/avr/4.5.1/avr5/libgcc.a(_sf_to_si.o)
                              can_msg.o (__fixsfsi)
/usr/local/CrossPack-AVR-20120217/lib/gcc/avr/4.5.1/avr5/libgcc.a(_thenan_sf.o)
                              /usr/local/CrossPack-AVR-20120217/lib/gcc/avr/4.5.1/avr5/libgcc.a(_addsub_sf.o) (__thenan_sf)
/usr/local/CrossPack-AVR-20120217/lib/gcc/avr/4.5.1/avr5/libgcc.a(_usi_to_sf.o)
                              pot.o (__floatunsisf)
/usr/local/CrossPack-AVR-20120217/lib/gcc/avr/4.5.1/avr5/libgcc.a(_udivmodsi4.o)
                              /usr/local/CrossPack-AVR-20120217/lib/gcc/avr/4.5.1/avr5/libgcc.a(_divmodsi4.o) (__udivmodsi4)
/usr/local/CrossPack-AVR-20120217/lib/gcc/avr/4.5.1/avr5/libgcc.a(_prologue.o)
                              /usr/local/CrossPack-AVR-20120217/lib/gcc/avr/4.5.1/avr5/libgcc.a(_addsub_sf.o) (__prologue_saves__)
/usr/local/CrossPack-AVR-20120217/lib/gcc/avr/4.5.1/avr5/libgcc.a(_epilogue.o)
                              /usr/local/CrossPack-AVR-20120217/lib/gcc/avr/4.5.1/avr5/libgcc.a(_addsub_sf.o) (__epilogue_restores__)
/usr/local/CrossPack-AVR-20120217/lib/gcc/avr/4.5.1/avr5/libgcc.a(_clzsi2.o)
                              /usr/local/CrossPack-AVR-20120217/lib/gcc/avr/4.5.1/avr5/libgcc.a(_si_to_sf.o) (__clzsi2)
/usr/local/CrossPack-AVR-20120217/lib/gcc/avr/4.5.1/avr5/libgcc.a(_pack_sf.o)
                              /usr/local/CrossPack-AVR-20120217/lib/gcc/avr/4.5.1/avr5/libgcc.a(_addsub_sf.o) (__pack_f)
/usr/local/CrossPack-AVR-20120217/lib/gcc/avr/4.5.1/avr5/libgcc.a(_unpack_sf.o)
                              /usr/local/CrossPack-AVR-20120217/lib/gcc/avr/4.5.1/avr5/libgcc.a(_addsub_sf.o) (__unpack_f)
/usr/local/CrossPack-AVR-20120217/lib/gcc/avr/4.5.1/avr5/libgcc.a(_fpcmp_parts_sf.o)
                              /usr/local/CrossPack-AVR-20120217/lib/gcc/avr/4.5.1/avr5/libgcc.a(_gt_sf.o) (__fpcmp_parts_f)
/usr/local/CrossPack-AVR-20120217/lib/gcc/avr/4.5.1/avr5/libgcc.a(_clz.o)
                              /usr/local/CrossPack-AVR-20120217/lib/gcc/avr/4.5.1/avr5/libgcc.a(_clzsi2.o) (__clz_tab)
/usr/local/CrossPack-AVR-20120217/lib/gcc/avr/4.5.1/../../../../avr/lib/avr5/libm.a(ceil.o)
                              ../core/pwm.o (ceil)
/usr/local/CrossPack-AVR-20120217/lib/gcc/avr/4.5.1/../../../../avr/lib/avr5/libm.a(fp_mintl.o)
                              /usr/local/CrossPack-AVR-20120217/lib/gcc/avr/4.5.1/../../../../avr/lib/avr5/libm.a(ceil.o) (__fp_mintl)
/usr/local/CrossPack-AVR-20120217/lib/gcc/avr/4.5.1/../../../../avr/lib/avr5/libm.a(fp_mpack.o)
                              /usr/local/CrossPack-AVR-20120217/lib/gcc/avr/4.5.1/../../../../avr/lib/avr5/libm.a(ceil.o) (__fp_mpack)
/usr/local/CrossPack-AVR-20120217/lib/gcc/avr/4.5.1/../../../../avr/lib/avr5/libm.a(fp_trunc.o)
                              /usr/local/CrossPack-AVR-20120217/lib/gcc/avr/4.5.1/../../../../avr/lib/avr5/libm.a(ceil.o) (__fp_trunc)
/usr/local/CrossPack-AVR-20120217/lib/gcc/avr/4.5.1/../../../../avr/lib/avr5/libm.a(fp_zero.o)
                              /usr/local/CrossPack-AVR-20120217/lib/gcc/avr/4.5.1/../../../../avr/lib/avr5/libm.a(ceil.o) (__fp_szero)
/usr/local/CrossPack-AVR-20120217/lib/gcc/avr/4.5.1/../../../../avr/lib/avr5/libm.a(round.o)
                              can_msg.o (round)
/usr/local/CrossPack-AVR-20120217/lib/gcc/avr/4.5.1/../../../../avr/lib/avr5/libm.a(fp_split3.o)
                              /usr/local/CrossPack-AVR-20120217/lib/gcc/avr/4.5.1/../../../../avr/lib/avr5/libm.a(fp_trunc.o) (__fp_splitA)

Memory Configuration

Name             Origin             Length             Attributes
text             0x00000000         0x00020000         xr
data             0x00800060         0x0000ffa0         rw !x
eeprom           0x00810000         0x00010000         rw !x
fuse             0x00820000         0x00000400         rw !x
lock             0x00830000         0x00000400         rw !x
signature        0x00840000         0x00000400         rw !x
*default*        0x00000000         0xffffffff

Linker script and memory map

Address of section .data set to 0x800100
LOAD /usr/local/CrossPack-AVR-20120217/lib/gcc/avr/4.5.1/../../../../avr/lib/avr5/crtm16m1.o
LOAD bigmotor_main.o
LOAD can_msg.o
LOAD calibrations.o
LOAD motor.o
LOAD pot.o
LOAD encoder.o
LOAD OS_Dispatch.o
LOAD adc.o
LOAD ../core/can.o
LOAD ../core/can_instance.o
LOAD ../core/can_eid.o
LOAD ../core/can_board_msg.o
LOAD ../core/can_buff.o
LOAD ../core/leds.o
LOAD ../core/pwm.o
LOAD ../core/bk_system_defs.o
LOAD ../core/OS_timers.o
LOAD ../core/configuration.o
LOAD /usr/local/CrossPack-AVR-20120217/lib/gcc/avr/4.5.1/avr5/libgcc.a
LOAD /usr/local/CrossPack-AVR-20120217/lib/gcc/avr/4.5.1/../../../../avr/lib/avr5/libm.a
LOAD /usr/local/CrossPack-AVR-20120217/lib/gcc/avr/4.5.1/avr5/libgcc.a
LOAD /usr/local/CrossPack-AVR-20120217/lib/gcc/avr/4.5.1/../../../../avr/lib/avr5/libc.a
LOAD /usr/local/CrossPack-AVR-20120217/lib/gcc/avr/4.5.1/avr5/libgcc.a

.hash
 *(.hash)

.dynsym
 *(.dynsym)

.dynstr
 *(.dynstr)

.gnu.version
 *(.gnu.version)

.gnu.version_d
 *(.gnu.version_d)

.gnu.version_r
 *(.gnu.version_r)

.rel.init
 *(.rel.init)

.rela.init
 *(.rela.init)

.rel.text
 *(.rel.text)
 *(.rel.text.*)
 *(.rel.gnu.linkonce.t*)

.rela.text
 *(.rela.text)
 *(.rela.text.*)
 *(.rela.gnu.linkonce.t*)

.rel.fini
 *(.rel.fini)

.rela.fini
 *(.rela.fini)

.rel.rodata
 *(.rel.rodata)
 *(.rel.rodata.*)
 *(.rel.gnu.linkonce.r*)

.rela.rodata
 *(.rela.rodata)
 *(.rela.rodata.*)
 *(.rela.gnu.linkonce.r*)

.rel.data
 *(.rel.data)
 *(.rel.data.*)
 *(.rel.gnu.linkonce.d*)

.rela.data
 *(.rela.data)
 *(.rela.data.*)
 *(.rela.gnu.linkonce.d*)

.rel.ctors
 *(.rel.ctors)

.rela.ctors
 *(.rela.ctors)

.rel.dtors
 *(.rel.dtors)

.rela.dtors
 *(.rela.dtors)

.rel.got
 *(.rel.got)

.rela.got
 *(.rela.got)

.rel.bss
 *(.rel.bss)

.rela.bss
 *(.rela.bss)

.rel.plt
 *(.rel.plt)

.rela.plt
 *(.rela.plt)

.text           0x00000000     0x49a0
 *(.vectors)
 .vectors       0x00000000       0x7c /usr/local/CrossPack-AVR-20120217/lib/gcc/avr/4.5.1/../../../../avr/lib/avr5/crtm16m1.o
                0x00000000                __vectors
                0x00000000                __vector_default
 *(.vectors)
 *(.progmem.gcc*)
 *(.progmem*)
 .progmem.data  0x0000007c       0x10 ../core/can_board_msg.o
                0x0000007c                BoardDescription
                0x0000008c                . = ALIGN (0x2)
                0x0000008c                __trampolines_start = .
 *(.trampolines)
 .trampolines   0x0000008c        0x0 linker stubs
 *(.trampolines*)
                0x0000008c                __trampolines_end = .
 *(.jumptables)
 *(.jumptables*)
 *(.lowtext)
 *(.lowtext*)
                0x0000008c                __ctors_start = .
 *(.ctors)
                0x0000008c                __ctors_end = .
                0x0000008c                __dtors_start = .
 *(.dtors)
                0x0000008c                __dtors_end = .
 SORT(*)(.ctors)
 SORT(*)(.dtors)
 *(.init0)
 .init0         0x0000008c        0x0 /usr/local/CrossPack-AVR-20120217/lib/gcc/avr/4.5.1/../../../../avr/lib/avr5/crtm16m1.o
                0x0000008c                __init
 *(.init0)
 *(.init1)
 *(.init1)
 *(.init2)
 .init2         0x0000008c        0xc /usr/local/CrossPack-AVR-20120217/lib/gcc/avr/4.5.1/../../../../avr/lib/avr5/crtm16m1.o
 *(.init2)
 *(.init3)
 *(.init3)
 *(.init4)
 .init4         0x00000098       0x16 /usr/local/CrossPack-AVR-20120217/lib/gcc/avr/4.5.1/avr5/libgcc.a(_copy_data.o)
                0x00000098                __do_copy_data
 .init4         0x000000ae       0x10 /usr/local/CrossPack-AVR-20120217/lib/gcc/avr/4.5.1/avr5/libgcc.a(_clear_bss.o)
                0x000000ae                __do_clear_bss
 *(.init4)
 *(.init5)
 *(.init5)
 *(.init6)
 *(.init6)
 *(.init7)
 *(.init7)
 *(.init8)
 *(.init8)
 *(.init9)
 .init9         0x000000be        0x8 /usr/local/CrossPack-AVR-20120217/lib/gcc/avr/4.5.1/../../../../avr/lib/avr5/crtm16m1.o
 *(.init9)
 *(.text)
 .text          0x000000c6        0x4 /usr/local/CrossPack-AVR-20120217/lib/gcc/avr/4.5.1/../../../../avr/lib/avr5/crtm16m1.o
                0x000000c6                __vector_20
                0x000000c6                __vector_1
                0x000000c6                __vector_24
                0x000000c6                __vector_12
                0x000000c6                __bad_interrupt
                0x000000c6                __vector_6
                0x000000c6                __vector_3
                0x000000c6                __vector_23
                0x000000c6                __vector_30
                0x000000c6                __vector_25
                0x000000c6                __vector_11
                0x000000c6                __vector_13
                0x000000c6                __vector_17
                0x000000c6                __vector_19
                0x000000c6                __vector_7
                0x000000c6                __vector_5
                0x000000c6                __vector_4
                0x000000c6                __vector_9
                0x000000c6                __vector_2
                0x000000c6                __vector_21
                0x000000c6                __vector_29
                0x000000c6                __vector_8
                0x000000c6                __vector_26
                0x000000c6                __vector_14
                0x000000c6                __vector_10
                0x000000c6                __vector_16
                0x000000c6                __vector_28
 .text          0x000000ca      0x192 bigmotor_main.o
                0x000000ca                _Z24can_prep_eeprom_dump_msgP4sCANPh
                0x00000190                _Z25can_prep_eeprom_dump1_msgv
                0x000001b0                _Z25can_prep_eeprom_dump2_msgv
                0x000001d0                _Z25can_prep_eeprom_dump3_msgv
                0x000001f0                _Z4initv
                0x0000023e                main
 .text          0x0000025c      0x9f8 can_msg.o
                0x0000025c                _Z17extract_float_msgPh
                0x0000029c                _Z15extract_word_bePh
                0x000002be                _Z15extract_word_lePh
                0x000002e0                _Z19extract_long_int_bePh
                0x00000336                _Z19extract_long_int_lePh
                0x00000388                _Z17can_proc_tilt_msgP4sCAN
                0x000003f6                _Z21can_proc_set_stop_msgP4sCAN
                0x00000490                _Z26can_proc_move_to_angle_msgP4sCAN
                0x000004f4                _Z23can_proc_move_speed_msgP4sCAN
                0x0000059a                _Z23can_proc_stop_motor_msgP4sCAN
                0x00000602                _Z28can_proc_move_dual_speed_msgP4sCAN
                0x00000696                _Z29can_proc_max_acceleration_msgP4sCAN
                0x00000698                _Z13can_prep_stopP4sCANh
                0x00000740                _Z16can_file_messageP4sCAN
                0x000009dc                _Z20can_prep_motor_angleP4sCAN
                0x00000a1c                _Z25can_prep_motor_values_rawP4sCAN
                0x00000b32                _Z20can_prep_motor_speedP4sCAN11float_array
                0x00000bd0                _Z20can_prep_motor_accelP4sCAN11float_array
                0x00000c24                _Z21can_prep_motor_statusP4sCAN
 .text          0x00000c54      0x30c calibrations.o
                0x00000c54                _Z25app_default_configurationv
                0x00000c78                _Z13config_changeh
                0x00000c96                _Z17save_stops_eepromPh
                0x00000cf8                _Z17read_stops_eepromPh
                0x00000d4c                _Z29save_currentThresholds_eepromPh
                0x00000da8                _Z29read_currentThresholds_eepromPh
                0x00000df4                _Z27save_latest_position_eepromPh
                0x00000e70                _Z27read_latest_position_eepromPh
                0x00000ee8                _Z13getReportRatev
                0x00000f2c                _Z18isReportingEnabledv
                0x00000f3c                _Z8save_calv
                0x00000f4e                _Z8read_calv
 .text          0x00000f60      0x2d6 motor.o
                0x00000f60                _Z16SetBaseFrequencyv
                0x00000fc0                _Z10motor_initv
                0x00000ff4                _Z21report_timeslice_10msv
                0x00001076                _Z15get_motor_anglev
                0x00001092                _Z12motor_enableh
                0x000010a6                _Z11motor_brakev
                0x000010ca                _Z10motor_stopv
                0x000010d4                _Z11stop_actionh
                0x000010e6                _Z11motor_coastf
                0x00001112                _Z19set_motor_directionh
                0x0000112a                _Z14motor_set_dutyfh
                0x00001182                _Z20motor_timeslice_10msv
 .text          0x00001236      0x786 pot.o
                0x00001236                _Z8pot_initv
                0x000012aa                _Z13pot_timeslicev
                0x000012fc                _Z7get_potv
                0x00001306                _Z27get_distance_to_destinationv
                0x0000131e                _Z28get_direction_to_destinationv
                0x00001352                _Z17compute_pot_speedv
                0x00001380                _Z24compute_pot_accelerationv
                0x000013ae                _Z11pot_percentv
                0x00001408                _Z16convert_to_anglet
                0x000014ce                _Z13get_pot_anglev
                0x000014e0                _Z21convert_to_fixedpointf
                0x000014f2                _Z16convert_to_valuel
                0x000015c8                _Z21compute_default_stopsv
                0x0000160a                _Z13compute_rangev
                0x00001660                _Z18get_min_stop_valuev
                0x0000167c                _Z18get_min_stop_anglev
                0x000016b0                _Z18get_max_stop_valuev
                0x000016cc                _Z18get_max_stop_anglev
                0x00001700                _Z20order_stops_by_valuev
                0x00001768                _Z20order_stops_by_anglev
                0x000017fa                _Z11check_stopst
                0x000018a4                _Z11check_stalltt
                0x000018c4                _Z19destination_reachedv
 .text          0x000019bc      0x144 encoder.o
                0x000019bc                __vector_22
                0x00001a28                _Z12encoder_initv
                0x00001a44                _Z15encoder_disablev
                0x00001a5a                _Z17encoder_timeslicev
                0x00001af8                _Z17get_encoder_anglev
 .text          0x00001b00       0x48 OS_Dispatch.o
                0x00001b00                _Z11OS_Dispatchv
 .text          0x00001b48      0x27a adc.o
                0x00001b48                __vector_27
                0x00001cde                _Z9adc_sleepv
                0x00001cea                _Z8adc_initv
                0x00001d12                _Z14start_samplingv
                0x00001d24                _Z36calc_load_current_from_sense_currentt
                0x00001d58                _Z15convert_to_ampst
                0x00001d5a                _Z17read_current_leftv
                0x00001d8e                _Z18read_current_rightv
 .text          0x00001dc2      0x790 ../core/can.o
                0x00001dc2                _Z15set_rx_callbackPFvP4sCANE
                0x00001dcc                _Z15set_tx_callbackPFvvE
                0x00001dd6                _Z26can_add_instance_to_filterht
                0x00001e36                _Z31can_remove_instance_from_filterh
                0x00001e5a                _Z10can_set_idh6idType
                0x00001eba                _Z20can_add_id_to_filterhtt
                0x00001f82                _Z25can_remove_id_from_filterh
                0x00001fae                _Z12can_set_maskhss
                0x00001fce                _Z11can_set_taghss
                0x00001fee                _Z21can_setup_receive_mobhssh
                0x0000204a                _Z13can_init_mobsv
                0x000020fa                _Z15can_disable_mobh
                0x00002112                _Z15can_retrieve_idP4sCAN
                0x00002180                _Z17can_retrieve_dataP4sCAN
                0x000021c2                __vector_18
                0x00002310                _Z20can_send_msg_no_waithP4sCAN
                0x00002376                _Z12can_send_msghP4sCAN
                0x00002384                _Z17can_get_timestampv
                0x0000239a                _Z11can_get_msgP4sCAN
                0x000023cc                _Z8set_baudh
                0x00002410                _Z8can_inith
                0x0000244c                _Z15can_set_baud_1Mh
                0x00002476                _Z17can_set_baud_500Kh
                0x000024a2                _Z17can_set_baud_250Kh
                0x000024ce                _Z17can_set_baud_200Kh
                0x000024fa                _Z17can_set_baud_125Kh
                0x00002526                _Z17can_set_baud_100Kh
 .text          0x00002552      0x2ac ../core/can_instance.o
                0x00002552                _Z22random_number_adc_initv
                0x0000256a                _Z18pick_random_numberv
                0x000025be                _Z24setup_instance_claim_mobv
                0x000025e4                _Z17can_instance_initv
                0x0000264c                _Z25can_prep_instance_requestP4sCANh
                0x00002694                _Z22can_instance_timeslicev
                0x000027bc                _Z23can_prep_instance_queryP4sCAN
                0x000027ea                _Z28can_process_instance_requestP4sCAN
 .text          0x000027fe       0x60 ../core/can_eid.o
                0x000027fe                _Z14create_CAN_eidth
                0x0000280a                _Z14create_CAN_eidhth
                0x00002818                _Z9get_block6idType
                0x0000281c                _Z12get_instance6idType
                0x00002820                _Z6get_id6idType
                0x00002826                _Z5match6idTypeS_
                0x00002838                _Z11block_match6idTypeS_
                0x00002840                _Z8id_match6idTypeS_
                0x00002856                _Z14instance_match6idTypeh
 .text          0x0000285e      0x4e4 ../core/can_board_msg.o
                0x0000285e                _Z22set_configure_callbackPFvhE
                0x00002868                _Z27can_prep_board_presence_msgP4sCAN
                0x000028a6                _Z27can_prep_board_revision_msgP4sCAN
                0x000028e2                _Z26can_prep_serial_number_msgP4sCAN
                0x0000291e                _Z30can_prep_board_description_msgP4sCAN
                0x0000296a                _Z24can_board_presence_replyv
                0x000029d0                _Z19can_board_timeslicev
                0x00002aa0                _Z18can_prep_configureP4sCAN
                0x00002ae0                _Z23can_board_msg_responderP4sCAN
 .text          0x00002d42      0x1e0 ../core/can_buff.o
                0x00002d42                _Z11FindMailBox6idType
                0x00002dae                _Z12copy_can_msgP4sCANS0_
                0x00002dc6                _Z16addNormalHistoryP4sCAN
                0x00002e02                _Z17addMailboxHistoryP4sCAN
                0x00002e82                _Z12QueueMessageP4sCAN
                0x00002e96                _Z15RetrieveMessagev
                0x00002eea                _Z13GetMessagePtrh
                0x00002f0c                _Z15CAN_Q_Timeslicev
 .text          0x00002f22      0x1d8 ../core/leds.o
                0x00002f22                _Z9init_ledsv
                0x00002f34                _Z16protected_led_onh
                0x00002f46                _Z17protected_led_offh
                0x00002f58                _Z11strobe_ledsh
                0x00002fba                _Z6led_onh
                0x00002fc8                _Z7led_offh
                0x00002fd6                _Z17protected_set_ledhh
                0x00002fe6                _Z7set_ledhh
                0x00002ff4                _Z19protected_show_bytehh
                0x0000301c                _Z9show_bytehh
                0x0000302e                _Z18show_result_toggleh
                0x00003062                _Z21can_parse_led_requestP4sCAN
                0x0000309e                _Z19led_timeslice_100msv
 .text          0x000030fa      0x384 ../core/pwm.o
                0x000030fa                _Z11OCR1A_Writej
                0x0000310a                _Z11OCR1B_Writej
                0x0000311a                _Z13get_top_valuef
                0x0000315c                _Z7set_topt
                0x0000316e                _Z16select_prescalerf
                0x0000324a                _Z20get_tccr1b_prescalert
                0x0000328a                _Z17set_base_PWM_freqf
                0x000032da                _Z8pwm_initfhh
                0x0000338e                _Z13set_polarityAh
                0x000033ac                _Z13set_polarityBh
                0x000033ca                _Z9set_dutyAf
                0x00003424                _Z9set_dutyBf
 .text          0x0000347e       0x88 ../core/bk_system_defs.o
                0x0000347e                _Z5delayl
                0x000034ee                _Z9chip_initv
 .text          0x00003506      0x162 ../core/OS_timers.o
                0x00003506                _Z11OS_InitTaskv
                0x00003520                _Z13Enter_HS_Modev
                0x00003528                _Z17Enter_Normal_Modev
                0x0000352e                _Z15System_Dispatchv
                0x0000358a                __vector_15
                0x0000364e                _Z11OS_tmr_initv
 .text          0x00003668      0x288 ../core/configuration.o
                0x00003668                _Z27can_parse_configure_requestP4sCAN
                0x000036c0                _Z21default_configurationv
                0x000036ec                _Z11config_initv
                0x000036fe                _Z20save_instance_numberPh
                0x00003722                _Z20read_instance_numberPh
                0x0000373c                _Z21save_confirmed_statusPh
                0x00003760                _Z21read_confirmed_statusPh
                0x0000377a                _Z25save_configuration_eepromPh
                0x0000382a                _Z18save_configurationv
                0x0000383c                _Z21save_configuration_div
                0x00003844                _Z21make_system_new_boardt
                0x00003866                _Z25read_configuration_eepromPh
                0x000038de                _Z18read_configurationv
 .text          0x000038f0        0x0 /usr/local/CrossPack-AVR-20120217/lib/gcc/avr/4.5.1/avr5/libgcc.a(_udivmodhi4.o)
 .text          0x000038f0        0x0 /usr/local/CrossPack-AVR-20120217/lib/gcc/avr/4.5.1/avr5/libgcc.a(_divmodhi4.o)
 .text          0x000038f0        0x0 /usr/local/CrossPack-AVR-20120217/lib/gcc/avr/4.5.1/avr5/libgcc.a(_divmodsi4.o)
 .text          0x000038f0        0x0 /usr/local/CrossPack-AVR-20120217/lib/gcc/avr/4.5.1/avr5/libgcc.a(_exit.o)
 .text          0x000038f0        0x0 /usr/local/CrossPack-AVR-20120217/lib/gcc/avr/4.5.1/avr5/libgcc.a(_copy_data.o)
 .text          0x000038f0        0x0 /usr/local/CrossPack-AVR-20120217/lib/gcc/avr/4.5.1/avr5/libgcc.a(_clear_bss.o)
 .text          0x000038f0       0x58 /usr/local/CrossPack-AVR-20120217/lib/gcc/avr/4.5.1/avr5/libgcc.a(_fixunssfsi.o)
                0x000038f0                __fixunssfsi
 .text          0x00003948      0x350 /usr/local/CrossPack-AVR-20120217/lib/gcc/avr/4.5.1/avr5/libgcc.a(_addsub_sf.o)
                0x00003bdc                __addsf3
                0x00003c36                __subsf3
 .text          0x00003c98      0x1f4 /usr/local/CrossPack-AVR-20120217/lib/gcc/avr/4.5.1/avr5/libgcc.a(_mul_sf.o)
                0x00003c98                __mulsf3
 .text          0x00003e8c      0x15c /usr/local/CrossPack-AVR-20120217/lib/gcc/avr/4.5.1/avr5/libgcc.a(_div_sf.o)
                0x00003e8c                __divsf3
 .text          0x00003fe8       0x60 /usr/local/CrossPack-AVR-20120217/lib/gcc/avr/4.5.1/avr5/libgcc.a(_gt_sf.o)
                0x00003fe8                __gtsf2
 .text          0x00004048       0x60 /usr/local/CrossPack-AVR-20120217/lib/gcc/avr/4.5.1/avr5/libgcc.a(_ge_sf.o)
                0x00004048                __gesf2
 .text          0x000040a8       0x60 /usr/local/CrossPack-AVR-20120217/lib/gcc/avr/4.5.1/avr5/libgcc.a(_lt_sf.o)
                0x000040a8                __ltsf2
 .text          0x00004108       0xc0 /usr/local/CrossPack-AVR-20120217/lib/gcc/avr/4.5.1/avr5/libgcc.a(_si_to_sf.o)
                0x00004108                __floatsisf
 .text          0x000041c8       0xa4 /usr/local/CrossPack-AVR-20120217/lib/gcc/avr/4.5.1/avr5/libgcc.a(_sf_to_si.o)
                0x000041c8                __fixsfsi
 .text          0x0000426c        0x0 /usr/local/CrossPack-AVR-20120217/lib/gcc/avr/4.5.1/avr5/libgcc.a(_thenan_sf.o)
 .text          0x0000426c       0xf0 /usr/local/CrossPack-AVR-20120217/lib/gcc/avr/4.5.1/avr5/libgcc.a(_usi_to_sf.o)
                0x0000426c                __floatunsisf
 .text          0x0000435c        0x0 /usr/local/CrossPack-AVR-20120217/lib/gcc/avr/4.5.1/avr5/libgcc.a(_udivmodsi4.o)
 .text          0x0000435c        0x0 /usr/local/CrossPack-AVR-20120217/lib/gcc/avr/4.5.1/avr5/libgcc.a(_prologue.o)
 .text          0x0000435c        0x0 /usr/local/CrossPack-AVR-20120217/lib/gcc/avr/4.5.1/avr5/libgcc.a(_epilogue.o)
 .text          0x0000435c       0xb4 /usr/local/CrossPack-AVR-20120217/lib/gcc/avr/4.5.1/avr5/libgcc.a(_clzsi2.o)
                0x0000435c                __clzsi2
 .text          0x00004410      0x19a /usr/local/CrossPack-AVR-20120217/lib/gcc/avr/4.5.1/avr5/libgcc.a(_pack_sf.o)
                0x00004410                __pack_f
 .text          0x000045aa       0xd2 /usr/local/CrossPack-AVR-20120217/lib/gcc/avr/4.5.1/avr5/libgcc.a(_unpack_sf.o)
                0x000045aa                __unpack_f
 .text          0x0000467c       0xb2 /usr/local/CrossPack-AVR-20120217/lib/gcc/avr/4.5.1/avr5/libgcc.a(_fpcmp_parts_sf.o)
                0x0000467c                __fpcmp_parts_f
 .text          0x0000472e        0x0 /usr/local/CrossPack-AVR-20120217/lib/gcc/avr/4.5.1/avr5/libgcc.a(_clz.o)
 .text          0x0000472e        0x0 /usr/local/CrossPack-AVR-20120217/lib/gcc/avr/4.5.1/../../../../avr/lib/avr5/libm.a(ceil.o)
 .text          0x0000472e        0x0 /usr/local/CrossPack-AVR-20120217/lib/gcc/avr/4.5.1/../../../../avr/lib/avr5/libm.a(fp_mintl.o)
 .text          0x0000472e        0x0 /usr/local/CrossPack-AVR-20120217/lib/gcc/avr/4.5.1/../../../../avr/lib/avr5/libm.a(fp_mpack.o)
 .text          0x0000472e        0x0 /usr/local/CrossPack-AVR-20120217/lib/gcc/avr/4.5.1/../../../../avr/lib/avr5/libm.a(fp_trunc.o)
 .text          0x0000472e        0x0 /usr/local/CrossPack-AVR-20120217/lib/gcc/avr/4.5.1/../../../../avr/lib/avr5/libm.a(fp_zero.o)
 .text          0x0000472e        0x0 /usr/local/CrossPack-AVR-20120217/lib/gcc/avr/4.5.1/../../../../avr/lib/avr5/libm.a(round.o)
 .text          0x0000472e        0x0 /usr/local/CrossPack-AVR-20120217/lib/gcc/avr/4.5.1/../../../../avr/lib/avr5/libm.a(fp_split3.o)
                0x0000472e                . = ALIGN (0x2)
 *(.text.*)
 .text.libgcc   0x0000472e       0x28 /usr/local/CrossPack-AVR-20120217/lib/gcc/avr/4.5.1/avr5/libgcc.a(_udivmodhi4.o)
                0x0000472e                __udivmodhi4
 .text.libgcc   0x00004756       0x26 /usr/local/CrossPack-AVR-20120217/lib/gcc/avr/4.5.1/avr5/libgcc.a(_divmodhi4.o)
                0x00004756                __divmodhi4
                0x00004756                _div
 .text.libgcc   0x0000477c       0x36 /usr/local/CrossPack-AVR-20120217/lib/gcc/avr/4.5.1/avr5/libgcc.a(_divmodsi4.o)
                0x0000477c                __divmodsi4
 .text.libgcc   0x000047b2        0x0 /usr/local/CrossPack-AVR-20120217/lib/gcc/avr/4.5.1/avr5/libgcc.a(_exit.o)
 .text.libgcc   0x000047b2        0x0 /usr/local/CrossPack-AVR-20120217/lib/gcc/avr/4.5.1/avr5/libgcc.a(_copy_data.o)
 .text.libgcc   0x000047b2        0x0 /usr/local/CrossPack-AVR-20120217/lib/gcc/avr/4.5.1/avr5/libgcc.a(_clear_bss.o)
 .text.libgcc   0x000047b2       0x44 /usr/local/CrossPack-AVR-20120217/lib/gcc/avr/4.5.1/avr5/libgcc.a(_udivmodsi4.o)
                0x000047b2                __udivmodsi4
 .text.libgcc   0x000047f6       0x38 /usr/local/CrossPack-AVR-20120217/lib/gcc/avr/4.5.1/avr5/libgcc.a(_prologue.o)
                0x000047f6                __prologue_saves__
 .text.libgcc   0x0000482e       0x36 /usr/local/CrossPack-AVR-20120217/lib/gcc/avr/4.5.1/avr5/libgcc.a(_epilogue.o)
                0x0000482e                __epilogue_restores__
 .text.avr-libc.fplib
                0x00004864       0x26 /usr/local/CrossPack-AVR-20120217/lib/gcc/avr/4.5.1/../../../../avr/lib/avr5/libm.a(ceil.o)
                0x00004864                ceil
 .text.avr-libc.fplib
                0x0000488a       0x36 /usr/local/CrossPack-AVR-20120217/lib/gcc/avr/4.5.1/../../../../avr/lib/avr5/libm.a(fp_mintl.o)
                0x0000488a                __fp_mintl
 .text.avr-libc.fplib
                0x000048c0       0x1c /usr/local/CrossPack-AVR-20120217/lib/gcc/avr/4.5.1/../../../../avr/lib/avr5/libm.a(fp_mpack.o)
                0x000048c0                __fp_mpack
                0x000048c4                __fp_mpack_finite
 .text.avr-libc.fplib
                0x000048dc       0x2e /usr/local/CrossPack-AVR-20120217/lib/gcc/avr/4.5.1/../../../../avr/lib/avr5/libm.a(fp_trunc.o)
                0x000048dc                __fp_trunc
 .text.avr-libc.fplib
                0x0000490a        0xe /usr/local/CrossPack-AVR-20120217/lib/gcc/avr/4.5.1/../../../../avr/lib/avr5/libm.a(fp_zero.o)
                0x0000490a                __fp_zero
                0x0000490c                __fp_szero
 .text.avr-libc.fplib
                0x00004918       0x40 /usr/local/CrossPack-AVR-20120217/lib/gcc/avr/4.5.1/../../../../avr/lib/avr5/libm.a(round.o)
                0x00004918                round
 .text.avr-libc.fplib
                0x00004958       0x44 /usr/local/CrossPack-AVR-20120217/lib/gcc/avr/4.5.1/../../../../avr/lib/avr5/libm.a(fp_split3.o)
                0x00004958                __fp_split3
                0x00004968                __fp_splitA
                0x0000499c                . = ALIGN (0x2)
 *(.fini9)
 .fini9         0x0000499c        0x0 /usr/local/CrossPack-AVR-20120217/lib/gcc/avr/4.5.1/avr5/libgcc.a(_exit.o)
                0x0000499c                exit
                0x0000499c                _exit
 *(.fini9)
 *(.fini8)
 *(.fini8)
 *(.fini7)
 *(.fini7)
 *(.fini6)
 *(.fini6)
 *(.fini5)
 *(.fini5)
 *(.fini4)
 *(.fini4)
 *(.fini3)
 *(.fini3)
 *(.fini2)
 *(.fini2)
 *(.fini1)
 *(.fini1)
 *(.fini0)
 .fini0         0x0000499c        0x4 /usr/local/CrossPack-AVR-20120217/lib/gcc/avr/4.5.1/avr5/libgcc.a(_exit.o)
 *(.fini0)
                0x000049a0                _etext = .

.data           0x00800100      0x11e load address 0x000049a0
                0x00800100                PROVIDE (__data_start, .)
 *(.data)
 .data          0x00800100        0x0 /usr/local/CrossPack-AVR-20120217/lib/gcc/avr/4.5.1/../../../../avr/lib/avr5/crtm16m1.o
 .data          0x00800100        0x0 bigmotor_main.o
 .data          0x00800100        0x1 can_msg.o
                0x00800100                size
 .data          0x00800101        0x4 calibrations.o
                0x00800101                current_1_threshold
                0x00800103                current_2_threshold
 .data          0x00800105        0x2 motor.o
 .data          0x00800107        0x0 pot.o
 .data          0x00800107        0x0 encoder.o
 .data          0x00800107        0x0 OS_Dispatch.o
 .data          0x00800107        0x4 adc.o
                0x00800107                dK
 .data          0x0080010b        0x0 ../core/can.o
 .data          0x0080010b        0x1 ../core/can_instance.o
                0x0080010b                LastReceivedInstance
 .data          0x0080010c        0x0 ../core/can_eid.o
 .data          0x0080010c        0x2 ../core/can_board_msg.o
                0x0080010c                Board_presence_delay
 .data          0x0080010e        0x0 ../core/can_buff.o
 .data          0x0080010e        0x4 ../core/leds.o
                0x0080010e                hi_low
 .data          0x00800112        0x3 ../core/pwm.o
                0x00800112                Prescaler
                0x00800113                TOP
 .data          0x00800115        0x0 ../core/bk_system_defs.o
 .data          0x00800115        0x0 ../core/OS_timers.o
 .data          0x00800115        0x0 ../core/configuration.o
 .data          0x00800115        0x0 /usr/local/CrossPack-AVR-20120217/lib/gcc/avr/4.5.1/avr5/libgcc.a(_udivmodhi4.o)
 .data          0x00800115        0x0 /usr/local/CrossPack-AVR-20120217/lib/gcc/avr/4.5.1/avr5/libgcc.a(_divmodhi4.o)
 .data          0x00800115        0x0 /usr/local/CrossPack-AVR-20120217/lib/gcc/avr/4.5.1/avr5/libgcc.a(_divmodsi4.o)
 .data          0x00800115        0x0 /usr/local/CrossPack-AVR-20120217/lib/gcc/avr/4.5.1/avr5/libgcc.a(_exit.o)
 .data          0x00800115        0x0 /usr/local/CrossPack-AVR-20120217/lib/gcc/avr/4.5.1/avr5/libgcc.a(_copy_data.o)
 .data          0x00800115        0x0 /usr/local/CrossPack-AVR-20120217/lib/gcc/avr/4.5.1/avr5/libgcc.a(_clear_bss.o)
 .data          0x00800115        0x0 /usr/local/CrossPack-AVR-20120217/lib/gcc/avr/4.5.1/avr5/libgcc.a(_fixunssfsi.o)
 .data          0x00800115        0x0 /usr/local/CrossPack-AVR-20120217/lib/gcc/avr/4.5.1/avr5/libgcc.a(_addsub_sf.o)
 .data          0x00800115        0x0 /usr/local/CrossPack-AVR-20120217/lib/gcc/avr/4.5.1/avr5/libgcc.a(_mul_sf.o)
 .data          0x00800115        0x0 /usr/local/CrossPack-AVR-20120217/lib/gcc/avr/4.5.1/avr5/libgcc.a(_div_sf.o)
 .data          0x00800115        0x0 /usr/local/CrossPack-AVR-20120217/lib/gcc/avr/4.5.1/avr5/libgcc.a(_gt_sf.o)
 .data          0x00800115        0x0 /usr/local/CrossPack-AVR-20120217/lib/gcc/avr/4.5.1/avr5/libgcc.a(_ge_sf.o)
 .data          0x00800115        0x0 /usr/local/CrossPack-AVR-20120217/lib/gcc/avr/4.5.1/avr5/libgcc.a(_lt_sf.o)
 .data          0x00800115        0x0 /usr/local/CrossPack-AVR-20120217/lib/gcc/avr/4.5.1/avr5/libgcc.a(_si_to_sf.o)
 .data          0x00800115        0x0 /usr/local/CrossPack-AVR-20120217/lib/gcc/avr/4.5.1/avr5/libgcc.a(_sf_to_si.o)
 .data          0x00800115        0x8 /usr/local/CrossPack-AVR-20120217/lib/gcc/avr/4.5.1/avr5/libgcc.a(_thenan_sf.o)
                0x00800115                __thenan_sf
 .data          0x0080011d        0x0 /usr/local/CrossPack-AVR-20120217/lib/gcc/avr/4.5.1/avr5/libgcc.a(_usi_to_sf.o)
 .data          0x0080011d        0x0 /usr/local/CrossPack-AVR-20120217/lib/gcc/avr/4.5.1/avr5/libgcc.a(_udivmodsi4.o)
 .data          0x0080011d        0x0 /usr/local/CrossPack-AVR-20120217/lib/gcc/avr/4.5.1/avr5/libgcc.a(_prologue.o)
 .data          0x0080011d        0x0 /usr/local/CrossPack-AVR-20120217/lib/gcc/avr/4.5.1/avr5/libgcc.a(_epilogue.o)
 .data          0x0080011d        0x0 /usr/local/CrossPack-AVR-20120217/lib/gcc/avr/4.5.1/avr5/libgcc.a(_clzsi2.o)
 .data          0x0080011d        0x0 /usr/local/CrossPack-AVR-20120217/lib/gcc/avr/4.5.1/avr5/libgcc.a(_pack_sf.o)
 .data          0x0080011d        0x0 /usr/local/CrossPack-AVR-20120217/lib/gcc/avr/4.5.1/avr5/libgcc.a(_unpack_sf.o)
 .data          0x0080011d        0x0 /usr/local/CrossPack-AVR-20120217/lib/gcc/avr/4.5.1/avr5/libgcc.a(_fpcmp_parts_sf.o)
 .data          0x0080011d      0x100 /usr/local/CrossPack-AVR-20120217/lib/gcc/avr/4.5.1/avr5/libgcc.a(_clz.o)
                0x0080011d                __clz_tab
 .data          0x0080021d        0x0 /usr/local/CrossPack-AVR-20120217/lib/gcc/avr/4.5.1/../../../../avr/lib/avr5/libm.a(ceil.o)
 .data          0x0080021d        0x0 /usr/local/CrossPack-AVR-20120217/lib/gcc/avr/4.5.1/../../../../avr/lib/avr5/libm.a(fp_mintl.o)
 .data          0x0080021d        0x0 /usr/local/CrossPack-AVR-20120217/lib/gcc/avr/4.5.1/../../../../avr/lib/avr5/libm.a(fp_mpack.o)
 .data          0x0080021d        0x0 /usr/local/CrossPack-AVR-20120217/lib/gcc/avr/4.5.1/../../../../avr/lib/avr5/libm.a(fp_trunc.o)
 .data          0x0080021d        0x0 /usr/local/CrossPack-AVR-20120217/lib/gcc/avr/4.5.1/../../../../avr/lib/avr5/libm.a(fp_zero.o)
 .data          0x0080021d        0x0 /usr/local/CrossPack-AVR-20120217/lib/gcc/avr/4.5.1/../../../../avr/lib/avr5/libm.a(round.o)
 .data          0x0080021d        0x0 /usr/local/CrossPack-AVR-20120217/lib/gcc/avr/4.5.1/../../../../avr/lib/avr5/libm.a(fp_split3.o)
 *(.data*)
 *(.rodata)
 *(.rodata*)
 *(.gnu.linkonce.d*)
                0x0080021e                . = ALIGN (0x2)
 *fill*         0x0080021d        0x1 00
                0x0080021e                _edata = .
                0x0080021e                PROVIDE (__data_end, .)

.bss            0x0080021e      0x126
                0x0080021e                PROVIDE (__bss_start, .)
 *(.bss)
 .bss           0x0080021e        0x0 /usr/local/CrossPack-AVR-20120217/lib/gcc/avr/4.5.1/../../../../avr/lib/avr5/crtm16m1.o
 .bss           0x0080021e        0x4 bigmotor_main.o
                0x0080021e                okay_to_read_cal
                0x0080021f                ResetReason
                0x00800220                prevPosition
 .bss           0x00800222        0x0 can_msg.o
 .bss           0x00800222       0x12 calibrations.o
                0x00800222                EndPoint1
                0x00800228                EndPoint2
                0x0080022e                Range
 .bss           0x00800234        0x5 motor.o
                0x00800234                MotorDutyRequest
                0x00800238                MotorState
 .bss           0x00800239       0x25 pot.o
                0x00800239                PotSpeed
                0x0080023d                PotAcceleration
                0x00800241                minStop
                0x00800247                maxStop
                0x0080024d                Destination
 .bss           0x0080025e       0x11 encoder.o
                0x0080025e                EncoderCountPrev
                0x00800260                EncoderSpeedPrev
                0x00800264                EncoderCount
                0x00800266                EncoderSpeed
                0x00800268                EncoderAcceleration
                0x0080026c                prev_q1
                0x0080026d                prev_q2
                0x0080026e                prev_direction
 .bss           0x0080026f        0x2 OS_Dispatch.o
                0x0080026f                t
 .bss           0x00800271       0x16 adc.o
                0x00800271                LeftCurrentSampleAvg
                0x00800275                RightCurrentSampleAvg
                0x00800279                LeftCurrentSample
                0x0080027b                RightCurrentSample
                0x0080027d                PotSample
                0x00800281                next_channel
                0x00800282                sample_counter
                0x00800283                Ioffset
 .bss           0x00800287       0x3b ../core/can.o
                0x00800287                msg1
                0x00800296                msg2
                0x008002a5                LastReceivedMsg
                0x008002b4                NewMessageReceivedFlag
                0x008002b5                TransmittedSuccesfully
                0x008002b6                data
                0x008002be                rx_call_back
                0x008002c0                tx_call_back
 .bss           0x008002c2        0xa ../core/can_instance.o
                0x008002c2                MyInstance
                0x008002c3                Confirmed
                0x008002c4                init_complete
                0x008002c5                rand_delay
                0x008002c7                rand_instance
                0x008002c8                timeout_10ms_mult
                0x008002ca                init_path
                0x008002cb                ts_state
 .bss           0x008002cc        0x0 ../core/can_eid.o
 .bss           0x008002cc        0x8 ../core/can_board_msg.o
                0x008002cc                BoardStatus
                0x008002cd                MappedBlock
                0x008002ce                Starting_Index
                0x008002cf                System_Send_Status
                0x008002d0                ShutDownState
                0x008002d1                config_call_back
                0x008002d3                Board_presence_response_type
 .bss           0x008002d4       0x5c ../core/can_buff.o
                0x008002d4                Received
                0x0080032e                RxHead
                0x0080032f                RxTail
 .bss           0x00800330        0x3 ../core/leds.o
                0x00800330                System_LED_Control
                0x00800332                LED_state
 .bss           0x00800333        0x0 ../core/pwm.o
 .bss           0x00800333        0x4 ../core/bk_system_defs.o
                0x00800333                time_delay
 .bss           0x00800337        0x8 ../core/OS_timers.o
                0x00800337                OS_Event_HSTIC_Counter
                0x00800339                OS_Event_TIC_Counter
                0x0080033b                OS_Timer_Event_Flag
                0x0080033d                OS_HighSpeedSampling
 .bss           0x0080033f        0x5 ../core/configuration.o
                0x0080033f                config_byte_1
                0x00800340                config_byte_2
                0x00800341                config_byte_3
                0x00800342                config_byte_4
                0x00800343                sys_config_byte
 .bss           0x00800344        0x0 /usr/local/CrossPack-AVR-20120217/lib/gcc/avr/4.5.1/avr5/libgcc.a(_udivmodhi4.o)
 .bss           0x00800344        0x0 /usr/local/CrossPack-AVR-20120217/lib/gcc/avr/4.5.1/avr5/libgcc.a(_divmodhi4.o)
 .bss           0x00800344        0x0 /usr/local/CrossPack-AVR-20120217/lib/gcc/avr/4.5.1/avr5/libgcc.a(_divmodsi4.o)
 .bss           0x00800344        0x0 /usr/local/CrossPack-AVR-20120217/lib/gcc/avr/4.5.1/avr5/libgcc.a(_exit.o)
 .bss           0x00800344        0x0 /usr/local/CrossPack-AVR-20120217/lib/gcc/avr/4.5.1/avr5/libgcc.a(_copy_data.o)
 .bss           0x00800344        0x0 /usr/local/CrossPack-AVR-20120217/lib/gcc/avr/4.5.1/avr5/libgcc.a(_clear_bss.o)
 .bss           0x00800344        0x0 /usr/local/CrossPack-AVR-20120217/lib/gcc/avr/4.5.1/avr5/libgcc.a(_fixunssfsi.o)
 .bss           0x00800344        0x0 /usr/local/CrossPack-AVR-20120217/lib/gcc/avr/4.5.1/avr5/libgcc.a(_addsub_sf.o)
 .bss           0x00800344        0x0 /usr/local/CrossPack-AVR-20120217/lib/gcc/avr/4.5.1/avr5/libgcc.a(_mul_sf.o)
 .bss           0x00800344        0x0 /usr/local/CrossPack-AVR-20120217/lib/gcc/avr/4.5.1/avr5/libgcc.a(_div_sf.o)
 .bss           0x00800344        0x0 /usr/local/CrossPack-AVR-20120217/lib/gcc/avr/4.5.1/avr5/libgcc.a(_gt_sf.o)
 .bss           0x00800344        0x0 /usr/local/CrossPack-AVR-20120217/lib/gcc/avr/4.5.1/avr5/libgcc.a(_ge_sf.o)
 .bss           0x00800344        0x0 /usr/local/CrossPack-AVR-20120217/lib/gcc/avr/4.5.1/avr5/libgcc.a(_lt_sf.o)
 .bss           0x00800344        0x0 /usr/local/CrossPack-AVR-20120217/lib/gcc/avr/4.5.1/avr5/libgcc.a(_si_to_sf.o)
 .bss           0x00800344        0x0 /usr/local/CrossPack-AVR-20120217/lib/gcc/avr/4.5.1/avr5/libgcc.a(_sf_to_si.o)
 .bss           0x00800344        0x0 /usr/local/CrossPack-AVR-20120217/lib/gcc/avr/4.5.1/avr5/libgcc.a(_thenan_sf.o)
 .bss           0x00800344        0x0 /usr/local/CrossPack-AVR-20120217/lib/gcc/avr/4.5.1/avr5/libgcc.a(_usi_to_sf.o)
 .bss           0x00800344        0x0 /usr/local/CrossPack-AVR-20120217/lib/gcc/avr/4.5.1/avr5/libgcc.a(_udivmodsi4.o)
 .bss           0x00800344        0x0 /usr/local/CrossPack-AVR-20120217/lib/gcc/avr/4.5.1/avr5/libgcc.a(_prologue.o)
 .bss           0x00800344        0x0 /usr/local/CrossPack-AVR-20120217/lib/gcc/avr/4.5.1/avr5/libgcc.a(_epilogue.o)
 .bss           0x00800344        0x0 /usr/local/CrossPack-AVR-20120217/lib/gcc/avr/4.5.1/avr5/libgcc.a(_clzsi2.o)
 .bss           0x00800344        0x0 /usr/local/CrossPack-AVR-20120217/lib/gcc/avr/4.5.1/avr5/libgcc.a(_pack_sf.o)
 .bss           0x00800344        0x0 /usr/local/CrossPack-AVR-20120217/lib/gcc/avr/4.5.1/avr5/libgcc.a(_unpack_sf.o)
 .bss           0x00800344        0x0 /usr/local/CrossPack-AVR-20120217/lib/gcc/avr/4.5.1/avr5/libgcc.a(_fpcmp_parts_sf.o)
 .bss           0x00800344        0x0 /usr/local/CrossPack-AVR-20120217/lib/gcc/avr/4.5.1/avr5/libgcc.a(_clz.o)
 .bss           0x00800344        0x0 /usr/local/CrossPack-AVR-20120217/lib/gcc/avr/4.5.1/../../../../avr/lib/avr5/libm.a(ceil.o)
 .bss           0x00800344        0x0 /usr/local/CrossPack-AVR-20120217/lib/gcc/avr/4.5.1/../../../../avr/lib/avr5/libm.a(fp_mintl.o)
 .bss           0x00800344        0x0 /usr/local/CrossPack-AVR-20120217/lib/gcc/avr/4.5.1/../../../../avr/lib/avr5/libm.a(fp_mpack.o)
 .bss           0x00800344        0x0 /usr/local/CrossPack-AVR-20120217/lib/gcc/avr/4.5.1/../../../../avr/lib/avr5/libm.a(fp_trunc.o)
 .bss           0x00800344        0x0 /usr/local/CrossPack-AVR-20120217/lib/gcc/avr/4.5.1/../../../../avr/lib/avr5/libm.a(fp_zero.o)
 .bss           0x00800344        0x0 /usr/local/CrossPack-AVR-20120217/lib/gcc/avr/4.5.1/../../../../avr/lib/avr5/libm.a(round.o)
 .bss           0x00800344        0x0 /usr/local/CrossPack-AVR-20120217/lib/gcc/avr/4.5.1/../../../../avr/lib/avr5/libm.a(fp_split3.o)
 *(.bss*)
 *(COMMON)
                0x00800344                PROVIDE (__bss_end, .)
                0x000049a0                __data_load_start = LOADADDR (.data)
                0x00004abe                __data_load_end = (__data_load_start + SIZEOF (.data))

.noinit         0x00800344        0x0
                0x00800344                PROVIDE (__noinit_start, .)
 *(.noinit*)
                0x00800344                PROVIDE (__noinit_end, .)
                0x00800344                _end = .
                0x00800344                PROVIDE (__heap_start, .)

.eeprom         0x00810000        0x0
 *(.eeprom*)
                0x00810000                __eeprom_end = .

.fuse
 *(.fuse)
 *(.lfuse)
 *(.hfuse)
 *(.efuse)

.lock
 *(.lock*)

.signature
 *(.signature*)

.stab           0x00000000      0xf90
 *(.stab)
 .stab          0x00000000      0x6cc /usr/local/CrossPack-AVR-20120217/lib/gcc/avr/4.5.1/../../../../avr/lib/avr5/crtm16m1.o
 .stab          0x000006cc      0x114 /usr/local/CrossPack-AVR-20120217/lib/gcc/avr/4.5.1/../../../../avr/lib/avr5/libm.a(ceil.o)
                                0x120 (size before relaxing)
 .stab          0x000007e0      0x174 /usr/local/CrossPack-AVR-20120217/lib/gcc/avr/4.5.1/../../../../avr/lib/avr5/libm.a(fp_mintl.o)
                                0x180 (size before relaxing)
 .stab          0x00000954       0xe4 /usr/local/CrossPack-AVR-20120217/lib/gcc/avr/4.5.1/../../../../avr/lib/avr5/libm.a(fp_mpack.o)
                                 0xf0 (size before relaxing)
 .stab          0x00000a38      0x144 /usr/local/CrossPack-AVR-20120217/lib/gcc/avr/4.5.1/../../../../avr/lib/avr5/libm.a(fp_trunc.o)
                                0x150 (size before relaxing)
 .stab          0x00000b7c       0x90 /usr/local/CrossPack-AVR-20120217/lib/gcc/avr/4.5.1/../../../../avr/lib/avr5/libm.a(fp_zero.o)
                                 0x9c (size before relaxing)
 .stab          0x00000c0c      0x1b0 /usr/local/CrossPack-AVR-20120217/lib/gcc/avr/4.5.1/../../../../avr/lib/avr5/libm.a(round.o)
                                0x1bc (size before relaxing)
 .stab          0x00000dbc      0x1d4 /usr/local/CrossPack-AVR-20120217/lib/gcc/avr/4.5.1/../../../../avr/lib/avr5/libm.a(fp_split3.o)
                                0x1e0 (size before relaxing)

.stabstr        0x00000000      0x2fe
 *(.stabstr)
 .stabstr       0x00000000      0x2fe /usr/local/CrossPack-AVR-20120217/lib/gcc/avr/4.5.1/../../../../avr/lib/avr5/crtm16m1.o

.stab.excl
 *(.stab.excl)

.stab.exclstr
 *(.stab.exclstr)

.stab.index
 *(.stab.index)

.stab.indexstr
 *(.stab.indexstr)

.comment
 *(.comment)

.debug
 *(.debug)

.line
 *(.line)

.debug_srcinfo
 *(.debug_srcinfo)

.debug_sfnames
 *(.debug_sfnames)

.debug_aranges  0x00000000      0x400
 *(.debug_aranges)
 .debug_aranges
                0x00000000       0x20 bigmotor_main.o
 .debug_aranges
                0x00000020       0x20 can_msg.o
 .debug_aranges
                0x00000040       0x20 calibrations.o
 .debug_aranges
                0x00000060       0x20 motor.o
 .debug_aranges
                0x00000080       0x20 pot.o
 .debug_aranges
                0x000000a0       0x20 encoder.o
 .debug_aranges
                0x000000c0       0x20 OS_Dispatch.o
 .debug_aranges
                0x000000e0       0x20 adc.o
 .debug_aranges
                0x00000100       0x20 ../core/can.o
 .debug_aranges
                0x00000120       0x20 ../core/can_instance.o
 .debug_aranges
                0x00000140       0x20 ../core/can_eid.o
 .debug_aranges
                0x00000160       0x20 ../core/can_board_msg.o
 .debug_aranges
                0x00000180       0x20 ../core/can_buff.o
 .debug_aranges
                0x000001a0       0x20 ../core/leds.o
 .debug_aranges
                0x000001c0       0x20 ../core/pwm.o
 .debug_aranges
                0x000001e0       0x20 ../core/bk_system_defs.o
 .debug_aranges
                0x00000200       0x20 ../core/OS_timers.o
 .debug_aranges
                0x00000220       0x20 ../core/configuration.o
 .debug_aranges
                0x00000240       0x20 /usr/local/CrossPack-AVR-20120217/lib/gcc/avr/4.5.1/avr5/libgcc.a(_fixunssfsi.o)
 .debug_aranges
                0x00000260       0x20 /usr/local/CrossPack-AVR-20120217/lib/gcc/avr/4.5.1/avr5/libgcc.a(_addsub_sf.o)
 .debug_aranges
                0x00000280       0x20 /usr/local/CrossPack-AVR-20120217/lib/gcc/avr/4.5.1/avr5/libgcc.a(_mul_sf.o)
 .debug_aranges
                0x000002a0       0x20 /usr/local/CrossPack-AVR-20120217/lib/gcc/avr/4.5.1/avr5/libgcc.a(_div_sf.o)
 .debug_aranges
                0x000002c0       0x20 /usr/local/CrossPack-AVR-20120217/lib/gcc/avr/4.5.1/avr5/libgcc.a(_gt_sf.o)
 .debug_aranges
                0x000002e0       0x20 /usr/local/CrossPack-AVR-20120217/lib/gcc/avr/4.5.1/avr5/libgcc.a(_ge_sf.o)
 .debug_aranges
                0x00000300       0x20 /usr/local/CrossPack-AVR-20120217/lib/gcc/avr/4.5.1/avr5/libgcc.a(_lt_sf.o)
 .debug_aranges
                0x00000320       0x20 /usr/local/CrossPack-AVR-20120217/lib/gcc/avr/4.5.1/avr5/libgcc.a(_si_to_sf.o)
 .debug_aranges
                0x00000340       0x20 /usr/local/CrossPack-AVR-20120217/lib/gcc/avr/4.5.1/avr5/libgcc.a(_sf_to_si.o)
 .debug_aranges
                0x00000360       0x20 /usr/local/CrossPack-AVR-20120217/lib/gcc/avr/4.5.1/avr5/libgcc.a(_usi_to_sf.o)
 .debug_aranges
                0x00000380       0x20 /usr/local/CrossPack-AVR-20120217/lib/gcc/avr/4.5.1/avr5/libgcc.a(_clzsi2.o)
 .debug_aranges
                0x000003a0       0x20 /usr/local/CrossPack-AVR-20120217/lib/gcc/avr/4.5.1/avr5/libgcc.a(_pack_sf.o)
 .debug_aranges
                0x000003c0       0x20 /usr/local/CrossPack-AVR-20120217/lib/gcc/avr/4.5.1/avr5/libgcc.a(_unpack_sf.o)
 .debug_aranges
                0x000003e0       0x20 /usr/local/CrossPack-AVR-20120217/lib/gcc/avr/4.5.1/avr5/libgcc.a(_fpcmp_parts_sf.o)

.debug_pubnames
                0x00000000     0x18fd
 *(.debug_pubnames)
 .debug_pubnames
                0x00000000       0xd1 bigmotor_main.o
 .debug_pubnames
                0x000000d1      0x1fd can_msg.o
 .debug_pubnames
                0x000002ce      0x18b calibrations.o
 .debug_pubnames
                0x00000459      0x11c motor.o
 .debug_pubnames
                0x00000575      0x252 pot.o
 .debug_pubnames
                0x000007c7      0x102 encoder.o
 .debug_pubnames
                0x000008c9       0x28 OS_Dispatch.o
 .debug_pubnames
                0x000008f1      0x15f adc.o
 .debug_pubnames
                0x00000a50      0x2d1 ../core/can.o
 .debug_pubnames
                0x00000d21      0x187 ../core/can_instance.o
 .debug_pubnames
                0x00000ea8       0x9c ../core/can_eid.o
 .debug_pubnames
                0x00000f44      0x1d7 ../core/can_board_msg.o
 .debug_pubnames
                0x0000111b       0xcc ../core/can_buff.o
 .debug_pubnames
                0x000011e7      0x133 ../core/leds.o
 .debug_pubnames
                0x0000131a       0xf7 ../core/pwm.o
 .debug_pubnames
                0x00001411       0x39 ../core/bk_system_defs.o
 .debug_pubnames
                0x0000144a       0xe3 ../core/OS_timers.o
 .debug_pubnames
                0x0000152d      0x1bc ../core/configuration.o
 .debug_pubnames
                0x000016e9       0x23 /usr/local/CrossPack-AVR-20120217/lib/gcc/avr/4.5.1/avr5/libgcc.a(_fixunssfsi.o)
 .debug_pubnames
                0x0000170c       0x2c /usr/local/CrossPack-AVR-20120217/lib/gcc/avr/4.5.1/avr5/libgcc.a(_addsub_sf.o)
 .debug_pubnames
                0x00001738       0x1f /usr/local/CrossPack-AVR-20120217/lib/gcc/avr/4.5.1/avr5/libgcc.a(_mul_sf.o)
 .debug_pubnames
                0x00001757       0x1f /usr/local/CrossPack-AVR-20120217/lib/gcc/avr/4.5.1/avr5/libgcc.a(_div_sf.o)
 .debug_pubnames
                0x00001776       0x1e /usr/local/CrossPack-AVR-20120217/lib/gcc/avr/4.5.1/avr5/libgcc.a(_gt_sf.o)
 .debug_pubnames
                0x00001794       0x1e /usr/local/CrossPack-AVR-20120217/lib/gcc/avr/4.5.1/avr5/libgcc.a(_ge_sf.o)
 .debug_pubnames
                0x000017b2       0x1e /usr/local/CrossPack-AVR-20120217/lib/gcc/avr/4.5.1/avr5/libgcc.a(_lt_sf.o)
 .debug_pubnames
                0x000017d0       0x22 /usr/local/CrossPack-AVR-20120217/lib/gcc/avr/4.5.1/avr5/libgcc.a(_si_to_sf.o)
 .debug_pubnames
                0x000017f2       0x20 /usr/local/CrossPack-AVR-20120217/lib/gcc/avr/4.5.1/avr5/libgcc.a(_sf_to_si.o)
 .debug_pubnames
                0x00001812       0x22 /usr/local/CrossPack-AVR-20120217/lib/gcc/avr/4.5.1/avr5/libgcc.a(_thenan_sf.o)
 .debug_pubnames
                0x00001834       0x24 /usr/local/CrossPack-AVR-20120217/lib/gcc/avr/4.5.1/avr5/libgcc.a(_usi_to_sf.o)
 .debug_pubnames
                0x00001858       0x1f /usr/local/CrossPack-AVR-20120217/lib/gcc/avr/4.5.1/avr5/libgcc.a(_clzsi2.o)
 .debug_pubnames
                0x00001877       0x1f /usr/local/CrossPack-AVR-20120217/lib/gcc/avr/4.5.1/avr5/libgcc.a(_pack_sf.o)
 .debug_pubnames
                0x00001896       0x21 /usr/local/CrossPack-AVR-20120217/lib/gcc/avr/4.5.1/avr5/libgcc.a(_unpack_sf.o)
 .debug_pubnames
                0x000018b7       0x26 /usr/local/CrossPack-AVR-20120217/lib/gcc/avr/4.5.1/avr5/libgcc.a(_fpcmp_parts_sf.o)
 .debug_pubnames
                0x000018dd       0x20 /usr/local/CrossPack-AVR-20120217/lib/gcc/avr/4.5.1/avr5/libgcc.a(_clz.o)

.debug_info     0x00000000     0x84b3
 *(.debug_info)
 .debug_info    0x00000000      0x4ed bigmotor_main.o
 .debug_info    0x000004ed      0xc85 can_msg.o
 .debug_info    0x00001172      0x774 calibrations.o
 .debug_info    0x000018e6      0x5f9 motor.o
 .debug_info    0x00001edf      0x6d2 pot.o
 .debug_info    0x000025b1      0x1b9 encoder.o
 .debug_info    0x0000276a      0x11d OS_Dispatch.o
 .debug_info    0x00002887      0x2e8 adc.o
 .debug_info    0x00002b6f      0xd3b ../core/can.o
 .debug_info    0x000038aa      0x4e0 ../core/can_instance.o
 .debug_info    0x00003d8a      0x34c ../core/can_eid.o
 .debug_info    0x000040d6      0x5b9 ../core/can_board_msg.o
 .debug_info    0x0000468f      0x4b1 ../core/can_buff.o
 .debug_info    0x00004b40      0x463 ../core/leds.o
 .debug_info    0x00004fa3      0x540 ../core/pwm.o
 .debug_info    0x000054e3       0xc0 ../core/bk_system_defs.o
 .debug_info    0x000055a3      0x177 ../core/OS_timers.o
 .debug_info    0x0000571a      0x826 ../core/configuration.o
 .debug_info    0x00005f40       0xbd /usr/local/CrossPack-AVR-20120217/lib/gcc/avr/4.5.1/avr5/libgcc.a(_fixunssfsi.o)
 .debug_info    0x00005ffd      0x455 /usr/local/CrossPack-AVR-20120217/lib/gcc/avr/4.5.1/avr5/libgcc.a(_addsub_sf.o)
 .debug_info    0x00006452      0x3ec /usr/local/CrossPack-AVR-20120217/lib/gcc/avr/4.5.1/avr5/libgcc.a(_mul_sf.o)
 .debug_info    0x0000683e      0x37f /usr/local/CrossPack-AVR-20120217/lib/gcc/avr/4.5.1/avr5/libgcc.a(_div_sf.o)
 .debug_info    0x00006bbd      0x28a /usr/local/CrossPack-AVR-20120217/lib/gcc/avr/4.5.1/avr5/libgcc.a(_gt_sf.o)
 .debug_info    0x00006e47      0x28a /usr/local/CrossPack-AVR-20120217/lib/gcc/avr/4.5.1/avr5/libgcc.a(_ge_sf.o)
 .debug_info    0x000070d1      0x28a /usr/local/CrossPack-AVR-20120217/lib/gcc/avr/4.5.1/avr5/libgcc.a(_lt_sf.o)
 .debug_info    0x0000735b      0x22f /usr/local/CrossPack-AVR-20120217/lib/gcc/avr/4.5.1/avr5/libgcc.a(_si_to_sf.o)
 .debug_info    0x0000758a      0x2a5 /usr/local/CrossPack-AVR-20120217/lib/gcc/avr/4.5.1/avr5/libgcc.a(_sf_to_si.o)
 .debug_info    0x0000782f      0x15e /usr/local/CrossPack-AVR-20120217/lib/gcc/avr/4.5.1/avr5/libgcc.a(_thenan_sf.o)
 .debug_info    0x0000798d      0x232 /usr/local/CrossPack-AVR-20120217/lib/gcc/avr/4.5.1/avr5/libgcc.a(_usi_to_sf.o)
 .debug_info    0x00007bbf      0x12c /usr/local/CrossPack-AVR-20120217/lib/gcc/avr/4.5.1/avr5/libgcc.a(_clzsi2.o)
 .debug_info    0x00007ceb      0x2d5 /usr/local/CrossPack-AVR-20120217/lib/gcc/avr/4.5.1/avr5/libgcc.a(_pack_sf.o)
 .debug_info    0x00007fc0      0x25c /usr/local/CrossPack-AVR-20120217/lib/gcc/avr/4.5.1/avr5/libgcc.a(_unpack_sf.o)
 .debug_info    0x0000821c      0x1f1 /usr/local/CrossPack-AVR-20120217/lib/gcc/avr/4.5.1/avr5/libgcc.a(_fpcmp_parts_sf.o)
 .debug_info    0x0000840d       0xa6 /usr/local/CrossPack-AVR-20120217/lib/gcc/avr/4.5.1/avr5/libgcc.a(_clz.o)
 *(.gnu.linkonce.wi.*)

.debug_abbrev   0x00000000     0x3255
 *(.debug_abbrev)
 .debug_abbrev  0x00000000      0x1ca bigmotor_main.o
 .debug_abbrev  0x000001ca      0x2ff can_msg.o
 .debug_abbrev  0x000004c9      0x243 calibrations.o
 .debug_abbrev  0x0000070c      0x23b motor.o
 .debug_abbrev  0x00000947      0x200 pot.o
 .debug_abbrev  0x00000b47       0xa3 encoder.o
 .debug_abbrev  0x00000bea       0x9c OS_Dispatch.o
 .debug_abbrev  0x00000c86      0x12e adc.o
 .debug_abbrev  0x00000db4      0x32e ../core/can.o
 .debug_abbrev  0x000010e2      0x1fc ../core/can_instance.o
 .debug_abbrev  0x000012de       0xef ../core/can_eid.o
 .debug_abbrev  0x000013cd      0x221 ../core/can_board_msg.o
 .debug_abbrev  0x000015ee      0x1f4 ../core/can_buff.o
 .debug_abbrev  0x000017e2      0x16e ../core/leds.o
 .debug_abbrev  0x00001950      0x1a0 ../core/pwm.o
 .debug_abbrev  0x00001af0       0x7f ../core/bk_system_defs.o
 .debug_abbrev  0x00001b6f       0xbf ../core/OS_timers.o
 .debug_abbrev  0x00001c2e      0x274 ../core/configuration.o
 .debug_abbrev  0x00001ea2       0x5d /usr/local/CrossPack-AVR-20120217/lib/gcc/avr/4.5.1/avr5/libgcc.a(_fixunssfsi.o)
 .debug_abbrev  0x00001eff      0x1af /usr/local/CrossPack-AVR-20120217/lib/gcc/avr/4.5.1/avr5/libgcc.a(_addsub_sf.o)
 .debug_abbrev  0x000020ae      0x1d9 /usr/local/CrossPack-AVR-20120217/lib/gcc/avr/4.5.1/avr5/libgcc.a(_mul_sf.o)
 .debug_abbrev  0x00002287      0x1c4 /usr/local/CrossPack-AVR-20120217/lib/gcc/avr/4.5.1/avr5/libgcc.a(_div_sf.o)
 .debug_abbrev  0x0000244b      0x151 /usr/local/CrossPack-AVR-20120217/lib/gcc/avr/4.5.1/avr5/libgcc.a(_gt_sf.o)
 .debug_abbrev  0x0000259c      0x151 /usr/local/CrossPack-AVR-20120217/lib/gcc/avr/4.5.1/avr5/libgcc.a(_ge_sf.o)
 .debug_abbrev  0x000026ed      0x151 /usr/local/CrossPack-AVR-20120217/lib/gcc/avr/4.5.1/avr5/libgcc.a(_lt_sf.o)
 .debug_abbrev  0x0000283e      0x162 /usr/local/CrossPack-AVR-20120217/lib/gcc/avr/4.5.1/avr5/libgcc.a(_si_to_sf.o)
 .debug_abbrev  0x000029a0      0x160 /usr/local/CrossPack-AVR-20120217/lib/gcc/avr/4.5.1/avr5/libgcc.a(_sf_to_si.o)
 .debug_abbrev  0x00002b00       0xcb /usr/local/CrossPack-AVR-20120217/lib/gcc/avr/4.5.1/avr5/libgcc.a(_thenan_sf.o)
 .debug_abbrev  0x00002bcb      0x173 /usr/local/CrossPack-AVR-20120217/lib/gcc/avr/4.5.1/avr5/libgcc.a(_usi_to_sf.o)
 .debug_abbrev  0x00002d3e       0xce /usr/local/CrossPack-AVR-20120217/lib/gcc/avr/4.5.1/avr5/libgcc.a(_clzsi2.o)
 .debug_abbrev  0x00002e0c      0x192 /usr/local/CrossPack-AVR-20120217/lib/gcc/avr/4.5.1/avr5/libgcc.a(_pack_sf.o)
 .debug_abbrev  0x00002f9e      0x14b /usr/local/CrossPack-AVR-20120217/lib/gcc/avr/4.5.1/avr5/libgcc.a(_unpack_sf.o)
 .debug_abbrev  0x000030e9      0x10b /usr/local/CrossPack-AVR-20120217/lib/gcc/avr/4.5.1/avr5/libgcc.a(_fpcmp_parts_sf.o)
 .debug_abbrev  0x000031f4       0x61 /usr/local/CrossPack-AVR-20120217/lib/gcc/avr/4.5.1/avr5/libgcc.a(_clz.o)

.debug_line     0x00000000     0x5ba3
 *(.debug_line)
 .debug_line    0x00000000      0x39d bigmotor_main.o
 .debug_line    0x0000039d      0x85f can_msg.o
 .debug_line    0x00000bfc      0x60e calibrations.o
 .debug_line    0x0000120a      0x443 motor.o
 .debug_line    0x0000164d      0x5b7 pot.o
 .debug_line    0x00001c04      0x133 encoder.o
 .debug_line    0x00001d37       0xc7 OS_Dispatch.o
 .debug_line    0x00001dfe      0x234 adc.o
 .debug_line    0x00002032      0xa0f ../core/can.o
 .debug_line    0x00002a41      0x3f6 ../core/can_instance.o
 .debug_line    0x00002e37      0x149 ../core/can_eid.o
 .debug_line    0x00002f80      0x622 ../core/can_board_msg.o
 .debug_line    0x000035a2      0x2a5 ../core/can_buff.o
 .debug_line    0x00003847      0x34a ../core/leds.o
 .debug_line    0x00003b91      0x3de ../core/pwm.o
 .debug_line    0x00003f6f       0xc2 ../core/bk_system_defs.o
 .debug_line    0x00004031      0x1aa ../core/OS_timers.o
 .debug_line    0x000041db      0x61f ../core/configuration.o
 .debug_line    0x000047fa       0x9d /usr/local/CrossPack-AVR-20120217/lib/gcc/avr/4.5.1/avr5/libgcc.a(_fixunssfsi.o)
 .debug_line    0x00004897      0x2c2 /usr/local/CrossPack-AVR-20120217/lib/gcc/avr/4.5.1/avr5/libgcc.a(_addsub_sf.o)
 .debug_line    0x00004b59      0x25e /usr/local/CrossPack-AVR-20120217/lib/gcc/avr/4.5.1/avr5/libgcc.a(_mul_sf.o)
 .debug_line    0x00004db7      0x1e4 /usr/local/CrossPack-AVR-20120217/lib/gcc/avr/4.5.1/avr5/libgcc.a(_div_sf.o)
 .debug_line    0x00004f9b       0xd9 /usr/local/CrossPack-AVR-20120217/lib/gcc/avr/4.5.1/avr5/libgcc.a(_gt_sf.o)
 .debug_line    0x00005074       0xd9 /usr/local/CrossPack-AVR-20120217/lib/gcc/avr/4.5.1/avr5/libgcc.a(_ge_sf.o)
 .debug_line    0x0000514d       0xd9 /usr/local/CrossPack-AVR-20120217/lib/gcc/avr/4.5.1/avr5/libgcc.a(_lt_sf.o)
 .debug_line    0x00005226      0x121 /usr/local/CrossPack-AVR-20120217/lib/gcc/avr/4.5.1/avr5/libgcc.a(_si_to_sf.o)
 .debug_line    0x00005347      0x113 /usr/local/CrossPack-AVR-20120217/lib/gcc/avr/4.5.1/avr5/libgcc.a(_sf_to_si.o)
 .debug_line    0x0000545a       0x86 /usr/local/CrossPack-AVR-20120217/lib/gcc/avr/4.5.1/avr5/libgcc.a(_thenan_sf.o)
 .debug_line    0x000054e0      0x12f /usr/local/CrossPack-AVR-20120217/lib/gcc/avr/4.5.1/avr5/libgcc.a(_usi_to_sf.o)
 .debug_line    0x0000560f       0xc3 /usr/local/CrossPack-AVR-20120217/lib/gcc/avr/4.5.1/avr5/libgcc.a(_clzsi2.o)
 .debug_line    0x000056d2      0x1c9 /usr/local/CrossPack-AVR-20120217/lib/gcc/avr/4.5.1/avr5/libgcc.a(_pack_sf.o)
 .debug_line    0x0000589b      0x149 /usr/local/CrossPack-AVR-20120217/lib/gcc/avr/4.5.1/avr5/libgcc.a(_unpack_sf.o)
 .debug_line    0x000059e4      0x14d /usr/local/CrossPack-AVR-20120217/lib/gcc/avr/4.5.1/avr5/libgcc.a(_fpcmp_parts_sf.o)
 .debug_line    0x00005b31       0x72 /usr/local/CrossPack-AVR-20120217/lib/gcc/avr/4.5.1/avr5/libgcc.a(_clz.o)

.debug_frame    0x00000000      0xf10
 *(.debug_frame)
 .debug_frame   0x00000000       0x70 bigmotor_main.o
 .debug_frame   0x00000070      0x140 can_msg.o
 .debug_frame   0x000001b0       0xd0 calibrations.o
 .debug_frame   0x00000280       0xd0 motor.o
 .debug_frame   0x00000350      0x180 pot.o
 .debug_frame   0x000004d0       0x60 encoder.o
 .debug_frame   0x00000530       0x20 OS_Dispatch.o
 .debug_frame   0x00000550       0x90 adc.o
 .debug_frame   0x000005e0      0x1c0 ../core/can.o
 .debug_frame   0x000007a0       0x90 ../core/can_instance.o
 .debug_frame   0x00000830       0xa0 ../core/can_eid.o
 .debug_frame   0x000008d0       0xa0 ../core/can_board_msg.o
 .debug_frame   0x00000970       0x90 ../core/can_buff.o
 .debug_frame   0x00000a00       0xe0 ../core/leds.o
 .debug_frame   0x00000ae0       0xd0 ../core/pwm.o
 .debug_frame   0x00000bb0       0x30 ../core/bk_system_defs.o
 .debug_frame   0x00000be0       0x70 ../core/OS_timers.o
 .debug_frame   0x00000c50       0xe0 ../core/configuration.o
 .debug_frame   0x00000d30       0x20 /usr/local/CrossPack-AVR-20120217/lib/gcc/avr/4.5.1/avr5/libgcc.a(_fixunssfsi.o)
 .debug_frame   0x00000d50       0x40 /usr/local/CrossPack-AVR-20120217/lib/gcc/avr/4.5.1/avr5/libgcc.a(_addsub_sf.o)
 .debug_frame   0x00000d90       0x20 /usr/local/CrossPack-AVR-20120217/lib/gcc/avr/4.5.1/avr5/libgcc.a(_mul_sf.o)
 .debug_frame   0x00000db0       0x20 /usr/local/CrossPack-AVR-20120217/lib/gcc/avr/4.5.1/avr5/libgcc.a(_div_sf.o)
 .debug_frame   0x00000dd0       0x20 /usr/local/CrossPack-AVR-20120217/lib/gcc/avr/4.5.1/avr5/libgcc.a(_gt_sf.o)
 .debug_frame   0x00000df0       0x20 /usr/local/CrossPack-AVR-20120217/lib/gcc/avr/4.5.1/avr5/libgcc.a(_ge_sf.o)
 .debug_frame   0x00000e10       0x20 /usr/local/CrossPack-AVR-20120217/lib/gcc/avr/4.5.1/avr5/libgcc.a(_lt_sf.o)
 .debug_frame   0x00000e30       0x20 /usr/local/CrossPack-AVR-20120217/lib/gcc/avr/4.5.1/avr5/libgcc.a(_si_to_sf.o)
 .debug_frame   0x00000e50       0x20 /usr/local/CrossPack-AVR-20120217/lib/gcc/avr/4.5.1/avr5/libgcc.a(_sf_to_si.o)
 .debug_frame   0x00000e70       0x20 /usr/local/CrossPack-AVR-20120217/lib/gcc/avr/4.5.1/avr5/libgcc.a(_usi_to_sf.o)
 .debug_frame   0x00000e90       0x20 /usr/local/CrossPack-AVR-20120217/lib/gcc/avr/4.5.1/avr5/libgcc.a(_clzsi2.o)
 .debug_frame   0x00000eb0       0x20 /usr/local/CrossPack-AVR-20120217/lib/gcc/avr/4.5.1/avr5/libgcc.a(_pack_sf.o)
 .debug_frame   0x00000ed0       0x20 /usr/local/CrossPack-AVR-20120217/lib/gcc/avr/4.5.1/avr5/libgcc.a(_unpack_sf.o)
 .debug_frame   0x00000ef0       0x20 /usr/local/CrossPack-AVR-20120217/lib/gcc/avr/4.5.1/avr5/libgcc.a(_fpcmp_parts_sf.o)

.debug_str      0x00000000     0x29ff
 *(.debug_str)
 .debug_str     0x00000000      0x294 bigmotor_main.o
                                0x2f3 (size before relaxing)
 .debug_str     0x00000294      0x585 can_msg.o
                                0x778 (size before relaxing)
 .debug_str     0x00000819      0x281 calibrations.o
                                0x42a (size before relaxing)
 .debug_str     0x00000a9a      0x212 motor.o
                                0x442 (size before relaxing)
 .debug_str     0x00000cac      0x3cd pot.o
                                0x5ba (size before relaxing)
 .debug_str     0x00001079       0xed encoder.o
                                0x1f5 (size before relaxing)
 .debug_str     0x00001166       0x40 OS_Dispatch.o
                                0x16a (size before relaxing)
 .debug_str     0x000011a6      0x185 adc.o
                                0x2e2 (size before relaxing)
 .debug_str     0x0000132b      0x487 ../core/can.o
                                0x6bf (size before relaxing)
 .debug_str     0x000017b2      0x232 ../core/can_instance.o
                                0x48f (size before relaxing)
 .debug_str     0x000019e4      0x139 ../core/can_eid.o
                                0x258 (size before relaxing)
 .debug_str     0x00001b1d      0x2d4 ../core/can_board_msg.o
                                0x5b3 (size before relaxing)
 .debug_str     0x00001df1      0x16a ../core/can_buff.o
                                0x3ba (size before relaxing)
 .debug_str     0x00001f5b      0x208 ../core/leds.o
                                0x367 (size before relaxing)
 .debug_str     0x00002163      0x1ac ../core/pwm.o
                                0x27c (size before relaxing)
 .debug_str     0x0000230f       0x4d ../core/bk_system_defs.o
                                0x110 (size before relaxing)
 .debug_str     0x0000235c       0xf8 ../core/OS_timers.o
                                0x1e7 (size before relaxing)
 .debug_str     0x00002454      0x2a9 ../core/configuration.o
                                0x5b9 (size before relaxing)
 .debug_str     0x000026fd       0xc2 /usr/local/CrossPack-AVR-20120217/lib/gcc/avr/4.5.1/avr5/libgcc.a(_fixunssfsi.o)
                                0x13b (size before relaxing)
 .debug_str     0x000027bf      0x145 /usr/local/CrossPack-AVR-20120217/lib/gcc/avr/4.5.1/avr5/libgcc.a(_addsub_sf.o)
                                0x24e (size before relaxing)
 .debug_str     0x00002904       0x27 /usr/local/CrossPack-AVR-20120217/lib/gcc/avr/4.5.1/avr5/libgcc.a(_mul_sf.o)
                                0x207 (size before relaxing)
 .debug_str     0x0000292b       0x35 /usr/local/CrossPack-AVR-20120217/lib/gcc/avr/4.5.1/avr5/libgcc.a(_div_sf.o)
                                0x210 (size before relaxing)
 .debug_str     0x00002960        0x8 /usr/local/CrossPack-AVR-20120217/lib/gcc/avr/4.5.1/avr5/libgcc.a(_gt_sf.o)
                                0x1d5 (size before relaxing)
 .debug_str     0x00002968        0x8 /usr/local/CrossPack-AVR-20120217/lib/gcc/avr/4.5.1/avr5/libgcc.a(_ge_sf.o)
                                0x1d5 (size before relaxing)
 .debug_str     0x00002970        0x8 /usr/local/CrossPack-AVR-20120217/lib/gcc/avr/4.5.1/avr5/libgcc.a(_lt_sf.o)
                                0x1d5 (size before relaxing)
 .debug_str     0x00002978       0x27 /usr/local/CrossPack-AVR-20120217/lib/gcc/avr/4.5.1/avr5/libgcc.a(_si_to_sf.o)
                                0x1c4 (size before relaxing)
 .debug_str     0x0000299f        0xa /usr/local/CrossPack-AVR-20120217/lib/gcc/avr/4.5.1/avr5/libgcc.a(_sf_to_si.o)
                                0x1de (size before relaxing)
 .debug_str     0x00000000      0x180 /usr/local/CrossPack-AVR-20120217/lib/gcc/avr/4.5.1/avr5/libgcc.a(_thenan_sf.o)
 .debug_str     0x000029a9       0x14 /usr/local/CrossPack-AVR-20120217/lib/gcc/avr/4.5.1/avr5/libgcc.a(_usi_to_sf.o)
                                0x1c0 (size before relaxing)
 .debug_str     0x000029bd       0x17 /usr/local/CrossPack-AVR-20120217/lib/gcc/avr/4.5.1/avr5/libgcc.a(_clzsi2.o)
                                0x147 (size before relaxing)
 .debug_str     0x000029d4       0x10 /usr/local/CrossPack-AVR-20120217/lib/gcc/avr/4.5.1/avr5/libgcc.a(_pack_sf.o)
                                0x1dd (size before relaxing)
 .debug_str     0x000029e4        0xb /usr/local/CrossPack-AVR-20120217/lib/gcc/avr/4.5.1/avr5/libgcc.a(_unpack_sf.o)
                                0x1bf (size before relaxing)
 .debug_str     0x000029ef       0x10 /usr/local/CrossPack-AVR-20120217/lib/gcc/avr/4.5.1/avr5/libgcc.a(_fpcmp_parts_sf.o)
                                0x1a3 (size before relaxing)
 .debug_str     0x00000000      0x12a /usr/local/CrossPack-AVR-20120217/lib/gcc/avr/4.5.1/avr5/libgcc.a(_clz.o)

.debug_loc      0x00000000     0x385b
 *(.debug_loc)
 .debug_loc     0x00000000      0x2c1 bigmotor_main.o
 .debug_loc     0x000002c1      0x76a can_msg.o
 .debug_loc     0x00000a2b      0x4c1 calibrations.o
 .debug_loc     0x00000eec      0x136 motor.o
 .debug_loc     0x00001022      0x132 pot.o
 .debug_loc     0x00001154       0x8d encoder.o
 .debug_loc     0x000011e1       0x20 OS_Dispatch.o
 .debug_loc     0x00001201       0xa1 adc.o
 .debug_loc     0x000012a2      0x652 ../core/can.o
 .debug_loc     0x000018f4      0x112 ../core/can_instance.o
 .debug_loc     0x00001a06       0xa8 ../core/can_eid.o
 .debug_loc     0x00001aae      0x1b4 ../core/can_board_msg.o
 .debug_loc     0x00001c62      0x18e ../core/can_buff.o
 .debug_loc     0x00001df0      0x148 ../core/leds.o
 .debug_loc     0x00001f38      0x4dc ../core/pwm.o
 .debug_loc     0x00002414       0x34 ../core/bk_system_defs.o
 .debug_loc     0x00002448      0x611 ../core/configuration.o
 .debug_loc     0x00002a59       0x34 /usr/local/CrossPack-AVR-20120217/lib/gcc/avr/4.5.1/avr5/libgcc.a(_fixunssfsi.o)
 .debug_loc     0x00002a8d      0x31d /usr/local/CrossPack-AVR-20120217/lib/gcc/avr/4.5.1/avr5/libgcc.a(_addsub_sf.o)
 .debug_loc     0x00002daa      0x2a4 /usr/local/CrossPack-AVR-20120217/lib/gcc/avr/4.5.1/avr5/libgcc.a(_mul_sf.o)
 .debug_loc     0x0000304e      0x1ac /usr/local/CrossPack-AVR-20120217/lib/gcc/avr/4.5.1/avr5/libgcc.a(_div_sf.o)
 .debug_loc     0x000031fa       0x48 /usr/local/CrossPack-AVR-20120217/lib/gcc/avr/4.5.1/avr5/libgcc.a(_gt_sf.o)
 .debug_loc     0x00003242       0x48 /usr/local/CrossPack-AVR-20120217/lib/gcc/avr/4.5.1/avr5/libgcc.a(_ge_sf.o)
 .debug_loc     0x0000328a       0x48 /usr/local/CrossPack-AVR-20120217/lib/gcc/avr/4.5.1/avr5/libgcc.a(_lt_sf.o)
 .debug_loc     0x000032d2       0xb4 /usr/local/CrossPack-AVR-20120217/lib/gcc/avr/4.5.1/avr5/libgcc.a(_si_to_sf.o)
 .debug_loc     0x00003386       0x56 /usr/local/CrossPack-AVR-20120217/lib/gcc/avr/4.5.1/avr5/libgcc.a(_sf_to_si.o)
 .debug_loc     0x000033dc       0x96 /usr/local/CrossPack-AVR-20120217/lib/gcc/avr/4.5.1/avr5/libgcc.a(_usi_to_sf.o)
 .debug_loc     0x00003472       0xb2 /usr/local/CrossPack-AVR-20120217/lib/gcc/avr/4.5.1/avr5/libgcc.a(_clzsi2.o)
 .debug_loc     0x00003524      0x1d6 /usr/local/CrossPack-AVR-20120217/lib/gcc/avr/4.5.1/avr5/libgcc.a(_pack_sf.o)
 .debug_loc     0x000036fa      0x111 /usr/local/CrossPack-AVR-20120217/lib/gcc/avr/4.5.1/avr5/libgcc.a(_unpack_sf.o)
 .debug_loc     0x0000380b       0x50 /usr/local/CrossPack-AVR-20120217/lib/gcc/avr/4.5.1/avr5/libgcc.a(_fpcmp_parts_sf.o)

.debug_macinfo
 *(.debug_macinfo)
OUTPUT(bigmotor.elf elf32-avr)
LOAD linker stubs

.debug_pubtypes
                0x00000000      0xa3c
 .debug_pubtypes
                0x00000000       0x3f bigmotor_main.o
 .debug_pubtypes
                0x0000003f       0x61 can_msg.o
 .debug_pubtypes
                0x000000a0       0x39 calibrations.o
 .debug_pubtypes
                0x000000d9       0x47 motor.o
 .debug_pubtypes
                0x00000120       0x31 pot.o
 .debug_pubtypes
                0x00000151       0x12 encoder.o
 .debug_pubtypes
                0x00000163       0x12 OS_Dispatch.o
 .debug_pubtypes
                0x00000175       0x12 adc.o
 .debug_pubtypes
                0x00000187       0x31 ../core/can.o
 .debug_pubtypes
                0x000001b8       0x26 ../core/can_instance.o
 .debug_pubtypes
                0x000001de       0x1d ../core/can_eid.o
 .debug_pubtypes
                0x000001fb       0x4a ../core/can_board_msg.o
 .debug_pubtypes
                0x00000245       0x26 ../core/can_buff.o
 .debug_pubtypes
                0x0000026b       0x35 ../core/leds.o
 .debug_pubtypes
                0x000002a0       0x12 ../core/pwm.o
 .debug_pubtypes
                0x000002b2       0x12 ../core/bk_system_defs.o
 .debug_pubtypes
                0x000002c4       0x12 ../core/OS_timers.o
 .debug_pubtypes
                0x000002d6       0x3f ../core/configuration.o
 .debug_pubtypes
                0x00000315       0x34 /usr/local/CrossPack-AVR-20120217/lib/gcc/avr/4.5.1/avr5/libgcc.a(_fixunssfsi.o)
 .debug_pubtypes
                0x00000349       0x9d /usr/local/CrossPack-AVR-20120217/lib/gcc/avr/4.5.1/avr5/libgcc.a(_addsub_sf.o)
 .debug_pubtypes
                0x000003e6       0x86 /usr/local/CrossPack-AVR-20120217/lib/gcc/avr/4.5.1/avr5/libgcc.a(_mul_sf.o)
 .debug_pubtypes
                0x0000046c       0x86 /usr/local/CrossPack-AVR-20120217/lib/gcc/avr/4.5.1/avr5/libgcc.a(_div_sf.o)
 .debug_pubtypes
                0x000004f2       0x91 /usr/local/CrossPack-AVR-20120217/lib/gcc/avr/4.5.1/avr5/libgcc.a(_gt_sf.o)
 .debug_pubtypes
                0x00000583       0x91 /usr/local/CrossPack-AVR-20120217/lib/gcc/avr/4.5.1/avr5/libgcc.a(_ge_sf.o)
 .debug_pubtypes
                0x00000614       0x91 /usr/local/CrossPack-AVR-20120217/lib/gcc/avr/4.5.1/avr5/libgcc.a(_lt_sf.o)
 .debug_pubtypes
                0x000006a5       0x7e /usr/local/CrossPack-AVR-20120217/lib/gcc/avr/4.5.1/avr5/libgcc.a(_si_to_sf.o)
 .debug_pubtypes
                0x00000723       0x91 /usr/local/CrossPack-AVR-20120217/lib/gcc/avr/4.5.1/avr5/libgcc.a(_sf_to_si.o)
 .debug_pubtypes
                0x000007b4       0x5b /usr/local/CrossPack-AVR-20120217/lib/gcc/avr/4.5.1/avr5/libgcc.a(_thenan_sf.o)
 .debug_pubtypes
                0x0000080f       0x73 /usr/local/CrossPack-AVR-20120217/lib/gcc/avr/4.5.1/avr5/libgcc.a(_usi_to_sf.o)
 .debug_pubtypes
                0x00000882       0x35 /usr/local/CrossPack-AVR-20120217/lib/gcc/avr/4.5.1/avr5/libgcc.a(_clzsi2.o)
 .debug_pubtypes
                0x000008b7       0x86 /usr/local/CrossPack-AVR-20120217/lib/gcc/avr/4.5.1/avr5/libgcc.a(_pack_sf.o)
 .debug_pubtypes
                0x0000093d       0x86 /usr/local/CrossPack-AVR-20120217/lib/gcc/avr/4.5.1/avr5/libgcc.a(_unpack_sf.o)
 .debug_pubtypes
                0x000009c3       0x5b /usr/local/CrossPack-AVR-20120217/lib/gcc/avr/4.5.1/avr5/libgcc.a(_fpcmp_parts_sf.o)
 .debug_pubtypes
                0x00000a1e       0x1e /usr/local/CrossPack-AVR-20120217/lib/gcc/avr/4.5.1/avr5/libgcc.a(_clz.o)

.debug_ranges   0x00000000      0x390
 .debug_ranges  0x00000000       0xa8 can_msg.o
 .debug_ranges  0x000000a8       0x48 motor.o
 .debug_ranges  0x000000f0       0x98 pot.o
 .debug_ranges  0x00000188       0x18 encoder.o
 .debug_ranges  0x000001a0       0x18 adc.o
 .debug_ranges  0x000001b8       0x60 ../core/can.o
 .debug_ranges  0x00000218       0x18 ../core/can_instance.o
 .debug_ranges  0x00000230       0x18 ../core/can_board_msg.o
 .debug_ranges  0x00000248       0x30 ../core/can_buff.o
 .debug_ranges  0x00000278       0x68 ../core/pwm.o
 .debug_ranges  0x000002e0       0x18 ../core/OS_timers.o
 .debug_ranges  0x000002f8       0x18 ../core/configuration.o
 .debug_ranges  0x00000310       0x30 /usr/local/CrossPack-AVR-20120217/lib/gcc/avr/4.5.1/avr5/libgcc.a(_mul_sf.o)
 .debug_ranges  0x00000340       0x38 /usr/local/CrossPack-AVR-20120217/lib/gcc/avr/4.5.1/avr5/libgcc.a(_div_sf.o)
 .debug_ranges  0x00000378       0x18 /usr/local/CrossPack-AVR-20120217/lib/gcc/avr/4.5.1/avr5/libgcc.a(_si_to_sf.o)
